Microchip MPLAB XC8 Compiler V3.00

Linker command line:

-W-3 \
  --edf=/Applications/microchip/mplabx/v6.25/packs/Microchip/PIC18F-K_DFP/1.14.301/xc8/pic/dat/20241213203129_en.msgs \
  -cn -h+dist/default/debug/inLab09.X.debug.sym \
  --cmf=dist/default/debug/inLab09.X.debug.cmf -z -Q18F25K22 \
  -o/tmp/xct32o7WO/driver_tmp_3.o --defsym=__MPLAB_BUILD=1 \
  --fixupoverflow=error -Mdist/default/debug/inLab09.X.debug.map \
  --md=/tmp/xct32o7WO/driver_tmp_0.dat -E1 -ver=XC8 Compiler \
  -ACODE=00h-07FFFh -ACONST=00h-07FFFh -ASMALLCONST=0600h-06FFhx122 \
  -AMEDIUMCONST=0600h-07FFFh -ACOMRAM=01h-05Fh -AABS1=00h-05FFh \
  -ABIGRAM=01h-05FFh -ARAM=060h-0FFh,0100h-01FFhx5 -ABANK0=060h-0FFh \
  -ABANK1=0100h-01FFh -ABANK2=0200h-02FFh -ABANK3=0300h-03FFh \
  -ABANK4=0400h-04FFh -ABANK5=0500h-05FFh -ASFR=0F38h-0F5Fh,0F60h-0FFFh \
  -ABIGSFR=0F38h-0FFFh -ACONFIG=0300000h-030000Dh -AIDLOC=0200000h-0200007h \
  -AEEDATA=0F00000h-0F000FFh -peeprom_data=EEDATA \
  -preset_vec=00h,intcode=8h,intcodelo=18h,sivt_lo,sivt_hi=CODE \
  -ppowerup=CODE,init -pramtop=0600h -psmallconst=SMALLCONST \
  -pmediumconst=MEDIUMCONST -pconst=CONST -AFARRAM=00h-00h \
  -prdata=COMRAM,nvrram=COMRAM,nvbit=COMRAM,rbss=COMRAM,rbit=COMRAM \
  -pfarbss=FARRAM,fardata=FARRAM,nvFARRAM=FARRAM \
  -pintsave_regs=BIGRAM,bigbss=BIGRAM,bigdata=BIGRAM -pbss=RAM \
  -pidata=CODE,irdata=CODE,ibigdata=CODE,ifardata=CODE -prparam=COMRAM \
  /tmp/xct32o7WO/driver_tmp_14.o dist/default/debug/inLab09.X.debug.o 

Object code version is 3.11

Machine type is 18F25K22



                Name                               Link     Load   Length Selector   Space Scale
/tmp/xct32o7WO/driver_tmp_14.o
                config                           300000   300000        E        0       4
                init                                 4C       4C        4        4       0
                reset_vec                             0        0        4        0       0
dist/default/debug/inLab09.X.debug.o
                intcode                               8        8       44        4       0
                config                           300000   300000        E        0       4
                temp                                 59       59        1        1       1
                mediumconst                        7A9E     7A9E      562     3D4F       0
                text47                             187E     187E        A        4       0
                text46                             162A     162A       36        4       0
                text45                             189C     189C        2        4       0
                text44                             16C8     16C8       32        4       0
                text42                             181C     181C       14        4       0
                text41                             189A     189A        2        4       0
                text40                             1890     1890        6        4       0
                text39                             1472     1472       88        4       0
                text38                             1802     1802       1A        4       0
                text37                             172A     172A       26        4       0
                text36                             1888     1888        8        4       0
                text35                             1792     1792       1E        4       0
                text34                              E7E      E7E       CA        4       0
                text33                              F48      F48       C8        4       0
                text32                             1010     1010       C2        4       0
                text31                             10D2     10D2       AE        4       0
                text30                             1694     1694       34        4       0
                text29                             1540     1540       40        4       0
                text28                             12C6     12C6       96        4       0
                text27                              C1C      C1C      168        4       0
                text26                             1180     1180       AC        4       0
                text25                              D84      D84       FA        4       0
                text24                              66C      66C      25A        4       0
                text23                             14FA     14FA       46        4       0
                text22                             1774     1774       1E        4       0
                text21                              AB0      AB0      16C        4       0
                text20                             15F2     15F2       38        4       0
                text19                             122C     122C       9A        4       0
                text18                             135C     135C       8E        4       0
                text17                             1896     1896        4        4       0
                text16                             13EA     13EA       88        4       0
                text15                             183E     183E        E        4       0
                text14                             17CC     17CC       1C        4       0
                text13                             17B0     17B0       1C        4       0
                text12                             15BA     15BA       38        4       0
                text11                             1874     1874        A        4       0
                text10                             186A     186A        A        4       0
                text9                              1860     1860        A        4       0
                text8                              1660     1660       34        4       0
                text7                              16FA     16FA       30        4       0
                text6                              1830     1830        E        4       0
                text5                              1856     1856        A        4       0
                text4                              1750     1750       24        4       0
                text3                              17E8     17E8       1A        4       0
                text2                              184C     184C        A        4       0
                text1                               8C6      8C6      1EA        4       0
                text0                                50       50      61C        4       0
                cstackCOMRAM                          1        1       4D        1       1
                cstackBANK0                          88       88        F       60       1
                bssBIGRAM                            99       99      200       99       1
                bssBANK0                             60       60       28       60       1
                bssCOMRAM                            4E       4E        B        1       1
                cinit                              1580     1580       3A        4       0
                nvBANK0                              97       97        2       60       1

TOTAL           Name                               Link     Load   Length     Space
        CLASS   CODE           
                intcode                               8        8       44         0
                init                                 4C       4C        4         0
                reset_vec                             0        0        4         0
                text47                             187E     187E        A         0
                text46                             162A     162A       36         0
                text45                             189C     189C        2         0
                text44                             16C8     16C8       32         0
                text42                             181C     181C       14         0
                text41                             189A     189A        2         0
                text40                             1890     1890        6         0
                text39                             1472     1472       88         0
                text38                             1802     1802       1A         0
                text37                             172A     172A       26         0
                text36                             1888     1888        8         0
                text35                             1792     1792       1E         0
                text34                              E7E      E7E       CA         0
                text33                              F48      F48       C8         0
                text32                             1010     1010       C2         0
                text31                             10D2     10D2       AE         0
                text30                             1694     1694       34         0
                text29                             1540     1540       40         0
                text28                             12C6     12C6       96         0
                text27                              C1C      C1C      168         0
                text26                             1180     1180       AC         0
                text25                              D84      D84       FA         0
                text24                              66C      66C      25A         0
                text23                             14FA     14FA       46         0
                text22                             1774     1774       1E         0
                text21                              AB0      AB0      16C         0
                text20                             15F2     15F2       38         0
                text19                             122C     122C       9A         0
                text18                             135C     135C       8E         0
                text17                             1896     1896        4         0
                text16                             13EA     13EA       88         0
                text15                             183E     183E        E         0
                text14                             17CC     17CC       1C         0
                text13                             17B0     17B0       1C         0
                text12                             15BA     15BA       38         0
                text11                             1874     1874        A         0
                text10                             186A     186A        A         0
                text9                              1860     1860        A         0
                text8                              1660     1660       34         0
                text7                              16FA     16FA       30         0
                text6                              1830     1830        E         0
                text5                              1856     1856        A         0
                text4                              1750     1750       24         0
                text3                              17E8     17E8       1A         0
                text2                              184C     184C        A         0
                text1                               8C6      8C6      1EA         0
                text0                                50       50      61C         0
                cinit                              1580     1580       3A         0

        CLASS   CONST          

        CLASS   SMALLCONST     

        CLASS   MEDIUMCONST    
                mediumconst                        7A9E     7A9E      562         0

        CLASS   COMRAM         
                temp                                 59       59        1         1
                cstackCOMRAM                          1        1       4D         1
                bssCOMRAM                            4E       4E        B         1

        CLASS   ABS1           

        CLASS   BIGRAM         
                bssBIGRAM                            99       99      200         1

        CLASS   RAM            

        CLASS   BANK0          
                cstackBANK0                          88       88        F         1
                bssBANK0                             60       60       28         1
                nvBANK0                              97       97        2         1

        CLASS   BANK1          

        CLASS   BANK2          

        CLASS   BANK3          

        CLASS   BANK4          

        CLASS   BANK5          

        CLASS   SFR            

        CLASS   BIGSFR         

        CLASS   CONFIG         
                config                           300000   300000        E         4

        CLASS   IDLOC          

        CLASS   EEDATA         

        CLASS   FARRAM         

        CLASS   HEAP           

        CLASS   STACK          



SEGMENTS        Name                           Load    Length   Top    Selector   Space  Class

                reset_vec                      000000  000004  000004         0       0  CODE    
                cstackCOMRAM                   000001  000059  00005A         1       1  COMRAM  
                bssBIGRAM                      000099  000200  000299        99       1  BIGRAM  
                bssBANK0                       000060  000039  000099        60       1  BANK0   
                intcode                        000008  001896  00189E         4       0  CODE    
                mediumconst                    007A9E  000562  008000      3D4F       0  MEDIUMCO


UNUSED ADDRESS RANGES

        Name                Unused          Largest block    Delta
        BANK2            000299-0002FF               67
        BANK3            000300-0003FF              100
        BANK4            000400-0004FF              100
        BANK5            000500-0005FF              100
        BIGRAM           00005A-00005F                6
                         000299-0005FF              367
        BIGSFR           000F38-000FFF               C8
        CODE             000004-000007                4
                         00189E-007A9D             6200
        COMRAM           00005A-00005F                6
        CONST            000004-000007                4
                         00189E-007A9D             6200
        EEDATA           F00000-F000FF              100
        IDLOC            200000-200007                8
        MEDIUMCONST      00189E-007A9D             6200
        RAM              000299-0005FF              100
        SFR              000F38-000FFF               28
        SMALLCONST       00189E-007A9D              100

                                  Symbol Table

?___awdiv                                            cstackCOMRAM 000007
?___awmod                                            cstackCOMRAM 000007
?_abs                                                cstackCOMRAM 00000D
?_printf                                             cstackCOMRAM 000042
?_read_prec_or_width                                 cstackCOMRAM 000007
?_vfprintf                                           cstackCOMRAM 00003B
EUSART1_FramingErrorCallbackRegister@callbackHandler cstackCOMRAM 000007
EUSART1_OverrunErrorCallbackRegister@callbackHandler cstackCOMRAM 000007
EUSART1_Write@txData                                 cstackCOMRAM 000007
INT0_SetInterruptHandler@InterruptHandler            cstackCOMRAM 000007
INT1_SetInterruptHandler@InterruptHandler            cstackCOMRAM 000007
INT2_SetInterruptHandler@InterruptHandler            cstackCOMRAM 000007
SDCARD_Initialize@i                                  cstackCOMRAM 000049
SDCARD_Initialize@response                           cstackCOMRAM 00004C
SDCARD_Initialize@verbose                            cstackCOMRAM 00004B
SDCARD_PollWriteComplete@status                      cstackCOMRAM 000008
SDCARD_ReadBlock@addr                                cstackCOMRAM 000008
SDCARD_ReadBlock@i                                   cstackCOMRAM 00000E
SDCARD_ReadBlock@sdCardBuffer                        cstackCOMRAM 00000C
SDCARD_WriteBlock@addr                               cstackCOMRAM 000008
SDCARD_WriteBlock@i                                  cstackCOMRAM 00000E
SDCARD_WriteBlock@sdCardBuffer                       cstackCOMRAM 00000C
SPI2_ByteExchange@byteData                           cstackCOMRAM 000007
SPI2_Open@spiConfigIndex                             cstackCOMRAM 000007
TMR0_CounterSet@counterValue                         cstackCOMRAM 000007
TMR0_OverflowCallbackRegister@callbackHandler        cstackCOMRAM 000007
_ANSELA                                              (abs)        000F38
_ANSELB                                              (abs)        000F39
_ANSELC                                              (abs)        000F3A
_BAUDCON1                                            (abs)        000FB8
_BAUDCON1bits                                        (abs)        000FB8
_CLOCK_Initialize                                    text15       00183E
_EUSART1_AutoBaudQuery                               (abs)        000000
_EUSART1_AutoBaudSet                                 (abs)        000000
_EUSART1_DefaultFramingErrorCallback                 text41       00189A
_EUSART1_DefaultOverrunErrorCallback                 text40       001890
_EUSART1_Deinitialize                                (abs)        000000
_EUSART1_ErrorGet                                    (abs)        000000
_EUSART1_FramingErrorCallbackRegister                text14       0017CC
_EUSART1_FramingErrorHandler                         bssBANK0     000064
_EUSART1_Initialize                                  text12       0015BA
_EUSART1_IsRxReady                                   text42       00181C
_EUSART1_IsTxDone                                    (abs)        000000
_EUSART1_IsTxReady                                   text37       00172A
_EUSART1_IsTxReady$1654                              cstackCOMRAM 000007
_EUSART1_OverrunErrorCallbackRegister                text13       0017B0
_EUSART1_OverrunErrorHandler                         bssBANK0     000062
_EUSART1_Read                                        text39       001472
_EUSART1_TransmitDisable                             (abs)        000000
_EUSART1_TransmitEnable                              (abs)        000000
_EUSART1_Write                                       text36       001888
_INT0_DefaultInterruptHandler                        (abs)        000000
_INT0_InterruptHandler                               bssCOMRAM    000056
_INT0_SetInterruptHandler                            text11       001874
_INT1_DefaultInterruptHandler                        (abs)        000000
_INT1_InterruptHandler                               bssCOMRAM    000054
_INT1_SetInterruptHandler                            text10       00186A
_INT2_DefaultInterruptHandler                        (abs)        000000
_INT2_InterruptHandler                               bssCOMRAM    000052
_INT2_SetInterruptHandler                            text9        001860
_INTCON2bits                                         (abs)        000FF1
_INTCON3bits                                         (abs)        000FF0
_INTCONbits                                          (abs)        000FF2
_INTERRUPT_Initialize                                text8        001660
_INTERRUPT_InterruptManager                          intcode      000008
_IOCB                                                (abs)        000F62
_LATA                                                (abs)        000F89
_LATAbits                                            (abs)        000F89
_LATB                                                (abs)        000F8A
_LATBbits                                            (abs)        000F8A
_LATC                                                (abs)        000F8B
_LATCbits                                            (abs)        000F8B
_OSCCON                                              (abs)        000FD3
_OSCCON2                                             (abs)        000FD2
_OSCTUNE                                             (abs)        000F9B
_PIE3bits                                            (abs)        000FA3
_PIN_MANAGER_Initialize                              text7        0016FA
_PIR1bits                                            (abs)        000F9E
_PIR3bits                                            (abs)        000FA4
_RCONbits                                            (abs)        000FD0
_RCREG1                                              (abs)        000FAE
_RCSTA1                                              (abs)        000FAB
_RCSTA1bits                                          (abs)        000FAB
_SDCARD_Initialize                                   text21       000AB0
_SDCARD_PollWriteComplete                            text20       0015F2
_SDCARD_ReadBlock                                    text19       00122C
_SDCARD_WriteBlock                                   text18       00135C
_SPBRG1                                              (abs)        000FAF
_SPBRGH1                                             (abs)        000FB0
_SPI2_BufferExchange                                 (abs)        000000
_SPI2_BufferRead                                     (abs)        000000
_SPI2_BufferWrite                                    (abs)        000000
_SPI2_ByteExchange                                   text38       001802
_SPI2_ByteRead                                       (abs)        000000
_SPI2_ByteWrite                                      (abs)        000000
_SPI2_Close                                          text17       001896
_SPI2_Deinitialize                                   (abs)        000000
_SPI2_Host                                           mediumconst  007ACF
_SPI2_Initialize                                     text6        001830
_SPI2_IsRxReady                                      (abs)        000000
_SPI2_IsTxReady                                      (abs)        000000
_SPI2_Open                                           text16       0013EA
_SSP2ADD                                             (abs)        000F6E
_SSP2BUF                                             (abs)        000F6F
_SSP2CON1                                            (abs)        000F6C
_SSP2CON1bits                                        (abs)        000F6C
_SSP2CON3                                            (abs)        000F69
_SSP2STAT                                            (abs)        000F6D
_SYSTEM_Initialize                                   text3        0017E8
_T0CON                                               (abs)        000FD5
_T0CONbits                                           (abs)        000FD5
_TMR0H                                               (abs)        000FD7
_TMR0L                                               (abs)        000FD6
_TMR0_CounterSet                                     text2        00184C
_TMR0_DefaultOverflowCallback                        text45       00189C
_TMR0_Initialize                                     text4        001750
_TMR0_OverflowCallback                               nvBANK0      000097
_TMR0_OverflowCallbackRegister                       text5        001856
_TMR0_OverflowISR                                    text44       0016C8
_TRISA                                               (abs)        000F92
_TRISB                                               (abs)        000F93
_TRISC                                               (abs)        000F94
_TRISE                                               (abs)        000F96
_TXREG1                                              (abs)        000FAD
_TXSTA1                                              (abs)        000FAC
_TXSTA1bits                                          (abs)        000FAC
_UART1                                               mediumconst  007A9F
_WPUB                                                (abs)        000F61
__HRAM                                               (abs)        000000
__H__absolute__                                      __absolute__ 000000
__Habs1                                              abs1         000000
__Hbank0                                             bank0        000000
__Hbank1                                             bank1        000000
__Hbank2                                             bank2        000000
__Hbank3                                             bank3        000000
__Hbank4                                             bank4        000000
__Hbank5                                             bank5        000000
__Hbigbss                                            bigbss       000000
__Hbigdata                                           bigdata      000000
__Hbigram                                            bigram       000000
__Hbigsfr                                            bigsfr       000000
__Hbss                                               bss          000000
__HbssBANK0                                          bssBANK0     000000
__HbssBIGRAM                                         bssBIGRAM    000000
__HbssCOMRAM                                         bssCOMRAM    000000
__Hcinit                                             cinit        000000
__Hclrtext                                           clrtext      000000
__Hcomram                                            comram       000000
__Hconfig                                            config       30000E
__Hconst                                             const        000000
__HcstackBANK0                                       cstackBANK0  000000
__HcstackCOMRAM                                      cstackCOMRAM 000000
__Hdata                                              data         000000
__Heeprom_data                                       eeprom_data  000000
__Hfarbss                                            farbss       000000
__Hfardata                                           fardata      000000
__Hheap                                              heap         000000
__Hibigdata                                          ibigdata     000000
__Hidata                                             idata        000000
__Hidloc                                             idloc        000000
__Hifardata                                          ifardata     000000
__Hinit                                              init         000050
__Hintcode                                           intcode      00004C
__Hintcode_body                                      intcode_body 000000
__Hintcodelo                                         intcodelo    000018
__Hintentry                                          intentry     000000
__Hintret                                            intret       000000
__Hintsave_regs                                      intsave_regs 000000
__Hirdata                                            irdata       000000
__Hmediumconst                                       mediumconst  008000
__HnvBANK0                                           nvBANK0      000000
__HnvFARRAM                                          nvFARRAM     000000
__Hnvbit                                             nvbit        000000
__Hnvrram                                            nvrram       000000
__Hparam                                             rparam       000000
__Hpowerup                                           powerup      000000
__Hram                                               ram          000000
__Hramtop                                            ramtop       000600
__Hrbit                                              rbit         000000
__Hrbss                                              rbss         000000
__Hrdata                                             rdata        000000
__Hreset_vec                                         reset_vec    000004
__Hrparam                                            rparam       000000
__Hsfr                                               sfr          000000
__Hsivt_hi                                           sivt_hi      000000
__Hsivt_lo                                           sivt_lo      000018
__Hsmallconst                                        smallconst   000000
__Hspace_0                                           (abs)        008000
__Hspace_1                                           (abs)        000299
__Hspace_2                                           (abs)        000000
__Hspace_4                                           (abs)        60000E
__Hstack                                             stack        000000
__Hstruct                                            struct       000000
__Htemp                                              temp         00005A
__Htext                                              text         000000
__Htext0                                             text0        000000
__Htext1                                             text1        000000
__Htext10                                            text10       000000
__Htext11                                            text11       000000
__Htext12                                            text12       000000
__Htext13                                            text13       000000
__Htext14                                            text14       000000
__Htext15                                            text15       000000
__Htext16                                            text16       000000
__Htext17                                            text17       000000
__Htext18                                            text18       000000
__Htext19                                            text19       000000
__Htext2                                             text2        000000
__Htext20                                            text20       000000
__Htext21                                            text21       000000
__Htext22                                            text22       000000
__Htext23                                            text23       000000
__Htext24                                            text24       000000
__Htext25                                            text25       000000
__Htext26                                            text26       000000
__Htext27                                            text27       000000
__Htext28                                            text28       000000
__Htext29                                            text29       000000
__Htext3                                             text3        000000
__Htext30                                            text30       000000
__Htext31                                            text31       000000
__Htext32                                            text32       000000
__Htext33                                            text33       000000
__Htext34                                            text34       000000
__Htext35                                            text35       000000
__Htext36                                            text36       000000
__Htext37                                            text37       000000
__Htext38                                            text38       000000
__Htext39                                            text39       000000
__Htext4                                             text4        000000
__Htext40                                            text40       000000
__Htext41                                            text41       000000
__Htext42                                            text42       000000
__Htext44                                            text44       000000
__Htext45                                            text45       000000
__Htext46                                            text46       000000
__Htext47                                            text47       000000
__Htext5                                             text5        000000
__Htext6                                             text6        000000
__Htext7                                             text7        000000
__Htext8                                             text8        000000
__Htext9                                             text9        000000
__LRAM                                               (abs)        000001
__L__absolute__                                      __absolute__ 000000
__Labs1                                              abs1         000000
__Lbank0                                             bank0        000000
__Lbank1                                             bank1        000000
__Lbank2                                             bank2        000000
__Lbank3                                             bank3        000000
__Lbank4                                             bank4        000000
__Lbank5                                             bank5        000000
__Lbigbss                                            bigbss       000000
__Lbigdata                                           bigdata      000000
__Lbigram                                            bigram       000000
__Lbigsfr                                            bigsfr       000000
__Lbss                                               bss          000000
__LbssBANK0                                          bssBANK0     000000
__LbssBIGRAM                                         bssBIGRAM    000000
__LbssCOMRAM                                         bssCOMRAM    000000
__Lcinit                                             cinit        000000
__Lclrtext                                           clrtext      000000
__Lcomram                                            comram       000000
__Lconfig                                            config       000000
__Lconst                                             const        000000
__LcstackBANK0                                       cstackBANK0  000000
__LcstackCOMRAM                                      cstackCOMRAM 000000
__Ldata                                              data         000000
__Leeprom_data                                       eeprom_data  000000
__Lfarbss                                            farbss       000000
__Lfardata                                           fardata      000000
__Lheap                                              heap         000000
__Libigdata                                          ibigdata     000000
__Lidata                                             idata        000000
__Lidloc                                             idloc        000000
__Lifardata                                          ifardata     000000
__Linit                                              init         00004C
__Lintcode                                           intcode      000008
__Lintcode_body                                      intcode_body 000000
__Lintcodelo                                         intcodelo    000018
__Lintentry                                          intentry     000000
__Lintret                                            intret       000000
__Lintsave_regs                                      intsave_regs 000000
__Lirdata                                            irdata       000000
__Lmediumconst                                       mediumconst  007A9E
__LnvBANK0                                           nvBANK0      000000
__LnvFARRAM                                          nvFARRAM     000000
__Lnvbit                                             nvbit        000000
__Lnvrram                                            nvrram       000000
__Lparam                                             rparam       000000
__Lpowerup                                           powerup      000000
__Lram                                               ram          000000
__Lramtop                                            ramtop       000600
__Lrbit                                              rbit         000000
__Lrbss                                              rbss         000000
__Lrdata                                             rdata        000000
__Lreset_vec                                         reset_vec    000000
__Lrparam                                            rparam       000000
__Lsfr                                               sfr          000000
__Lsivt_hi                                           sivt_hi      000000
__Lsivt_lo                                           sivt_lo      000018
__Lsmallconst                                        smallconst   000000
__Lspace_0                                           (abs)        000000
__Lspace_1                                           (abs)        000000
__Lspace_2                                           (abs)        000000
__Lspace_4                                           (abs)        000000
__Lstack                                             stack        000000
__Lstruct                                            struct       000000
__Ltemp                                              temp         000059
__Ltext                                              text         000000
__Ltext0                                             text0        000000
__Ltext1                                             text1        000000
__Ltext10                                            text10       000000
__Ltext11                                            text11       000000
__Ltext12                                            text12       000000
__Ltext13                                            text13       000000
__Ltext14                                            text14       000000
__Ltext15                                            text15       000000
__Ltext16                                            text16       000000
__Ltext17                                            text17       000000
__Ltext18                                            text18       000000
__Ltext19                                            text19       000000
__Ltext2                                             text2        000000
__Ltext20                                            text20       000000
__Ltext21                                            text21       000000
__Ltext22                                            text22       000000
__Ltext23                                            text23       000000
__Ltext24                                            text24       000000
__Ltext25                                            text25       000000
__Ltext26                                            text26       000000
__Ltext27                                            text27       000000
__Ltext28                                            text28       000000
__Ltext29                                            text29       000000
__Ltext3                                             text3        000000
__Ltext30                                            text30       000000
__Ltext31                                            text31       000000
__Ltext32                                            text32       000000
__Ltext33                                            text33       000000
__Ltext34                                            text34       000000
__Ltext35                                            text35       000000
__Ltext36                                            text36       000000
__Ltext37                                            text37       000000
__Ltext38                                            text38       000000
__Ltext39                                            text39       000000
__Ltext4                                             text4        000000
__Ltext40                                            text40       000000
__Ltext41                                            text41       000000
__Ltext42                                            text42       000000
__Ltext44                                            text44       000000
__Ltext45                                            text45       000000
__Ltext46                                            text46       000000
__Ltext47                                            text47       000000
__Ltext5                                             text5        000000
__Ltext6                                             text6        000000
__Ltext7                                             text7        000000
__Ltext8                                             text8        000000
__Ltext9                                             text9        000000
__S0                                                 (abs)        008000
__S1                                                 (abs)        000299
__S4                                                 (abs)        000000
__S5                                                 (abs)        000000
___awdiv                                             text32       001010
___awdiv@counter                                     cstackCOMRAM 00000B
___awdiv@dividend                                    cstackCOMRAM 000007
___awdiv@divisor                                     cstackCOMRAM 000009
___awdiv@quotient                                    cstackCOMRAM 00000D
___awdiv@sign                                        cstackCOMRAM 00000C
___awmod                                             text31       0010D2
___awmod@counter                                     cstackCOMRAM 00000B
___awmod@dividend                                    cstackCOMRAM 000007
___awmod@divisor                                     cstackCOMRAM 000009
___awmod@sign                                        cstackCOMRAM 00000C
___heap_hi                                           (abs)        000000
___heap_lo                                           (abs)        000000
___inthi_sp                                          stack        000000
___inthi_stack_hi                                    stack        000000
___inthi_stack_lo                                    stack        000000
___intlo_sp                                          stack        000000
___intlo_stack_hi                                    stack        000000
___intlo_stack_lo                                    stack        000000
___param_bank                                        (abs)        000000
___rparam_used                                       (abs)        000001
___sp                                                stack        000000
___stack_hi                                          stack        000000
___stack_lo                                          stack        000000
__accesstop                                          (abs)        000060
__activetblptr                                       (abs)        000002
__end_of_CLOCK_Initialize                            text15       00184C
__end_of_EUSART1_DefaultFramingErrorCallback         text41       00189C
__end_of_EUSART1_DefaultOverrunErrorCallback         text40       001896
__end_of_EUSART1_FramingErrorCallbackRegister        text14       0017E8
__end_of_EUSART1_Initialize                          text12       0015F2
__end_of_EUSART1_IsRxReady                           text42       001830
__end_of_EUSART1_IsTxReady                           text37       001750
__end_of_EUSART1_OverrunErrorCallbackRegister        text13       0017CC
__end_of_EUSART1_Read                                text39       0014FA
__end_of_EUSART1_Write                               text36       001890
__end_of_INT0_SetInterruptHandler                    text11       00187E
__end_of_INT1_SetInterruptHandler                    text10       001874
__end_of_INT2_SetInterruptHandler                    text9        00186A
__end_of_INTERRUPT_Initialize                        text8        001694
__end_of_INTERRUPT_InterruptManager                  intcode      00004C
__end_of_PIN_MANAGER_Initialize                      text7        00172A
__end_of_SDCARD_Initialize                           text21       000C1C
__end_of_SDCARD_PollWriteComplete                    text20       00162A
__end_of_SDCARD_ReadBlock                            text19       0012C6
__end_of_SDCARD_WriteBlock                           text18       0013EA
__end_of_SPI2_ByteExchange                           text38       00181C
__end_of_SPI2_Close                                  text17       00189A
__end_of_SPI2_Host                                   mediumconst  007AEB
__end_of_SPI2_Initialize                             text6        00183E
__end_of_SPI2_Open                                   text16       001472
__end_of_SYSTEM_Initialize                           text3        001802
__end_of_TMR0_CounterSet                             text2        001856
__end_of_TMR0_DefaultOverflowCallback                text45       00189E
__end_of_TMR0_Initialize                             text4        001774
__end_of_TMR0_OverflowCallbackRegister               text5        001860
__end_of_TMR0_OverflowISR                            text44       0016FA
__end_of_UART1                                       mediumconst  007ACF
__end_of___awdiv                                     text32       0010D2
__end_of___awmod                                     text31       001180
__end_of__initialization                             cinit        0015AC
__end_of_abs                                         text30       0016C8
__end_of_ctoa                                        text33       001010
__end_of_dtoa                                        text27       000D84
__end_of_fputc                                       text34       000F48
__end_of_fputs                                       text29       001580
__end_of_hexDumpBuffer                               text1        000AB0
__end_of_main                                        text0        00066C
__end_of_myTMR0ISR                                   text46       001660
__end_of_pad                                         text28       00135C
__end_of_printf                                      text22       001792
__end_of_putch                                       text35       0017B0
__end_of_read_prec_or_width                          text26       00122C
__end_of_spi2_configuration                          mediumconst  007AFA
__end_of_vfpfcnvrt                                   text24       0008C6
__end_of_vfprintf                                    text23       001540
__end_of_xtoa                                        text25       000E7E
__end_ofi2_TMR0_CounterSet                           text47       001888
__initialization                                     cinit        001580
__mediumconst                                        mediumconst  007A9E
__pbssBANK0                                          bssBANK0     000060
__pbssBIGRAM                                         bssBIGRAM    000099
__pbssCOMRAM                                         bssCOMRAM    00004E
__pcinit                                             cinit        001580
__pcstackBANK0                                       cstackBANK0  000088
__pcstackCOMRAM                                      cstackCOMRAM 000001
__pintcode                                           intcode      000008
__pmediumconst                                       mediumconst  007A9E
__pnvBANK0                                           nvBANK0      000097
__ptext0                                             text0        000050
__ptext1                                             text1        0008C6
__ptext10                                            text10       00186A
__ptext11                                            text11       001874
__ptext12                                            text12       0015BA
__ptext13                                            text13       0017B0
__ptext14                                            text14       0017CC
__ptext15                                            text15       00183E
__ptext16                                            text16       0013EA
__ptext17                                            text17       001896
__ptext18                                            text18       00135C
__ptext19                                            text19       00122C
__ptext2                                             text2        00184C
__ptext20                                            text20       0015F2
__ptext21                                            text21       000AB0
__ptext22                                            text22       001774
__ptext23                                            text23       0014FA
__ptext24                                            text24       00066C
__ptext25                                            text25       000D84
__ptext26                                            text26       001180
__ptext27                                            text27       000C1C
__ptext28                                            text28       0012C6
__ptext29                                            text29       001540
__ptext3                                             text3        0017E8
__ptext30                                            text30       001694
__ptext31                                            text31       0010D2
__ptext32                                            text32       001010
__ptext33                                            text33       000F48
__ptext34                                            text34       000E7E
__ptext35                                            text35       001792
__ptext36                                            text36       001888
__ptext37                                            text37       00172A
__ptext38                                            text38       001802
__ptext39                                            text39       001472
__ptext4                                             text4        001750
__ptext40                                            text40       001890
__ptext41                                            text41       00189A
__ptext42                                            text42       00181C
__ptext44                                            text44       0016C8
__ptext45                                            text45       00189C
__ptext46                                            text46       00162A
__ptext47                                            text47       00187E
__ptext5                                             text5        001856
__ptext6                                             text6        001830
__ptext7                                             text7        0016FA
__ptext8                                             text8        001660
__ptext9                                             text9        001860
__ramtop                                             ramtop       000600
__smallconst                                         mediumconst  007A9E
_abs                                                 text30       001694
_ctoa                                                text33       000F48
_dbuf                                                bssBANK0     000068
_dtoa                                                text27       000C1C
_dtoa$2243                                           cstackCOMRAM 000024
_eusart1RxLastError                                  bssBANK0     000066
_flags                                               bssCOMRAM    000058
_fputc                                               text34       000E7E
_fputs                                               text29       001540
_hexDumpBuffer                                       text1        0008C6
_main                                                text0        000050
_myTMR0ISR                                           text46       00162A
_pad                                                 text28       0012C6
_prec                                                bssBANK0     000060
_printf                                              text22       001774
_putch                                               text35       001792
_read_prec_or_width                                  text26       001180
_sdCardBuffer                                        bssBIGRAM    000099
_spi2_configuration                                  mediumconst  007AEB
_tmr0PeriodCount                                     bssCOMRAM    000050
_vfpfcnvrt                                           text24       00066C
_vfprintf                                            text23       0014FA
_width                                               bssCOMRAM    00004E
_xtoa                                                text25       000D84
abs@a                                                cstackCOMRAM 00000D
btemp                                                temp         000059
ctoa@c                                               cstackCOMRAM 000014
ctoa@fp                                              cstackCOMRAM 000012
ctoa@l                                               cstackCOMRAM 000016
ctoa@w                                               cstackCOMRAM 000018
dtoa@d                                               cstackCOMRAM 000022
dtoa@fp                                              cstackCOMRAM 000020
dtoa@i                                               cstackCOMRAM 00002A
dtoa@p                                               cstackCOMRAM 000026
dtoa@s                                               cstackCOMRAM 000029
dtoa@w                                               cstackCOMRAM 000027
end_of_initialization                                cinit        0015AC
fputc@c                                              cstackCOMRAM 000009
fputc@fp                                             cstackCOMRAM 00000B
fputs@c                                              cstackCOMRAM 000015
fputs@fp                                             cstackCOMRAM 000013
fputs@i                                              cstackCOMRAM 000016
fputs@s                                              cstackCOMRAM 000012
hexDumpBuffer@i                                      cstackBANK0  00008C
hexDumpBuffer@j                                      cstackBANK0  000088
hexDumpBuffer@j_1728                                 cstackBANK0  00008A
hexDumpBuffer@sdCardBuffer                           cstackCOMRAM 000049
i2TMR0_CounterSet@counterValue                       cstackCOMRAM 000001
i2_TMR0_CounterSet                                   text47       00187E
int$flags                                            temp         000059
intlevel0                                            text         000000
intlevel1                                            text         000000
intlevel2                                            text         000000
intlevel3                                            text         000000
isa$std                                              (abs)        000001
isa$xinst                                            (abs)        000000
main@cmd                                             cstackBANK0  000090
main@i                                               cstackBANK0  000091
main@letter                                          cstackBANK0  00008F
main@sdCardAddress                                   cstackBANK0  000093
main@status                                          cstackBANK0  00008E
myTMR0ISR@bigOleWasteOfTime                          cstackCOMRAM 000003
pad@buf                                              cstackCOMRAM 00001A
pad@fp                                               cstackCOMRAM 000018
pad@i                                                cstackCOMRAM 00001E
pad@p                                                cstackCOMRAM 00001B
printf@ap                                            cstackCOMRAM 000048
printf@fmt                                           cstackCOMRAM 000042
putch@txData                                         cstackCOMRAM 000008
read_prec_or_width@ap                                cstackCOMRAM 000008
read_prec_or_width@c                                 cstackCOMRAM 00000B
read_prec_or_width@fmt                               cstackCOMRAM 000007
read_prec_or_width@n                                 cstackCOMRAM 00000C
stackhi                                              (abs)        000000
stacklo                                              (abs)        000000
start                                                init         00004C
start_initialization                                 cinit        001580
ttemp5                                               temp         00005A
ttemp6                                               temp         00005D
ttemp7                                               temp         000061
vfpfcnvrt@ap                                         cstackCOMRAM 000030
vfpfcnvrt@c                                          cstackCOMRAM 000033
vfpfcnvrt@convarg                                    cstackCOMRAM 000035
vfpfcnvrt@cp                                         cstackCOMRAM 000039
vfpfcnvrt@done                                       cstackCOMRAM 000034
vfpfcnvrt@fmt                                        cstackCOMRAM 00002F
vfpfcnvrt@fp                                         cstackCOMRAM 00002D
vfprintf@ap                                          cstackCOMRAM 00003F
vfprintf@cfmt                                        cstackCOMRAM 000040
vfprintf@fmt                                         cstackCOMRAM 00003D
vfprintf@fp                                          cstackCOMRAM 00003B
wtemp8                                               temp         00005A
xtoa@c                                               cstackCOMRAM 00002A
xtoa@d                                               cstackCOMRAM 000022
xtoa@fp                                              cstackCOMRAM 000020
xtoa@i                                               cstackCOMRAM 00002B
xtoa@p                                               cstackCOMRAM 000027
xtoa@w                                               cstackCOMRAM 000028


MODULE INFORMATION

Module		Function		Class		Link	Load	Size
/Applications/microchip/xc8/v3.00/pic/sources/c99/common/doprnt.c
		_read_prec_or_width		CODE           	1180	0000	172
		_vfpfcnvrt     		CODE           	066C	0000	602
		_pad           		CODE           	12C6	0000	150
		_ctoa          		CODE           	0F48	0000	200
		_dtoa          		CODE           	0C1C	0000	360
		_vfprintf      		CODE           	14FA	0000	70
		_xtoa          		CODE           	0D84	0000	250

/Applications/microchip/xc8/v3.00/pic/sources/c99/common/doprnt.c estimated size: 1804

/Applications/microchip/xc8/v3.00/pic/sources/c99/common/awmod.c
		___awmod       		CODE           	10D2	0000	174

/Applications/microchip/xc8/v3.00/pic/sources/c99/common/awmod.c estimated size: 174

mcc_generated_files/system/src/interrupt.c
		_INT0_SetInterruptHandler		CODE           	1874	0000	10
		_INT1_SetInterruptHandler		CODE           	186A	0000	10
		_INT2_SetInterruptHandler		CODE           	1860	0000	10
		_INTERRUPT_Initialize		CODE           	1660	0000	52
		_INTERRUPT_InterruptManager		CODE           	0008	0000	68

mcc_generated_files/system/src/interrupt.c estimated size: 150

/Applications/microchip/xc8/v3.00/pic/sources/c99/common/nf_fputc.c
		_fputc         		CODE           	0E7E	0000	202

/Applications/microchip/xc8/v3.00/pic/sources/c99/common/nf_fputc.c estimated size: 202

mcc_generated_files/system/src/pins.c
		_PIN_MANAGER_Initialize		CODE           	16FA	0000	48

mcc_generated_files/system/src/pins.c estimated size: 48

/Applications/microchip/xc8/v3.00/pic/sources/c99/common/printf.c
		_printf        		CODE           	1774	0000	30

/Applications/microchip/xc8/v3.00/pic/sources/c99/common/printf.c estimated size: 30

mcc_generated_files/spi/src/mssp2.c
		_SPI2_ByteExchange		CODE           	1802	0000	26
		_SPI2_Open     		CODE           	13EA	0000	136
		_SPI2_Initialize		CODE           	1830	0000	14
		_SPI2_Close    		CODE           	1896	0000	4

mcc_generated_files/spi/src/mssp2.c estimated size: 180

shared
		i2_TMR0_CounterSet		CODE           	187E	0000	10
		__initialization		CODE           	1580	0000	44
		_UART1         		MEDIUMCONST    	7A9F	0000	48
		_SPI2_Host     		MEDIUMCONST    	7ACF	0000	28
		_spi2_configuration		MEDIUMCONST    	7AEB	0000	15

shared estimated size: 145

/Applications/microchip/xc8/v3.00/pic/sources/c99/common/abs.c
		_abs           		CODE           	1694	0000	52

/Applications/microchip/xc8/v3.00/pic/sources/c99/common/abs.c estimated size: 52

/Applications/microchip/xc8/v3.00/pic/sources/c99/common/awdiv.c
		___awdiv       		CODE           	1010	0000	194

/Applications/microchip/xc8/v3.00/pic/sources/c99/common/awdiv.c estimated size: 194

mcc_generated_files/system/src/clock.c
		_CLOCK_Initialize		CODE           	183E	0000	14

mcc_generated_files/system/src/clock.c estimated size: 14

mcc_generated_files/timer/src/tmr0.c
		_TMR0_OverflowCallbackRegister		CODE           	1856	0000	10
		_TMR0_DefaultOverflowCallback		CODE           	189C	0000	2
		_TMR0_CounterSet		CODE           	184C	0000	10
		_TMR0_OverflowISR		CODE           	16C8	0000	50
		_TMR0_Initialize		CODE           	1750	0000	36

mcc_generated_files/timer/src/tmr0.c estimated size: 108

main.c
		_main          		CODE           	0050	0000	1564
		_myTMR0ISR     		CODE           	162A	0000	54

main.c estimated size: 1618

/Applications/microchip/xc8/v3.00/pic/sources/c99/common/nf_fputs.c
		_fputs         		CODE           	1540	0000	64

/Applications/microchip/xc8/v3.00/pic/sources/c99/common/nf_fputs.c estimated size: 64

mcc_generated_files/uart/src/eusart1.c
		_EUSART1_Initialize		CODE           	15BA	0000	56
		_putch         		CODE           	1792	0000	30
		_EUSART1_DefaultFramingErrorCallback		CODE           	189A	0000	2
		_EUSART1_Read  		CODE           	1472	0000	136
		_EUSART1_Write 		CODE           	1888	0000	8
		_EUSART1_FramingErrorCallbackRegister		CODE           	17CC	0000	28
		_EUSART1_IsRxReady		CODE           	181C	0000	20
		_EUSART1_IsTxReady		CODE           	172A	0000	38
		_EUSART1_OverrunErrorCallbackRegister		CODE           	17B0	0000	28
		_EUSART1_DefaultOverrunErrorCallback		CODE           	1890	0000	6

mcc_generated_files/uart/src/eusart1.c estimated size: 352

sdCard.c
		_SDCARD_Initialize		CODE           	0AB0	0000	364
		_hexDumpBuffer 		CODE           	08C6	0000	490
		_SDCARD_PollWriteComplete		CODE           	15F2	0000	56
		_SDCARD_ReadBlock		CODE           	122C	0000	154
		_SDCARD_WriteBlock		CODE           	135C	0000	142

sdCard.c estimated size: 1206

mcc_generated_files/system/src/system.c
		_SYSTEM_Initialize		CODE           	17E8	0000	26

mcc_generated_files/system/src/system.c estimated size: 26

