Microchip MPLAB XC8 Compiler V3.10

Linker command line:

-W-3 --edf=/opt/microchip/xc8/v3.10/pic/dat/20250813170317_en.msgs -cn \
  -h+dist/default/debug/lab6.X.debug.sym \
  --cmf=dist/default/debug/lab6.X.debug.cmf -z -Q18F25K22 \
  -o/tmp/xcXEHkjfO/driver_tmp_3.o --defsym=__MPLAB_BUILD=1 \
  --fixupoverflow=error -Mdist/default/debug/lab6.X.debug.map \
  --md=/tmp/xcXEHkjfO/driver_tmp_0.dat -E1 -ver=XC8 Compiler \
  -ACODE=00h-07FFFh -ACONST=00h-07FFFh -ASMALLCONST=0600h-06FFhx122 \
  -AMEDIUMCONST=0600h-07FFFh -ACOMRAM=01h-05Fh -AABS1=00h-05FFh \
  -ABIGRAM=01h-05FFh -ARAM=060h-0FFh,0100h-01FFhx5 -ABANK0=060h-0FFh \
  -ABANK1=0100h-01FFh -ABANK2=0200h-02FFh -ABANK3=0300h-03FFh \
  -ABANK4=0400h-04FFh -ABANK5=0500h-05FFh -ASFR=0F38h-0F5Fh,0F60h-0FFCh \
  -ABIGSFR=0F38h-0FFCh -ACONFIG=0300000h-030000Dh -AIDLOC=0200000h-0200007h \
  -AEEDATA=0F00000h-0F000FFh -peeprom_data=EEDATA \
  -preset_vec=00h,intcode=8h,intcodelo=18h,sivt_lo,sivt_hi=CODE \
  -ppowerup=CODE,init -pramtop=0600h -psmallconst=SMALLCONST \
  -pmediumconst=MEDIUMCONST -pconst=CONST -AFARRAM=00h-00h \
  -prdata=COMRAM,nvrram=COMRAM,nvbit=COMRAM,rbss=COMRAM,rbit=COMRAM \
  -pfarbss=FARRAM,fardata=FARRAM,nvFARRAM=FARRAM \
  -pintsave_regs=BIGRAM,bigbss=BIGRAM,bigdata=BIGRAM -pbss=RAM \
  -pidata=CODE,irdata=CODE,ibigdata=CODE,ifardata=CODE -prparam=COMRAM \
  /tmp/xcXEHkjfO/driver_tmp_14.o dist/default/debug/lab6.X.debug.o 

Object code version is 3.11

Machine type is 18F25K22



                Name                               Link     Load   Length Selector   Space Scale
/tmp/xcXEHkjfO/driver_tmp_14.o
                config                           300000   300000        E        0       4
                init                                 B8       B8        4        4       0
                reset_vec                             0        0        6        0       0
dist/default/debug/lab6.X.debug.o
                intcode                               8        8       B0        4       0
                config                           300000   300000        E        0       4
                mediumconst                        7BF6     7BF6      40A     3DFB       0
                text52                             1064     1064       9E        4       0
                text51                             172E     172E        2        4       0
                text50                             172C     172C        2        4       0
                text49                             1726     1726        6        4       0
                text48                             1720     1720        6        4       0
                text47                              AC8      AC8      100        4       0
                text46                             14D0     14D0       30        4       0
                text44                             139A     139A       38        4       0
                text43                             1696     1696       14        4       0
                text42                             16F0     16F0        C        4       0
                text41                             16E4     16E4        C        4       0
                text40                             16BA     16BA       10        4       0
                text39                             16AA     16AA       10        4       0
                text38                             1192     1192       82        4       0
                text37                             166C     166C       16        4       0
                text36                             1500     1500       2A        4       0
                text35                             1620     1620       1C        4       0
                text34                             16CA     16CA        E        4       0
                text33                             1654     1654       18        4       0
                text32                             1604     1604       1C        4       0
                text31                             15E8     15E8       1C        4       0
                text30                             13D2     13D2       36        4       0
                text29                             15CC     15CC       1C        4       0
                text28                             15B0     15B0       1C        4       0
                text27                             1278     1278       5C        4       0
                text26                             1710     1710        A        4       0
                text25                             1706     1706        A        4       0
                text24                             16FC     16FC        A        4       0
                text23                             143C     143C       34        4       0
                text22                             14A0     14A0       30        4       0
                text21                             1470     1470       30        4       0
                text20                             163C     163C       18        4       0
                text19                             1550     1550       22        4       0
                text18                             1318     1318       44        4       0
                text17                             1682     1682       14        4       0
                text16                             152A     152A       26        4       0
                text15                             171A     171A        6        4       0
                text14                             1572     1572       20        4       0
                text13                              CC0      CC0       CA        4       0
                text12                              D8A      D8A       C2        4       0
                text11                              E4C      E4C       C0        4       0
                text10                              F0C      F0C       AE        4       0
                text9                              1408     1408       34        4       0
                text8                              135C     135C       3E        4       0
                text7                              1102     1102       90        4       0
                text6                               96A      96A      15E        4       0
                text5                               FBA      FBA       AA        4       0
                text4                               BC8      BC8       F8        4       0
                text3                               712      712      258        4       0
                text2                              12D4     12D4       44        4       0
                text1                              1592     1592       1E        4       0
                text0                                BC       BC      656        4       0
                cstackCOMRAM                          2        2       46        2       1
                cstackBANK0                          CB       CB        A       60       1
                bssBANK1                            100      100       64      100       1
                dataBANK0                            BF       BF        C       60       1
                bssBANK0                             60       60       5F       60       1
                dataCOMRAM                           55       55        1        2       1
                bssCOMRAM                            48       48        D        2       1
                cinit                              1214     1214       64        4       0
                nvBANK0                              D5       D5        6       60       1
                idataBANK0                         16D8     16D8        C        4       0
                idataCOMRAM                        1730     1730        1        4       0

TOTAL           Name                               Link     Load   Length     Space
        CLASS   CODE           
                intcode                               8        8       B0         0
                init                                 B8       B8        4         0
                reset_vec                             0        0        6         0
                text52                             1064     1064       9E         0
                text51                             172E     172E        2         0
                text50                             172C     172C        2         0
                text49                             1726     1726        6         0
                text48                             1720     1720        6         0
                text47                              AC8      AC8      100         0
                text46                             14D0     14D0       30         0
                text44                             139A     139A       38         0
                text43                             1696     1696       14         0
                text42                             16F0     16F0        C         0
                text41                             16E4     16E4        C         0
                text40                             16BA     16BA       10         0
                text39                             16AA     16AA       10         0
                text38                             1192     1192       82         0
                text37                             166C     166C       16         0
                text36                             1500     1500       2A         0
                text35                             1620     1620       1C         0
                text34                             16CA     16CA        E         0
                text33                             1654     1654       18         0
                text32                             1604     1604       1C         0
                text31                             15E8     15E8       1C         0
                text30                             13D2     13D2       36         0
                text29                             15CC     15CC       1C         0
                text28                             15B0     15B0       1C         0
                text27                             1278     1278       5C         0
                text26                             1710     1710        A         0
                text25                             1706     1706        A         0
                text24                             16FC     16FC        A         0
                text23                             143C     143C       34         0
                text22                             14A0     14A0       30         0
                text21                             1470     1470       30         0
                text20                             163C     163C       18         0
                text19                             1550     1550       22         0
                text18                             1318     1318       44         0
                text17                             1682     1682       14         0
                text16                             152A     152A       26         0
                text15                             171A     171A        6         0
                text14                             1572     1572       20         0
                text13                              CC0      CC0       CA         0
                text12                              D8A      D8A       C2         0
                text11                              E4C      E4C       C0         0
                text10                              F0C      F0C       AE         0
                text9                              1408     1408       34         0
                text8                              135C     135C       3E         0
                text7                              1102     1102       90         0
                text6                               96A      96A      15E         0
                text5                               FBA      FBA       AA         0
                text4                               BC8      BC8       F8         0
                text3                               712      712      258         0
                text2                              12D4     12D4       44         0
                text1                              1592     1592       1E         0
                text0                                BC       BC      656         0
                cinit                              1214     1214       64         0
                idataBANK0                         16D8     16D8        C         0
                idataCOMRAM                        1730     1730        1         0

        CLASS   CONST          

        CLASS   SMALLCONST     

        CLASS   MEDIUMCONST    
                mediumconst                        7BF6     7BF6      40A         0

        CLASS   COMRAM         
                cstackCOMRAM                          2        2       46         1
                dataCOMRAM                           55       55        1         1
                bssCOMRAM                            48       48        D         1

        CLASS   ABS1           
                abs_s1                                1        1        1         1

        CLASS   BIGRAM         

        CLASS   RAM            

        CLASS   BANK0          
                cstackBANK0                          CB       CB        A         1
                dataBANK0                            BF       BF        C         1
                bssBANK0                             60       60       5F         1
                nvBANK0                              D5       D5        6         1

        CLASS   BANK1          
                bssBANK1                            100      100       64         1

        CLASS   BANK2          

        CLASS   BANK3          

        CLASS   BANK4          

        CLASS   BANK5          

        CLASS   SFR            

        CLASS   BIGSFR         

        CLASS   CONFIG         
                config                           300000   300000        E         4

        CLASS   IDLOC          

        CLASS   EEDATA         

        CLASS   FARRAM         

        CLASS   HEAP           

        CLASS   STACK          



SEGMENTS        Name                           Load    Length   Top    Selector   Space  Class

                reset_vec                      000000  000006  000006         0       0  CODE    
                cstackCOMRAM                   000002  000054  000056         2       1  COMRAM  
                bssBANK1                       000100  000064  000164       100       1  BANK1   
                bssBANK0                       000060  00007B  0000DB        60       1  BANK0   
                intcode                        000008  001729  001731         4       0  CODE    
                mediumconst                    007BF6  00040A  008000      3DFB       0  MEDIUMCO


UNUSED ADDRESS RANGES

        Name                Unused          Largest block    Delta
        BANK0            0000DB-0000FF               25
        BANK1            000164-0001FF               9C
        BANK2            000200-0002FF              100
        BANK3            000300-0003FF              100
        BANK4            000400-0004FF              100
        BANK5            000500-0005FF              100
        BIGRAM           000056-00005F                A
                         0000DB-0000FF               25
                         000164-0005FF              49C
        BIGSFR           000F38-000FFC               C5
        CODE             000006-000007                2
                         001731-007BF5             64C5
        COMRAM           000056-00005F                A
        CONST            000006-000007                2
                         001731-007BF5             64C5
        EEDATA           F00000-F000FF              100
        IDLOC            200000-200007                8
        MEDIUMCONST      001731-007BF5             64C5
        RAM              0000DB-0000FF               25
                         000164-0005FF              100
        SFR              000F38-000FFC               28
        SMALLCONST       001731-007BF5              100

                                  Symbol Table

?___awdiv                                            cstackCOMRAM 00000A
?___awmod                                            cstackCOMRAM 00000A
?_abs                                                cstackCOMRAM 000010
?_printf                                             cstackBANK0  0000CB
?_read_prec_or_width                                 cstackCOMRAM 00000A
?_vfprintf                                           cstackCOMRAM 00003E
ECCP2_LoadDutyValue@dutyValue                        cstackCOMRAM 00000A
EUSART1_FramingErrorCallbackRegister@callbackHandler cstackCOMRAM 00000A
EUSART1_OverrunErrorCallbackRegister@callbackHandler cstackCOMRAM 00000A
EUSART1_Write@txData                                 cstackCOMRAM 00000A
EUSART2_FramingErrorCallbackRegister@callbackHandler cstackCOMRAM 00000A
EUSART2_OverrunErrorCallbackRegister@callbackHandler cstackCOMRAM 00000A
EUSART2_Read@tempRxTail                              cstackCOMRAM 00000A
EUSART2_ReceiveISR@regValue                          cstackCOMRAM 000002
EUSART2_ReceiveISR@tempRxHead                        cstackCOMRAM 000003
EUSART2_RxCompleteCallbackRegister@callbackHandler   cstackCOMRAM 00000A
EUSART2_TransmitISR@tempTxTail                       cstackCOMRAM 000002
INT0_SetInterruptHandler@InterruptHandler            cstackCOMRAM 00000A
INT1_SetInterruptHandler@InterruptHandler            cstackCOMRAM 00000A
INT2_SetInterruptHandler@InterruptHandler            cstackCOMRAM 00000A
TMR1_CounterSet@onState                              cstackCOMRAM 00000C
TMR1_CounterSet@timerVal                             cstackCOMRAM 00000A
_ANSELA                                              (abs)        000F38
_ANSELB                                              (abs)        000F39
_ANSELC                                              (abs)        000F3A
_BAUDCON1                                            (abs)        000FB8
_BAUDCON1bits                                        (abs)        000FB8
_BAUDCON2                                            (abs)        000F70
_BAUDCON2bits                                        (abs)        000F70
_CCP2CON                                             (abs)        000F66
_CCPR2H                                              (abs)        000F68
_CCPR2L                                              (abs)        000F67
_CCPTMRS0bits                                        (abs)        000F49
_CLOCK_Initialize                                    text34       0016CA
_ECCP2AS                                             (abs)        000F64
_ECCP2_Initialize                                    text33       001654
_ECCP2_LoadDutyValue                                 text44       00139A
_EUSART1_AutoBaudQuery                               (abs)        000000
_EUSART1_AutoBaudSet                                 (abs)        000000
_EUSART1_DefaultFramingErrorCallback                 text41       0016E4
_EUSART1_DefaultFramingErrorCallback$intlevel0       text41       0016EE
_EUSART1_DefaultOverrunErrorCallback                 text39       0016AA
_EUSART1_DefaultOverrunErrorCallback$intlevel0       text39       0016B4
_EUSART1_Deinitialize                                (abs)        000000
_EUSART1_ErrorGet                                    (abs)        000000
_EUSART1_FramingErrorCallbackRegister                text32       001604
_EUSART1_FramingErrorHandler                         bssBANK0     000086
_EUSART1_Initialize                                  text30       0013D2
_EUSART1_IsRxReady                                   text43       001696
_EUSART1_IsTxDone                                    (abs)        000000
_EUSART1_IsTxReady                                   text16       00152A
_EUSART1_IsTxReady$2002                              cstackCOMRAM 00000A
_EUSART1_OverrunErrorCallbackRegister                text31       0015E8
_EUSART1_OverrunErrorHandler                         bssBANK0     000084
_EUSART1_Read                                        text38       001192
_EUSART1_TransmitDisable                             (abs)        000000
_EUSART1_TransmitEnable                              (abs)        000000
_EUSART1_Write                                       text15       00171A
_EUSART2_AutoBaudQuery                               (abs)        000000
_EUSART2_AutoBaudSet                                 (abs)        000000
_EUSART2_DefaultFramingErrorCallback                 text42       0016F0
_EUSART2_DefaultFramingErrorCallback$intlevel0       text42       0016FA
_EUSART2_DefaultOverrunErrorCallback                 text40       0016BA
_EUSART2_DefaultOverrunErrorCallback$intlevel0       text40       0016C4
_EUSART2_Deinitialize                                (abs)        000000
_EUSART2_ErrorGet                                    (abs)        000000
_EUSART2_FramingErrorCallbackRegister                text29       0015CC
_EUSART2_FramingErrorHandler                         bssBANK0     00008C
_EUSART2_Initialize                                  text27       001278
_EUSART2_IsRxReady                                   text37       00166C
_EUSART2_IsTxDone                                    (abs)        000000
_EUSART2_IsTxReady                                   (abs)        000000
_EUSART2_OverrunErrorCallbackRegister                text28       0015B0
_EUSART2_OverrunErrorHandler                         bssBANK0     00008A
_EUSART2_Read                                        text36       001500
_EUSART2_ReceiveISR                                  text47       000AC8
_EUSART2_RxCompleteCallbackRegister                  text35       001620
_EUSART2_RxCompleteInterruptHandler                  bssBANK0     00008E
_EUSART2_RxInterruptHandler                          bssBANK0     00009A
_EUSART2_TransmitDisable                             (abs)        000000
_EUSART2_TransmitEnable                              (abs)        000000
_EUSART2_TransmitISR                                 text46       0014D0
_EUSART2_TxCompleteCallbackRegister                  (abs)        000000
_EUSART2_TxCompleteInterruptHandler                  bssBANK0     000090
_EUSART2_TxInterruptHandler                          bssBANK0     00009C
_EUSART2_Write                                       (abs)        000000
_INT0_DefaultInterruptHandler                        (abs)        000000
_INT0_InterruptHandler                               bssBANK0     000098
_INT0_SetInterruptHandler                            text26       001710
_INT1_DefaultInterruptHandler                        (abs)        000000
_INT1_InterruptHandler                               bssBANK0     000096
_INT1_SetInterruptHandler                            text25       001706
_INT2_DefaultInterruptHandler                        (abs)        000000
_INT2_InterruptHandler                               bssBANK0     000094
_INT2_SetInterruptHandler                            text24       0016FC
_INTCON2bits                                         (abs)        000FF1
_INTCON3bits                                         (abs)        000FF0
_INTCONbits                                          (abs)        000FF2
_INTERRUPT_Initialize                                text23       00143C
_INTERRUPT_InterruptManager                          intcode      000008
_IOCB                                                (abs)        000F62
_IRrecieveBuffer                                     bssBANK1     000132
_LATA                                                (abs)        000F89
_LATB                                                (abs)        000F8A
_LATC                                                (abs)        000F8B
_OSCCON                                              (abs)        000FD3
_OSCCON2                                             (abs)        000FD2
_OSCTUNE                                             (abs)        000F9B
_PIE1bits                                            (abs)        000F9D
_PIE3bits                                            (abs)        000FA3
_PIN_MANAGER_Initialize                              text22       0014A0
_PIR1bits                                            (abs)        000F9E
_PIR3bits                                            (abs)        000FA4
_PR2                                                 (abs)        000FBB
_PSTR2CON                                            (abs)        000F63
_PWM2CON                                             (abs)        000F65
_RCONbits                                            (abs)        000FD0
_RCREG1                                              (abs)        000FAE
_RCREG2                                              (abs)        000F74
_RCSTA1                                              (abs)        000FAB
_RCSTA1bits                                          (abs)        000FAB
_RCSTA2                                              (abs)        000F71
_RCSTA2bits                                          (abs)        000F71
_SPBRG1                                              (abs)        000FAF
_SPBRG2                                              (abs)        000F75
_SPBRGH1                                             (abs)        000FB0
_SPBRGH2                                             (abs)        000F76
_SYSTEM_Initialize                                   text19       001550
_T1CON                                               (abs)        000FCD
_T1CONbits                                           (abs)        000FCD
_T1GCON                                              (abs)        000FCC
_T1GCONbits                                          (abs)        000FCC
_T2CON                                               (abs)        000FBA
_T2CONbits                                           (abs)        000FBA
_TMR1H                                               (abs)        000FCF
_TMR1L                                               (abs)        000FCE
_TMR1_CounterSet                                     text18       001318
_TMR1_DefaultGateCallback                            (abs)        000000
_TMR1_DefaultOverflowCallback                        (abs)        000000
_TMR1_GateCallback                                   nvBANK0      0000D7
_TMR1_Initialize                                     text21       001470
_TMR1_OverflowCallback                               nvBANK0      0000D9
_TMR1_OverflowStatusGet                              text17       001682
_TMR2                                                (abs)        000FBC
_TMR2_DefaultPeriodMatchCallback                     (abs)        000000
_TMR2_Initialize                                     text20       00163C
_TMR2_PeriodMatchCallback                            nvBANK0      0000D5
_TRISA                                               (abs)        000F92
_TRISB                                               (abs)        000F93
_TRISC                                               (abs)        000F94
_TRISE                                               (abs)        000F96
_TXREG1                                              (abs)        000FAD
_TXREG2                                              (abs)        000F73
_TXSTA1                                              (abs)        000FAC
_TXSTA1bits                                          (abs)        000FAC
_TXSTA2                                              (abs)        000F72
_TXSTA2bits                                          (abs)        000F72
_UART1                                               mediumconst  007BF7
_UART2                                               mediumconst  007C27
_WPUB                                                (abs)        000F61
__HRAM                                               (abs)        000000
__H__absolute__                                      __absolute__ 000000
__Habs1                                              abs1         000000
__Hbank0                                             bank0        000000
__Hbank1                                             bank1        000000
__Hbank2                                             bank2        000000
__Hbank3                                             bank3        000000
__Hbank4                                             bank4        000000
__Hbank5                                             bank5        000000
__Hbigbss                                            bigbss       000000
__Hbigdata                                           bigdata      000000
__Hbigram                                            bigram       000000
__Hbigsfr                                            bigsfr       000000
__Hbss                                               bss          000000
__HbssBANK0                                          bssBANK0     000000
__HbssBANK1                                          bssBANK1     000000
__HbssCOMRAM                                         bssCOMRAM    000000
__Hcinit                                             cinit        000000
__Hclrtext                                           clrtext      000000
__Hcomram                                            comram       000000
__Hconfig                                            config       30000E
__Hconst                                             const        000000
__HcstackBANK0                                       cstackBANK0  000000
__HcstackCOMRAM                                      cstackCOMRAM 000000
__Hdata                                              data         000000
__HdataBANK0                                         dataBANK0    000000
__HdataCOMRAM                                        dataCOMRAM   000000
__Heeprom_data                                       eeprom_data  000000
__Hfarbss                                            farbss       000000
__Hfardata                                           fardata      000000
__Hheap                                              heap         000000
__Hibigdata                                          ibigdata     000000
__Hidata                                             idata        000000
__HidataBANK0                                        idataBANK0   000000
__HidataCOMRAM                                       idataCOMRAM  000000
__Hidloc                                             idloc        000000
__Hifardata                                          ifardata     000000
__Hinit                                              init         0000BC
__Hintcode                                           intcode      0000B8
__Hintcode_body                                      intcode_body 000000
__Hintcodelo                                         intcodelo    000018
__Hintentry                                          intentry     000000
__Hintret                                            intret       000000
__Hintsave_regs                                      intsave_regs 000000
__Hirdata                                            irdata       000000
__Hmediumconst                                       mediumconst  008000
__HnvBANK0                                           nvBANK0      000000
__HnvFARRAM                                          nvFARRAM     000000
__Hnvbit                                             nvbit        000000
__Hnvrram                                            nvrram       000000
__Hparam                                             rparam       000000
__Hpowerup                                           powerup      000000
__Hram                                               ram          000000
__Hramtop                                            ramtop       000600
__Hrbit                                              rbit         000000
__Hrbss                                              rbss         000000
__Hrdata                                             rdata        000000
__Hreset_vec                                         reset_vec    000006
__Hrparam                                            rparam       000000
__Hsfr                                               sfr          000000
__Hsivt_hi                                           sivt_hi      000000
__Hsivt_lo                                           sivt_lo      000018
__Hsmallconst                                        smallconst   000000
__Hspace_0                                           (abs)        008000
__Hspace_1                                           (abs)        000164
__Hspace_2                                           (abs)        000000
__Hspace_4                                           (abs)        60000E
__Hstack                                             stack        000000
__Hstruct                                            struct       000000
__Htemp                                              temp         000000
__Htext                                              text         000000
__Htext0                                             text0        000000
__Htext1                                             text1        000000
__Htext10                                            text10       000000
__Htext11                                            text11       000000
__Htext12                                            text12       000000
__Htext13                                            text13       000000
__Htext14                                            text14       000000
__Htext15                                            text15       000000
__Htext16                                            text16       000000
__Htext17                                            text17       000000
__Htext18                                            text18       000000
__Htext19                                            text19       000000
__Htext2                                             text2        000000
__Htext20                                            text20       000000
__Htext21                                            text21       000000
__Htext22                                            text22       000000
__Htext23                                            text23       000000
__Htext24                                            text24       000000
__Htext25                                            text25       000000
__Htext26                                            text26       000000
__Htext27                                            text27       000000
__Htext28                                            text28       000000
__Htext29                                            text29       000000
__Htext3                                             text3        000000
__Htext30                                            text30       000000
__Htext31                                            text31       000000
__Htext32                                            text32       000000
__Htext33                                            text33       000000
__Htext34                                            text34       000000
__Htext35                                            text35       000000
__Htext36                                            text36       000000
__Htext37                                            text37       000000
__Htext38                                            text38       000000
__Htext39                                            text39       000000
__Htext4                                             text4        000000
__Htext40                                            text40       000000
__Htext41                                            text41       000000
__Htext42                                            text42       000000
__Htext43                                            text43       000000
__Htext44                                            text44       000000
__Htext46                                            text46       000000
__Htext47                                            text47       000000
__Htext48                                            text48       000000
__Htext49                                            text49       000000
__Htext5                                             text5        000000
__Htext50                                            text50       000000
__Htext51                                            text51       000000
__Htext52                                            text52       000000
__Htext6                                             text6        000000
__Htext7                                             text7        000000
__Htext8                                             text8        000000
__Htext9                                             text9        000000
__LRAM                                               (abs)        000001
__L__absolute__                                      __absolute__ 000000
__Labs1                                              abs1         000000
__Lbank0                                             bank0        000000
__Lbank1                                             bank1        000000
__Lbank2                                             bank2        000000
__Lbank3                                             bank3        000000
__Lbank4                                             bank4        000000
__Lbank5                                             bank5        000000
__Lbigbss                                            bigbss       000000
__Lbigdata                                           bigdata      000000
__Lbigram                                            bigram       000000
__Lbigsfr                                            bigsfr       000000
__Lbss                                               bss          000000
__LbssBANK0                                          bssBANK0     000000
__LbssBANK1                                          bssBANK1     000000
__LbssCOMRAM                                         bssCOMRAM    000000
__Lcinit                                             cinit        000000
__Lclrtext                                           clrtext      000000
__Lcomram                                            comram       000000
__Lconfig                                            config       000000
__Lconst                                             const        000000
__LcstackBANK0                                       cstackBANK0  000000
__LcstackCOMRAM                                      cstackCOMRAM 000000
__Ldata                                              data         000000
__LdataBANK0                                         dataBANK0    000000
__LdataCOMRAM                                        dataCOMRAM   000000
__Leeprom_data                                       eeprom_data  000000
__Lfarbss                                            farbss       000000
__Lfardata                                           fardata      000000
__Lheap                                              heap         000000
__Libigdata                                          ibigdata     000000
__Lidata                                             idata        000000
__LidataBANK0                                        idataBANK0   000000
__LidataCOMRAM                                       idataCOMRAM  000000
__Lidloc                                             idloc        000000
__Lifardata                                          ifardata     000000
__Linit                                              init         0000B8
__Lintcode                                           intcode      000008
__Lintcode_body                                      intcode_body 000000
__Lintcodelo                                         intcodelo    000018
__Lintentry                                          intentry     000000
__Lintret                                            intret       000000
__Lintsave_regs                                      intsave_regs 000000
__Lirdata                                            irdata       000000
__Lmediumconst                                       mediumconst  007BF6
__LnvBANK0                                           nvBANK0      000000
__LnvFARRAM                                          nvFARRAM     000000
__Lnvbit                                             nvbit        000000
__Lnvrram                                            nvrram       000000
__Lparam                                             rparam       000000
__Lpowerup                                           powerup      000000
__Lram                                               ram          000000
__Lramtop                                            ramtop       000600
__Lrbit                                              rbit         000000
__Lrbss                                              rbss         000000
__Lrdata                                             rdata        000000
__Lreset_vec                                         reset_vec    000000
__Lrparam                                            rparam       000000
__Lsfr                                               sfr          000000
__Lsivt_hi                                           sivt_hi      000000
__Lsivt_lo                                           sivt_lo      000018
__Lsmallconst                                        smallconst   000000
__Lspace_0                                           (abs)        000000
__Lspace_1                                           (abs)        000000
__Lspace_2                                           (abs)        000000
__Lspace_4                                           (abs)        000000
__Lstack                                             stack        000000
__Lstruct                                            struct       000000
__Ltemp                                              temp         000000
__Ltext                                              text         000000
__Ltext0                                             text0        000000
__Ltext1                                             text1        000000
__Ltext10                                            text10       000000
__Ltext11                                            text11       000000
__Ltext12                                            text12       000000
__Ltext13                                            text13       000000
__Ltext14                                            text14       000000
__Ltext15                                            text15       000000
__Ltext16                                            text16       000000
__Ltext17                                            text17       000000
__Ltext18                                            text18       000000
__Ltext19                                            text19       000000
__Ltext2                                             text2        000000
__Ltext20                                            text20       000000
__Ltext21                                            text21       000000
__Ltext22                                            text22       000000
__Ltext23                                            text23       000000
__Ltext24                                            text24       000000
__Ltext25                                            text25       000000
__Ltext26                                            text26       000000
__Ltext27                                            text27       000000
__Ltext28                                            text28       000000
__Ltext29                                            text29       000000
__Ltext3                                             text3        000000
__Ltext30                                            text30       000000
__Ltext31                                            text31       000000
__Ltext32                                            text32       000000
__Ltext33                                            text33       000000
__Ltext34                                            text34       000000
__Ltext35                                            text35       000000
__Ltext36                                            text36       000000
__Ltext37                                            text37       000000
__Ltext38                                            text38       000000
__Ltext39                                            text39       000000
__Ltext4                                             text4        000000
__Ltext40                                            text40       000000
__Ltext41                                            text41       000000
__Ltext42                                            text42       000000
__Ltext43                                            text43       000000
__Ltext44                                            text44       000000
__Ltext46                                            text46       000000
__Ltext47                                            text47       000000
__Ltext48                                            text48       000000
__Ltext49                                            text49       000000
__Ltext5                                             text5        000000
__Ltext50                                            text50       000000
__Ltext51                                            text51       000000
__Ltext52                                            text52       000000
__Ltext6                                             text6        000000
__Ltext7                                             text7        000000
__Ltext8                                             text8        000000
__Ltext9                                             text9        000000
__S0                                                 (abs)        008000
__S1                                                 (abs)        000164
__S4                                                 (abs)        000000
__S5                                                 (abs)        000000
___awdiv                                             text11       000E4C
___awdiv@counter                                     cstackCOMRAM 00000E
___awdiv@dividend                                    cstackCOMRAM 00000A
___awdiv@divisor                                     cstackCOMRAM 00000C
___awdiv@quotient                                    cstackCOMRAM 000010
___awdiv@sign                                        cstackCOMRAM 00000F
___awmod                                             text10       000F0C
___awmod@counter                                     cstackCOMRAM 00000E
___awmod@dividend                                    cstackCOMRAM 00000A
___awmod@divisor                                     cstackCOMRAM 00000C
___awmod@sign                                        cstackCOMRAM 00000F
___heap_hi                                           (abs)        000000
___heap_lo                                           (abs)        000000
___inthi_sp                                          stack        000000
___inthi_stack_hi                                    stack        000000
___inthi_stack_lo                                    stack        000000
___intlo_sp                                          stack        000000
___intlo_stack_hi                                    stack        000000
___intlo_stack_lo                                    stack        000000
___param_bank                                        (abs)        000000
___rparam_used                                       (abs)        000001
___sp                                                stack        000000
___stack_hi                                          stack        000000
___stack_lo                                          stack        000000
__accesstop                                          (abs)        000060
__activetblptr                                       (abs)        000002
__end_of_CLOCK_Initialize                            text34       0016D8
__end_of_ECCP2_Initialize                            text33       00166C
__end_of_ECCP2_LoadDutyValue                         text44       0013D2
__end_of_EUSART1_DefaultFramingErrorCallback         text41       0016F0
__end_of_EUSART1_DefaultOverrunErrorCallback         text39       0016BA
__end_of_EUSART1_FramingErrorCallbackRegister        text32       001620
__end_of_EUSART1_Initialize                          text30       001408
__end_of_EUSART1_IsRxReady                           text43       0016AA
__end_of_EUSART1_IsTxReady                           text16       001550
__end_of_EUSART1_OverrunErrorCallbackRegister        text31       001604
__end_of_EUSART1_Read                                text38       001214
__end_of_EUSART1_Write                               text15       001720
__end_of_EUSART2_DefaultFramingErrorCallback         text42       0016FC
__end_of_EUSART2_DefaultOverrunErrorCallback         text40       0016CA
__end_of_EUSART2_FramingErrorCallbackRegister        text29       0015E8
__end_of_EUSART2_Initialize                          text27       0012D4
__end_of_EUSART2_IsRxReady                           text37       001682
__end_of_EUSART2_OverrunErrorCallbackRegister        text28       0015CC
__end_of_EUSART2_Read                                text36       00152A
__end_of_EUSART2_ReceiveISR                          text47       000BC8
__end_of_EUSART2_RxCompleteCallbackRegister          text35       00163C
__end_of_EUSART2_TransmitISR                         text46       001500
__end_of_INT0_SetInterruptHandler                    text26       00171A
__end_of_INT1_SetInterruptHandler                    text25       001710
__end_of_INT2_SetInterruptHandler                    text24       001706
__end_of_INTERRUPT_Initialize                        text23       001470
__end_of_INTERRUPT_InterruptManager                  intcode      0000B8
__end_of_PIN_MANAGER_Initialize                      text22       0014D0
__end_of_SYSTEM_Initialize                           text19       001572
__end_of_TMR1_CounterSet                             text18       00135C
__end_of_TMR1_Initialize                             text21       0014A0
__end_of_TMR1_OverflowStatusGet                      text17       001696
__end_of_TMR2_Initialize                             text20       001654
__end_of_UART1                                       mediumconst  007C27
__end_of_UART2                                       mediumconst  007C57
__end_of___awdiv                                     text11       000F0C
__end_of___awmod                                     text10       000FBA
__end_of__initialization                             cinit        00126A
__end_of_abs                                         text9        00143C
__end_of_ctoa                                        text12       000E4C
__end_of_dtoa                                        text6        000AC8
__end_of_fputc                                       text13       000D8A
__end_of_fputs                                       text8        00139A
__end_of_main                                        text0        000712
__end_of_myEUSART2ISR                                text52       001102
__end_of_pad                                         text7        001192
__end_of_printf                                      text1        0015B0
__end_of_putch                                       text14       001592
__end_of_read_prec_or_width                          text5        001064
__end_of_vfpfcnvrt                                   text3        00096A
__end_of_vfprintf                                    text2        001318
__end_of_xtoa                                        text4        000CC0
__end_ofi2_EUSART1_DefaultFramingErrorCallback       text50       00172E
__end_ofi2_EUSART1_DefaultOverrunErrorCallback       text48       001726
__end_ofi2_EUSART2_DefaultFramingErrorCallback       text51       001730
__end_ofi2_EUSART2_DefaultOverrunErrorCallback       text49       00172C
__initialization                                     cinit        001214
__mediumconst                                        mediumconst  007BF6
__pbssBANK0                                          bssBANK0     000060
__pbssBANK1                                          bssBANK1     000100
__pbssCOMRAM                                         bssCOMRAM    000048
__pcinit                                             cinit        001214
__pcstackBANK0                                       cstackBANK0  0000CB
__pcstackCOMRAM                                      cstackCOMRAM 000002
__pdataBANK0                                         dataBANK0    0000BF
__pdataCOMRAM                                        dataCOMRAM   000055
__pidataBANK0                                        idataBANK0   0016D8
__pidataCOMRAM                                       idataCOMRAM  001730
__pintcode                                           intcode      000008
__pmediumconst                                       mediumconst  007BF6
__pnvBANK0                                           nvBANK0      0000D5
__ptext0                                             text0        0000BC
__ptext1                                             text1        001592
__ptext10                                            text10       000F0C
__ptext11                                            text11       000E4C
__ptext12                                            text12       000D8A
__ptext13                                            text13       000CC0
__ptext14                                            text14       001572
__ptext15                                            text15       00171A
__ptext16                                            text16       00152A
__ptext17                                            text17       001682
__ptext18                                            text18       001318
__ptext19                                            text19       001550
__ptext2                                             text2        0012D4
__ptext20                                            text20       00163C
__ptext21                                            text21       001470
__ptext22                                            text22       0014A0
__ptext23                                            text23       00143C
__ptext24                                            text24       0016FC
__ptext25                                            text25       001706
__ptext26                                            text26       001710
__ptext27                                            text27       001278
__ptext28                                            text28       0015B0
__ptext29                                            text29       0015CC
__ptext3                                             text3        000712
__ptext30                                            text30       0013D2
__ptext31                                            text31       0015E8
__ptext32                                            text32       001604
__ptext33                                            text33       001654
__ptext34                                            text34       0016CA
__ptext35                                            text35       001620
__ptext36                                            text36       001500
__ptext37                                            text37       00166C
__ptext38                                            text38       001192
__ptext39                                            text39       0016AA
__ptext4                                             text4        000BC8
__ptext40                                            text40       0016BA
__ptext41                                            text41       0016E4
__ptext42                                            text42       0016F0
__ptext43                                            text43       001696
__ptext44                                            text44       00139A
__ptext46                                            text46       0014D0
__ptext47                                            text47       000AC8
__ptext48                                            text48       001720
__ptext49                                            text49       001726
__ptext5                                             text5        000FBA
__ptext50                                            text50       00172C
__ptext51                                            text51       00172E
__ptext52                                            text52       001064
__ptext6                                             text6        00096A
__ptext7                                             text7        001102
__ptext8                                             text8        00135C
__ptext9                                             text9        001408
__ramtop                                             ramtop       000600
__smallconst                                         mediumconst  007BF6
_abs                                                 text9        001408
_baudRateSelected                                    dataCOMRAM   000055
_bitPeriod                                           dataBANK0    0000BF
_ctoa                                                text12       000D8A
_dbuf                                                bssBANK0     00009F
_dtoa                                                text6        00096A
_dtoa$2913                                           cstackCOMRAM 000027
_eusart1RxLastError                                  bssBANK0     000088
_eusart2RxBuffer                                     bssBANK0     000070
_eusart2RxCount                                      bssCOMRAM    00004F
_eusart2RxHead                                       bssCOMRAM    000051
_eusart2RxLastError                                  bssBANK0     000092
_eusart2RxStatusBuffer                               bssBANK0     000060
_eusart2RxTail                                       bssCOMRAM    000050
_eusart2TxBuffer                                     bssBANK0     000078
_eusart2TxBufferRemaining                            bssCOMRAM    000052
_eusart2TxHead                                       bssCOMRAM    000054
_eusart2TxTail                                       bssCOMRAM    000053
_flags                                               bssCOMRAM    00004C
_fputc                                               text13       000CC0
_fputs                                               text8        00135C
_main                                                text0        0000BC
_messageBuffer                                       bssBANK1     000100
_myEUSART2ISR                                        text52       001064
_pad                                                 text7        001102
_prec                                                bssBANK0     000080
_printf                                              text1        001592
_putch                                               text14       001572
_read_prec_or_width                                  text5        000FBA
_receiveBusy                                         bssCOMRAM    00004E
_receiveNewMessage                                   bssBANK0     00009E
_timer1ReloadVal                                     bssCOMRAM    00004A
_vfpfcnvrt                                           text3        000712
_vfprintf                                            text2        0012D4
_width                                               bssCOMRAM    000048
_xtoa                                                text4        000BC8
abs@a                                                cstackCOMRAM 000010
btemp                                                (abs)        000001
btemp0                                               (abs)        000001
btemp1                                               (abs)        000002
ctoa@c                                               cstackCOMRAM 000017
ctoa@fp                                              cstackCOMRAM 000015
ctoa@l                                               cstackCOMRAM 000019
ctoa@w                                               cstackCOMRAM 00001B
dtoa@d                                               cstackCOMRAM 000025
dtoa@fp                                              cstackCOMRAM 000023
dtoa@i                                               cstackCOMRAM 00002D
dtoa@p                                               cstackCOMRAM 000029
dtoa@s                                               cstackCOMRAM 00002C
dtoa@w                                               cstackCOMRAM 00002A
end_of_initialization                                cinit        00126A
fputc@c                                              cstackCOMRAM 00000C
fputc@fp                                             cstackCOMRAM 00000E
fputs@c                                              cstackCOMRAM 000018
fputs@fp                                             cstackCOMRAM 000016
fputs@i                                              cstackCOMRAM 000019
fputs@s                                              cstackCOMRAM 000015
i2_EUSART1_DefaultFramingErrorCallback               text50       00172C
i2_EUSART1_DefaultOverrunErrorCallback               text48       001720
i2_EUSART2_DefaultFramingErrorCallback               text51       00172E
i2_EUSART2_DefaultOverrunErrorCallback               text49       001726
int$flags                                            (abs)        000001
intlevel0                                            text         000000
intlevel1                                            text         000000
intlevel2                                            text         000000
intlevel3                                            text         000000
isa$std                                              (abs)        000001
isa$xinst                                            (abs)        000000
main@cmd                                             cstackBANK0  0000D1
main@i                                               cstackBANK0  0000D4
main@letter                                          cstackBANK0  0000D3
main@mask                                            cstackBANK0  0000D2
myEUSART2ISR@rxBufIDX                                bssBANK0     000082
myEUSART2ISR@rxState                                 bssCOMRAM    00004D
pad@buf                                              cstackCOMRAM 00001D
pad@fp                                               cstackCOMRAM 00001B
pad@i                                                cstackCOMRAM 000021
pad@p                                                cstackCOMRAM 00001E
printf@ap                                            cstackCOMRAM 000045
printf@fmt                                           cstackBANK0  0000CB
putch@txData                                         cstackCOMRAM 00000B
read_prec_or_width@ap                                cstackCOMRAM 00000B
read_prec_or_width@c                                 cstackCOMRAM 00000E
read_prec_or_width@fmt                               cstackCOMRAM 00000A
read_prec_or_width@n                                 cstackCOMRAM 00000F
stackhi                                              (abs)        000000
stacklo                                              (abs)        000000
start                                                init         0000B8
start_initialization                                 cinit        001214
vfpfcnvrt@ap                                         cstackCOMRAM 000033
vfpfcnvrt@c                                          cstackCOMRAM 000036
vfpfcnvrt@convarg                                    cstackCOMRAM 000038
vfpfcnvrt@cp                                         cstackCOMRAM 00003C
vfpfcnvrt@done                                       cstackCOMRAM 000037
vfpfcnvrt@fmt                                        cstackCOMRAM 000032
vfpfcnvrt@fp                                         cstackCOMRAM 000030
vfprintf@ap                                          cstackCOMRAM 000042
vfprintf@cfmt                                        cstackCOMRAM 000043
vfprintf@fmt                                         cstackCOMRAM 000040
vfprintf@fp                                          cstackCOMRAM 00003E
xtoa@c                                               cstackCOMRAM 00002D
xtoa@d                                               cstackCOMRAM 000025
xtoa@fp                                              cstackCOMRAM 000023
xtoa@i                                               cstackCOMRAM 00002E
xtoa@p                                               cstackCOMRAM 00002A
xtoa@w                                               cstackCOMRAM 00002B


MODULE INFORMATION

Module		Function		Class		Link	Load	Size
/opt/microchip/xc8/v3.10/pic/sources/c99/common/abs.c
		_abs           		CODE           	1408	0000	52

/opt/microchip/xc8/v3.10/pic/sources/c99/common/abs.c estimated size: 52

/opt/microchip/xc8/v3.10/pic/sources/c99/common/nf_fputc.c
		_fputc         		CODE           	0CC0	0000	202

/opt/microchip/xc8/v3.10/pic/sources/c99/common/nf_fputc.c estimated size: 202

/opt/microchip/xc8/v3.10/pic/sources/c99/common/awmod.c
		___awmod       		CODE           	0F0C	0000	174

/opt/microchip/xc8/v3.10/pic/sources/c99/common/awmod.c estimated size: 174

mcc_generated_files/timer/src/tmr1.c
		_TMR1_Initialize		CODE           	1470	0000	48
		_TMR1_OverflowStatusGet		CODE           	1682	0000	20
		_TMR1_CounterSet		CODE           	1318	0000	68

mcc_generated_files/timer/src/tmr1.c estimated size: 136

mcc_generated_files/system/src/interrupt.c
		_INT0_SetInterruptHandler		CODE           	1710	0000	10
		_INT1_SetInterruptHandler		CODE           	1706	0000	10
		_INT2_SetInterruptHandler		CODE           	16FC	0000	10
		_INTERRUPT_Initialize		CODE           	143C	0000	52
		_INTERRUPT_InterruptManager		CODE           	0008	0000	176

mcc_generated_files/system/src/interrupt.c estimated size: 258

mcc_generated_files/uart/src/eusart2.c
		_EUSART2_Read  		CODE           	1500	0000	42
		_EUSART2_TransmitISR		CODE           	14D0	0000	48
		_EUSART2_FramingErrorCallbackRegister		CODE           	15CC	0000	28
		_EUSART2_IsRxReady		CODE           	166C	0000	22
		_EUSART2_OverrunErrorCallbackRegister		CODE           	15B0	0000	28
		_EUSART2_DefaultOverrunErrorCallback		CODE           	16BA	0000	16
		_EUSART2_Initialize		CODE           	1278	0000	92
		_EUSART2_ReceiveISR		CODE           	0AC8	0000	256
		_EUSART2_RxCompleteCallbackRegister		CODE           	1620	0000	28
		_EUSART2_DefaultFramingErrorCallback		CODE           	16F0	0000	12

mcc_generated_files/uart/src/eusart2.c estimated size: 572

/opt/microchip/xc8/v3.10/pic/sources/c99/common/doprnt.c
		_read_prec_or_width		CODE           	0FBA	0000	170
		_vfpfcnvrt     		CODE           	0712	0000	600
		_pad           		CODE           	1102	0000	144
		_ctoa          		CODE           	0D8A	0000	194
		_dtoa          		CODE           	096A	0000	350
		_vfprintf      		CODE           	12D4	0000	68
		_xtoa          		CODE           	0BC8	0000	248

/opt/microchip/xc8/v3.10/pic/sources/c99/common/doprnt.c estimated size: 1774

mcc_generated_files/pwm/src/eccp2.c
		_ECCP2_LoadDutyValue		CODE           	139A	0000	56
		_ECCP2_Initialize		CODE           	1654	0000	24

mcc_generated_files/pwm/src/eccp2.c estimated size: 80

mcc_generated_files/system/src/pins.c
		_PIN_MANAGER_Initialize		CODE           	14A0	0000	48

mcc_generated_files/system/src/pins.c estimated size: 48

shared
		i2_EUSART1_DefaultFramingErrorCallback		CODE           	172C	0000	2
		i2_EUSART2_DefaultFramingErrorCallback		CODE           	172E	0000	2
		__initialization		CODE           	1214	0000	86
		_UART1         		MEDIUMCONST    	7BF7	0000	48
		i2_EUSART1_DefaultOverrunErrorCallback		CODE           	1720	0000	6
		i2_EUSART2_DefaultOverrunErrorCallback		CODE           	1726	0000	6
		_UART2         		MEDIUMCONST    	7C27	0000	48

shared estimated size: 198

/opt/microchip/xc8/v3.10/pic/sources/c99/common/awdiv.c
		___awdiv       		CODE           	0E4C	0000	192

/opt/microchip/xc8/v3.10/pic/sources/c99/common/awdiv.c estimated size: 192

/opt/microchip/xc8/v3.10/pic/sources/c99/common/nf_fputs.c
		_fputs         		CODE           	135C	0000	62

/opt/microchip/xc8/v3.10/pic/sources/c99/common/nf_fputs.c estimated size: 62

mcc_generated_files/timer/src/tmr2.c
		_TMR2_Initialize		CODE           	163C	0000	24

mcc_generated_files/timer/src/tmr2.c estimated size: 24

mcc_generated_files/system/src/clock.c
		_CLOCK_Initialize		CODE           	16CA	0000	14

mcc_generated_files/system/src/clock.c estimated size: 14

/opt/microchip/xc8/v3.10/pic/sources/c99/common/printf.c
		_printf        		CODE           	1592	0000	30

/opt/microchip/xc8/v3.10/pic/sources/c99/common/printf.c estimated size: 30

main.c
		_myEUSART2ISR  		CODE           	1064	0000	158
		_main          		CODE           	00BC	0000	1622

main.c estimated size: 1780

mcc_generated_files/uart/src/eusart1.c
		_EUSART1_Initialize		CODE           	13D2	0000	54
		_putch         		CODE           	1572	0000	32
		_EUSART1_DefaultFramingErrorCallback		CODE           	16E4	0000	12
		_EUSART1_Read  		CODE           	1192	0000	130
		_EUSART1_Write 		CODE           	171A	0000	6
		_EUSART1_FramingErrorCallbackRegister		CODE           	1604	0000	28
		_EUSART1_IsRxReady		CODE           	1696	0000	20
		_EUSART1_IsTxReady		CODE           	152A	0000	38
		_EUSART1_OverrunErrorCallbackRegister		CODE           	15E8	0000	28
		_EUSART1_DefaultOverrunErrorCallback		CODE           	16AA	0000	16

mcc_generated_files/uart/src/eusart1.c estimated size: 364

mcc_generated_files/system/src/system.c
		_SYSTEM_Initialize		CODE           	1550	0000	34

mcc_generated_files/system/src/system.c estimated size: 34

