Microchip MPLAB XC8 Compiler V3.10

Linker command line:

-W-3 --edf=/opt/microchip/xc8/v3.10/pic/dat/20250813170317_en.msgs -cn \
  -h+dist/default/debug/lab09.X.debug.sym \
  --cmf=dist/default/debug/lab09.X.debug.cmf -z -Q18F25K22 \
  -o/tmp/xcXGkJOIp/driver_tmp_3.o --defsym=__MPLAB_BUILD=1 \
  --fixupoverflow=error -Mdist/default/debug/lab09.X.debug.map \
  --md=/tmp/xcXGkJOIp/driver_tmp_0.dat -E1 -ver=XC8 Compiler \
  -ACODE=00h-07FFFh -ACONST=00h-07FFFh -ASMALLCONST=0600h-06FFhx122 \
  -AMEDIUMCONST=0600h-07FFFh -ACOMRAM=01h-05Fh -AABS1=00h-05FFh \
  -ABIGRAM=01h-05FFh -ARAM=060h-0FFh,0100h-01FFhx5 -ABANK0=060h-0FFh \
  -ABANK1=0100h-01FFh -ABANK2=0200h-02FFh -ABANK3=0300h-03FFh \
  -ABANK4=0400h-04FFh -ABANK5=0500h-05FFh -ASFR=0F38h-0F5Fh,0F60h-0FFCh \
  -ABIGSFR=0F38h-0FFCh -ACONFIG=0300000h-030000Dh -AIDLOC=0200000h-0200007h \
  -AEEDATA=0F00000h-0F000FFh -peeprom_data=EEDATA \
  -preset_vec=00h,intcode=8h,intcodelo=18h,sivt_lo,sivt_hi=CODE \
  -ppowerup=CODE,init -pramtop=0600h -psmallconst=SMALLCONST \
  -pmediumconst=MEDIUMCONST -pconst=CONST -AFARRAM=00h-00h \
  -prdata=COMRAM,nvrram=COMRAM,nvbit=COMRAM,rbss=COMRAM,rbit=COMRAM \
  -pfarbss=FARRAM,fardata=FARRAM,nvFARRAM=FARRAM \
  -pintsave_regs=BIGRAM,bigbss=BIGRAM,bigdata=BIGRAM -pbss=RAM \
  -pidata=CODE,irdata=CODE,ibigdata=CODE,ifardata=CODE -prparam=COMRAM \
  /tmp/xcXGkJOIp/driver_tmp_14.o dist/default/debug/lab09.X.debug.o 

Object code version is 3.11

Machine type is 18F25K22



                Name                               Link     Load   Length Selector   Space Scale
/tmp/xcXGkJOIp/driver_tmp_14.o
                config                           300000   300000        E        0       4
                init                                 5C       5C        4        4       0
                reset_vec                             0        0        6        0       0
dist/default/debug/lab09.X.debug.o
                intcode                               8        8       54        4       0
                config                           300000   300000        E        0       4
                mediumconst                        796A     796A      696     3CB5       0
                text56                             1F4C     1F4C       1E        4       0
                text55                             2040     2040        A        4       0
                text54                             13DA     13DA       D4        4       0
                text53                             2066     2066        2        4       0
                text52                             1E6E     1E6E       30        4       0
                text50                             1FCE     1FCE       14        4       0
                text49                             2064     2064        2        4       0
                text48                             2058     2058        6        4       0
                text47                             1ABE     1ABE       82        4       0
                text46                             1FA2     1FA2       18        4       0
                text45                             1CF2     1CF2       40        4       0
                text44                             16FA     16FA       B0        4       0
                text43                             1902     1902       A6        4       0
                text42                             1FE2     1FE2       10        4       0
                text41                             204A     204A        8        4       0
                text40                             2000     2000        E        4       0
                text39                             1F86     1F86       1C        4       0
                text38                             1F6A     1F6A       1C        4       0
                text37                             1D70     1D70       36        4       0
                text36                             2036     2036        A        4       0
                text35                             202C     202C        A        4       0
                text34                             2022     2022        A        4       0
                text33                             1DDA     1DDA       34        4       0
                text32                             1E3E     1E3E       30        4       0
                text31                             1FF2     1FF2        E        4       0
                text30                             2018     2018        A        4       0
                text29                             1EEA     1EEA       22        4       0
                text28                             1E0E     1E0E       30        4       0
                text27                             1EC4     1EC4       26        4       0
                text26                             200E     200E        A        4       0
                text25                             1CAE     1CAE       44        4       0
                text24                             1E9E     1E9E       26        4       0
                text23                             2052     2052        6        4       0
                text22                             1F2C     1F2C       20        4       0
                text21                             14AE     14AE       CA        4       0
                text20                             1578     1578       C2        4       0
                text19                             163A     163A       C0        4       0
                text18                             17AA     17AA       AE        4       0
                text17                             1DA6     1DA6       34        4       0
                text16                             1D32     1D32       3E        4       0
                text15                             19A8     19A8       90        4       0
                text14                             10AA     10AA      15E        4       0
                text13                             1858     1858       AA        4       0
                text12                             1B40     1B40       72        4       0
                text11                             1BB2     1BB2       64        4       0
                text10                             1300     1300       DA        4       0
                text9                              1208     1208       F8        4       0
                text8                               A78      A78      29A        4       0
                text7                              1C68     1C68       46        4       0
                text6                              1F0C     1F0C       20        4       0
                text5                               D12      D12      1EA        4       0
                text4                               EFC      EFC      1AE        4       0
                text3                              205E     205E        4        4       0
                text2                              1A38     1A38       86        4       0
                text1                              1FBA     1FBA       14        4       0
                text0                                60       60      A18        4       0
                cstackCOMRAM                          2        2       3C        2       1
                cstackBANK0                          60       60       36       60       1
                bssBIGRAM                            C7       C7      400       C7       1
                dataBANK0                            C5       C5        2       60       1
                bssBANK0                             96       96       29       60       1
                bssCOMRAM                            3E       3E       11        2       1
                cinit                              1C16     1C16       52        4       0
                nvBANK0                              BF       BF        6       60       1
                idataBANK0                         2062     2062        2        4       0

TOTAL           Name                               Link     Load   Length     Space
        CLASS   CODE           
                intcode                               8        8       54         0
                init                                 5C       5C        4         0
                reset_vec                             0        0        6         0
                text56                             1F4C     1F4C       1E         0
                text55                             2040     2040        A         0
                text54                             13DA     13DA       D4         0
                text53                             2066     2066        2         0
                text52                             1E6E     1E6E       30         0
                text50                             1FCE     1FCE       14         0
                text49                             2064     2064        2         0
                text48                             2058     2058        6         0
                text47                             1ABE     1ABE       82         0
                text46                             1FA2     1FA2       18         0
                text45                             1CF2     1CF2       40         0
                text44                             16FA     16FA       B0         0
                text43                             1902     1902       A6         0
                text42                             1FE2     1FE2       10         0
                text41                             204A     204A        8         0
                text40                             2000     2000        E         0
                text39                             1F86     1F86       1C         0
                text38                             1F6A     1F6A       1C         0
                text37                             1D70     1D70       36         0
                text36                             2036     2036        A         0
                text35                             202C     202C        A         0
                text34                             2022     2022        A         0
                text33                             1DDA     1DDA       34         0
                text32                             1E3E     1E3E       30         0
                text31                             1FF2     1FF2        E         0
                text30                             2018     2018        A         0
                text29                             1EEA     1EEA       22         0
                text28                             1E0E     1E0E       30         0
                text27                             1EC4     1EC4       26         0
                text26                             200E     200E        A         0
                text25                             1CAE     1CAE       44         0
                text24                             1E9E     1E9E       26         0
                text23                             2052     2052        6         0
                text22                             1F2C     1F2C       20         0
                text21                             14AE     14AE       CA         0
                text20                             1578     1578       C2         0
                text19                             163A     163A       C0         0
                text18                             17AA     17AA       AE         0
                text17                             1DA6     1DA6       34         0
                text16                             1D32     1D32       3E         0
                text15                             19A8     19A8       90         0
                text14                             10AA     10AA      15E         0
                text13                             1858     1858       AA         0
                text12                             1B40     1B40       72         0
                text11                             1BB2     1BB2       64         0
                text10                             1300     1300       DA         0
                text9                              1208     1208       F8         0
                text8                               A78      A78      29A         0
                text7                              1C68     1C68       46         0
                text6                              1F0C     1F0C       20         0
                text5                               D12      D12      1EA         0
                text4                               EFC      EFC      1AE         0
                text3                              205E     205E        4         0
                text2                              1A38     1A38       86         0
                text1                              1FBA     1FBA       14         0
                text0                                60       60      A18         0
                cinit                              1C16     1C16       52         0
                idataBANK0                         2062     2062        2         0

        CLASS   CONST          

        CLASS   SMALLCONST     

        CLASS   MEDIUMCONST    
                mediumconst                        796A     796A      696         0

        CLASS   COMRAM         
                cstackCOMRAM                          2        2       3C         1
                bssCOMRAM                            3E       3E       11         1

        CLASS   ABS1           
                abs_s1                                1        1        1         1

        CLASS   BIGRAM         
                bssBIGRAM                            C7       C7      400         1

        CLASS   RAM            

        CLASS   BANK0          
                cstackBANK0                          60       60       36         1
                dataBANK0                            C5       C5        2         1
                bssBANK0                             96       96       29         1
                nvBANK0                              BF       BF        6         1

        CLASS   BANK1          

        CLASS   BANK2          

        CLASS   BANK3          

        CLASS   BANK4          

        CLASS   BANK5          

        CLASS   SFR            

        CLASS   BIGSFR         

        CLASS   CONFIG         
                config                           300000   300000        E         4

        CLASS   IDLOC          

        CLASS   EEDATA         

        CLASS   FARRAM         

        CLASS   HEAP           

        CLASS   STACK          



SEGMENTS        Name                           Load    Length   Top    Selector   Space  Class

                reset_vec                      000000  000006  000006         0       0  CODE    
                cstackCOMRAM                   000002  00004D  00004F         2       1  COMRAM  
                bssBIGRAM                      0000C7  000400  0004C7        C7       1  BIGRAM  
                cstackBANK0                    000060  000067  0000C7        60       1  BANK0   
                intcode                        000008  002060  002068         4       0  CODE    
                mediumconst                    00796A  000696  008000      3CB5       0  MEDIUMCO


UNUSED ADDRESS RANGES

        Name                Unused          Largest block    Delta
        BANK4            0004C7-0004FF               39
        BANK5            000500-0005FF              100
        BIGRAM           00004F-00005F               11
                         0004C7-0005FF              139
        BIGSFR           000F38-000FFC               C5
        CODE             000006-000007                2
                         002068-007969             5902
        COMRAM           00004F-00005F               11
        CONST            000006-000007                2
                         002068-007969             5902
        EEDATA           F00000-F000FF              100
        IDLOC            200000-200007                8
        MEDIUMCONST      002068-007969             5902
        RAM              0004C7-0005FF               39
        SFR              000F38-000FFC               28
        SMALLCONST       002068-007969              100

                                  Symbol Table

?_TMR0_CounterGet                                    cstackCOMRAM 000002
?___awdiv                                            cstackCOMRAM 000013
?___awmod                                            cstackCOMRAM 000013
?___lwdiv                                            cstackCOMRAM 000013
?___lwmod                                            cstackCOMRAM 000013
?_abs                                                cstackCOMRAM 000019
?_printf                                             cstackBANK0  000071
?_read_prec_or_width                                 cstackCOMRAM 000013
?_vfprintf                                           cstackBANK0  00006A
EUSART1_FramingErrorCallbackRegister@callbackHandler cstackCOMRAM 000013
EUSART1_OverrunErrorCallbackRegister@callbackHandler cstackCOMRAM 000013
EUSART1_Write@txData                                 cstackCOMRAM 000013
INT0_SetInterruptHandler@InterruptHandler            cstackCOMRAM 000013
INT1_SetInterruptHandler@InterruptHandler            cstackCOMRAM 000013
INT2_SetInterruptHandler@InterruptHandler            cstackCOMRAM 000013
SDCARD_Initialize@i                                  cstackBANK0  000077
SDCARD_Initialize@response                           cstackBANK0  00007A
SDCARD_Initialize@verbose                            cstackBANK0  000079
SDCARD_PollWriteComplete@status                      cstackCOMRAM 000014
SDCARD_ReadBlock@addr                                cstackCOMRAM 000014
SDCARD_ReadBlock@i                                   cstackCOMRAM 00001A
SDCARD_ReadBlock@sdCardBuffer                        cstackCOMRAM 000018
SDCARD_WriteBlock@addr                               cstackCOMRAM 000014
SDCARD_WriteBlock@i                                  cstackCOMRAM 00001A
SDCARD_WriteBlock@sdCardBuffer                       cstackCOMRAM 000018
SPI2_ByteExchange@byteData                           cstackCOMRAM 000013
SPI2_Open@spiConfigIndex                             cstackCOMRAM 000013
TMR0_CounterGet@counterHighByte                      cstackCOMRAM 000009
TMR0_CounterGet@counterLowByte                       cstackCOMRAM 000008
TMR0_CounterGet@counterValue                         cstackCOMRAM 000006
TMR0_CounterSet@counterValue                         cstackCOMRAM 000013
TMR0_OverflowCallbackRegister@callbackHandler        cstackCOMRAM 000013
TMR1_CounterSet@onState                              cstackCOMRAM 000015
TMR1_CounterSet@timerVal                             cstackCOMRAM 000013
_ADCON0                                              (abs)        000FC2
_ADCON0bits                                          (abs)        000FC2
_ADCON1                                              (abs)        000FC1
_ADCON2                                              (abs)        000FC0
_ADC_Initialize                                      text42       001FE2
_ADRESH                                              (abs)        000FC4
_ADRESL                                              (abs)        000FC3
_ANSELA                                              (abs)        000F38
_ANSELB                                              (abs)        000F39
_ANSELC                                              (abs)        000F3A
_BAUDCON1                                            (abs)        000FB8
_BAUDCON1bits                                        (abs)        000FB8
_CCP5CON                                             (abs)        000F54
_CCP5_Initialize                                     text41       00204A
_CCPR5L                                              (abs)        000F55
_CLOCK_Initialize                                    text40       002000
_EUSART1_AutoBaudQuery                               (abs)        000000
_EUSART1_AutoBaudSet                                 (abs)        000000
_EUSART1_DefaultFramingErrorCallback                 text49       002064
_EUSART1_DefaultOverrunErrorCallback                 text48       002058
_EUSART1_Deinitialize                                (abs)        000000
_EUSART1_ErrorGet                                    (abs)        000000
_EUSART1_FramingErrorCallbackRegister                text39       001F86
_EUSART1_FramingErrorHandler                         bssCOMRAM    000042
_EUSART1_Initialize                                  text37       001D70
_EUSART1_IsRxReady                                   text50       001FCE
_EUSART1_IsTxDone                                    (abs)        000000
_EUSART1_IsTxReady                                   text24       001E9E
_EUSART1_IsTxReady$1760                              cstackCOMRAM 000013
_EUSART1_OverrunErrorCallbackRegister                text38       001F6A
_EUSART1_OverrunErrorHandler                         bssCOMRAM    000040
_EUSART1_Read                                        text47       001ABE
_EUSART1_TransmitDisable                             (abs)        000000
_EUSART1_TransmitEnable                              (abs)        000000
_EUSART1_Write                                       text23       002052
_INT0_DefaultInterruptHandler                        (abs)        000000
_INT0_InterruptHandler                               bssCOMRAM    00004C
_INT0_SetInterruptHandler                            text36       002036
_INT1_DefaultInterruptHandler                        (abs)        000000
_INT1_InterruptHandler                               bssCOMRAM    00004A
_INT1_SetInterruptHandler                            text35       00202C
_INT2_DefaultInterruptHandler                        (abs)        000000
_INT2_InterruptHandler                               bssCOMRAM    000048
_INT2_SetInterruptHandler                            text34       002022
_INTCON2bits                                         (abs)        000FF1
_INTCON3bits                                         (abs)        000FF0
_INTCONbits                                          (abs)        000FF2
_INTERRUPT_Initialize                                text33       001DDA
_INTERRUPT_InterruptManager                          intcode      000008
_IOCB                                                (abs)        000F62
_LATA                                                (abs)        000F89
_LATB                                                (abs)        000F8A
_LATBbits                                            (abs)        000F8A
_LATC                                                (abs)        000F8B
_LATCbits                                            (abs)        000F8B
_OSCCON                                              (abs)        000FD3
_OSCCON2                                             (abs)        000FD2
_OSCTUNE                                             (abs)        000F9B
_PIE1bits                                            (abs)        000F9D
_PIE3bits                                            (abs)        000FA3
_PIN_MANAGER_Initialize                              text32       001E3E
_PIR1bits                                            (abs)        000F9E
_PIR3bits                                            (abs)        000FA4
_RCONbits                                            (abs)        000FD0
_RCREG1                                              (abs)        000FAE
_RCSTA1                                              (abs)        000FAB
_RCSTA1bits                                          (abs)        000FAB
_SDCARD_Initialize                                   text4        000EFC
_SDCARD_PollWriteComplete                            text45       001CF2
_SDCARD_ReadBlock                                    text44       0016FA
_SDCARD_WriteBlock                                   text43       001902
_SPBRG1                                              (abs)        000FAF
_SPBRGH1                                             (abs)        000FB0
_SPI2_BufferExchange                                 (abs)        000000
_SPI2_BufferRead                                     (abs)        000000
_SPI2_BufferWrite                                    (abs)        000000
_SPI2_ByteExchange                                   text46       001FA2
_SPI2_ByteRead                                       (abs)        000000
_SPI2_ByteWrite                                      (abs)        000000
_SPI2_Close                                          text3        00205E
_SPI2_Deinitialize                                   (abs)        000000
_SPI2_Host                                           mediumconst  00799B
_SPI2_Initialize                                     text31       001FF2
_SPI2_IsRxReady                                      (abs)        000000
_SPI2_IsTxReady                                      (abs)        000000
_SPI2_Open                                           text2        001A38
_SSP2ADD                                             (abs)        000F6E
_SSP2BUF                                             (abs)        000F6F
_SSP2CON1                                            (abs)        000F6C
_SSP2CON1bits                                        (abs)        000F6C
_SSP2CON3                                            (abs)        000F69
_SSP2STAT                                            (abs)        000F6D
_SYSTEM_Initialize                                   text27       001EC4
_T0CON                                               (abs)        000FD5
_T0CONbits                                           (abs)        000FD5
_T1CON                                               (abs)        000FCD
_T1CONbits                                           (abs)        000FCD
_T1GCON                                              (abs)        000FCC
_T1GCONbits                                          (abs)        000FCC
_TMR0H                                               (abs)        000FD7
_TMR0L                                               (abs)        000FD6
_TMR0_CounterGet                                     text56       001F4C
_TMR0_CounterSet                                     text26       00200E
_TMR0_DefaultOverflowCallback                        text53       002066
_TMR0_Initialize                                     text29       001EEA
_TMR0_OverflowCallback                               nvBANK0      0000C3
_TMR0_OverflowCallbackRegister                       text30       002018
_TMR0_OverflowISR                                    text52       001E6E
_TMR1H                                               (abs)        000FCF
_TMR1L                                               (abs)        000FCE
_TMR1_CounterSet                                     text25       001CAE
_TMR1_DefaultGateCallback                            (abs)        000000
_TMR1_DefaultOverflowCallback                        (abs)        000000
_TMR1_GateCallback                                   nvBANK0      0000BF
_TMR1_Initialize                                     text28       001E0E
_TMR1_OverflowCallback                               nvBANK0      0000C1
_TRISA                                               (abs)        000F92
_TRISB                                               (abs)        000F93
_TRISC                                               (abs)        000F94
_TRISE                                               (abs)        000F96
_TXREG1                                              (abs)        000FAD
_TXSTA1                                              (abs)        000FAC
_TXSTA1bits                                          (abs)        000FAC
_UART1                                               mediumconst  00796B
_WPUB                                                (abs)        000F61
__HRAM                                               (abs)        000000
__H__absolute__                                      __absolute__ 000000
__Habs1                                              abs1         000000
__Hbank0                                             bank0        000000
__Hbank1                                             bank1        000000
__Hbank2                                             bank2        000000
__Hbank3                                             bank3        000000
__Hbank4                                             bank4        000000
__Hbank5                                             bank5        000000
__Hbigbss                                            bigbss       000000
__Hbigdata                                           bigdata      000000
__Hbigram                                            bigram       000000
__Hbigsfr                                            bigsfr       000000
__Hbss                                               bss          000000
__HbssBANK0                                          bssBANK0     000000
__HbssBIGRAM                                         bssBIGRAM    000000
__HbssCOMRAM                                         bssCOMRAM    000000
__Hcinit                                             cinit        000000
__Hclrtext                                           clrtext      000000
__Hcomram                                            comram       000000
__Hconfig                                            config       30000E
__Hconst                                             const        000000
__HcstackBANK0                                       cstackBANK0  000000
__HcstackCOMRAM                                      cstackCOMRAM 000000
__Hdata                                              data         000000
__HdataBANK0                                         dataBANK0    000000
__Heeprom_data                                       eeprom_data  000000
__Hfarbss                                            farbss       000000
__Hfardata                                           fardata      000000
__Hheap                                              heap         000000
__Hibigdata                                          ibigdata     000000
__Hidata                                             idata        000000
__HidataBANK0                                        idataBANK0   000000
__Hidloc                                             idloc        000000
__Hifardata                                          ifardata     000000
__Hinit                                              init         000060
__Hintcode                                           intcode      00005C
__Hintcode_body                                      intcode_body 000000
__Hintcodelo                                         intcodelo    000018
__Hintentry                                          intentry     000000
__Hintret                                            intret       000000
__Hintsave_regs                                      intsave_regs 000000
__Hirdata                                            irdata       000000
__Hmediumconst                                       mediumconst  008000
__HnvBANK0                                           nvBANK0      000000
__HnvFARRAM                                          nvFARRAM     000000
__Hnvbit                                             nvbit        000000
__Hnvrram                                            nvrram       000000
__Hparam                                             rparam       000000
__Hpowerup                                           powerup      000000
__Hram                                               ram          000000
__Hramtop                                            ramtop       000600
__Hrbit                                              rbit         000000
__Hrbss                                              rbss         000000
__Hrdata                                             rdata        000000
__Hreset_vec                                         reset_vec    000006
__Hrparam                                            rparam       000000
__Hsfr                                               sfr          000000
__Hsivt_hi                                           sivt_hi      000000
__Hsivt_lo                                           sivt_lo      000018
__Hsmallconst                                        smallconst   000000
__Hspace_0                                           (abs)        008000
__Hspace_1                                           (abs)        0004C7
__Hspace_2                                           (abs)        000000
__Hspace_4                                           (abs)        60000E
__Hstack                                             stack        000000
__Hstruct                                            struct       000000
__Htemp                                              temp         000000
__Htext                                              text         000000
__Htext0                                             text0        000000
__Htext1                                             text1        000000
__Htext10                                            text10       000000
__Htext11                                            text11       000000
__Htext12                                            text12       000000
__Htext13                                            text13       000000
__Htext14                                            text14       000000
__Htext15                                            text15       000000
__Htext16                                            text16       000000
__Htext17                                            text17       000000
__Htext18                                            text18       000000
__Htext19                                            text19       000000
__Htext2                                             text2        000000
__Htext20                                            text20       000000
__Htext21                                            text21       000000
__Htext22                                            text22       000000
__Htext23                                            text23       000000
__Htext24                                            text24       000000
__Htext25                                            text25       000000
__Htext26                                            text26       000000
__Htext27                                            text27       000000
__Htext28                                            text28       000000
__Htext29                                            text29       000000
__Htext3                                             text3        000000
__Htext30                                            text30       000000
__Htext31                                            text31       000000
__Htext32                                            text32       000000
__Htext33                                            text33       000000
__Htext34                                            text34       000000
__Htext35                                            text35       000000
__Htext36                                            text36       000000
__Htext37                                            text37       000000
__Htext38                                            text38       000000
__Htext39                                            text39       000000
__Htext4                                             text4        000000
__Htext40                                            text40       000000
__Htext41                                            text41       000000
__Htext42                                            text42       000000
__Htext43                                            text43       000000
__Htext44                                            text44       000000
__Htext45                                            text45       000000
__Htext46                                            text46       000000
__Htext47                                            text47       000000
__Htext48                                            text48       000000
__Htext49                                            text49       000000
__Htext5                                             text5        000000
__Htext50                                            text50       000000
__Htext52                                            text52       000000
__Htext53                                            text53       000000
__Htext54                                            text54       000000
__Htext55                                            text55       000000
__Htext56                                            text56       000000
__Htext6                                             text6        000000
__Htext7                                             text7        000000
__Htext8                                             text8        000000
__Htext9                                             text9        000000
__LRAM                                               (abs)        000001
__L__absolute__                                      __absolute__ 000000
__Labs1                                              abs1         000000
__Lbank0                                             bank0        000000
__Lbank1                                             bank1        000000
__Lbank2                                             bank2        000000
__Lbank3                                             bank3        000000
__Lbank4                                             bank4        000000
__Lbank5                                             bank5        000000
__Lbigbss                                            bigbss       000000
__Lbigdata                                           bigdata      000000
__Lbigram                                            bigram       000000
__Lbigsfr                                            bigsfr       000000
__Lbss                                               bss          000000
__LbssBANK0                                          bssBANK0     000000
__LbssBIGRAM                                         bssBIGRAM    000000
__LbssCOMRAM                                         bssCOMRAM    000000
__Lcinit                                             cinit        000000
__Lclrtext                                           clrtext      000000
__Lcomram                                            comram       000000
__Lconfig                                            config       000000
__Lconst                                             const        000000
__LcstackBANK0                                       cstackBANK0  000000
__LcstackCOMRAM                                      cstackCOMRAM 000000
__Ldata                                              data         000000
__LdataBANK0                                         dataBANK0    000000
__Leeprom_data                                       eeprom_data  000000
__Lfarbss                                            farbss       000000
__Lfardata                                           fardata      000000
__Lheap                                              heap         000000
__Libigdata                                          ibigdata     000000
__Lidata                                             idata        000000
__LidataBANK0                                        idataBANK0   000000
__Lidloc                                             idloc        000000
__Lifardata                                          ifardata     000000
__Linit                                              init         00005C
__Lintcode                                           intcode      000008
__Lintcode_body                                      intcode_body 000000
__Lintcodelo                                         intcodelo    000018
__Lintentry                                          intentry     000000
__Lintret                                            intret       000000
__Lintsave_regs                                      intsave_regs 000000
__Lirdata                                            irdata       000000
__Lmediumconst                                       mediumconst  00796A
__LnvBANK0                                           nvBANK0      000000
__LnvFARRAM                                          nvFARRAM     000000
__Lnvbit                                             nvbit        000000
__Lnvrram                                            nvrram       000000
__Lparam                                             rparam       000000
__Lpowerup                                           powerup      000000
__Lram                                               ram          000000
__Lramtop                                            ramtop       000600
__Lrbit                                              rbit         000000
__Lrbss                                              rbss         000000
__Lrdata                                             rdata        000000
__Lreset_vec                                         reset_vec    000000
__Lrparam                                            rparam       000000
__Lsfr                                               sfr          000000
__Lsivt_hi                                           sivt_hi      000000
__Lsivt_lo                                           sivt_lo      000018
__Lsmallconst                                        smallconst   000000
__Lspace_0                                           (abs)        000000
__Lspace_1                                           (abs)        000000
__Lspace_2                                           (abs)        000000
__Lspace_4                                           (abs)        000000
__Lstack                                             stack        000000
__Lstruct                                            struct       000000
__Ltemp                                              temp         000000
__Ltext                                              text         000000
__Ltext0                                             text0        000000
__Ltext1                                             text1        000000
__Ltext10                                            text10       000000
__Ltext11                                            text11       000000
__Ltext12                                            text12       000000
__Ltext13                                            text13       000000
__Ltext14                                            text14       000000
__Ltext15                                            text15       000000
__Ltext16                                            text16       000000
__Ltext17                                            text17       000000
__Ltext18                                            text18       000000
__Ltext19                                            text19       000000
__Ltext2                                             text2        000000
__Ltext20                                            text20       000000
__Ltext21                                            text21       000000
__Ltext22                                            text22       000000
__Ltext23                                            text23       000000
__Ltext24                                            text24       000000
__Ltext25                                            text25       000000
__Ltext26                                            text26       000000
__Ltext27                                            text27       000000
__Ltext28                                            text28       000000
__Ltext29                                            text29       000000
__Ltext3                                             text3        000000
__Ltext30                                            text30       000000
__Ltext31                                            text31       000000
__Ltext32                                            text32       000000
__Ltext33                                            text33       000000
__Ltext34                                            text34       000000
__Ltext35                                            text35       000000
__Ltext36                                            text36       000000
__Ltext37                                            text37       000000
__Ltext38                                            text38       000000
__Ltext39                                            text39       000000
__Ltext4                                             text4        000000
__Ltext40                                            text40       000000
__Ltext41                                            text41       000000
__Ltext42                                            text42       000000
__Ltext43                                            text43       000000
__Ltext44                                            text44       000000
__Ltext45                                            text45       000000
__Ltext46                                            text46       000000
__Ltext47                                            text47       000000
__Ltext48                                            text48       000000
__Ltext49                                            text49       000000
__Ltext5                                             text5        000000
__Ltext50                                            text50       000000
__Ltext52                                            text52       000000
__Ltext53                                            text53       000000
__Ltext54                                            text54       000000
__Ltext55                                            text55       000000
__Ltext56                                            text56       000000
__Ltext6                                             text6        000000
__Ltext7                                             text7        000000
__Ltext8                                             text8        000000
__Ltext9                                             text9        000000
__S0                                                 (abs)        008000
__S1                                                 (abs)        0004C7
__S4                                                 (abs)        000000
__S5                                                 (abs)        000000
___awdiv                                             text19       00163A
___awdiv@counter                                     cstackCOMRAM 000017
___awdiv@dividend                                    cstackCOMRAM 000013
___awdiv@divisor                                     cstackCOMRAM 000015
___awdiv@quotient                                    cstackCOMRAM 000019
___awdiv@sign                                        cstackCOMRAM 000018
___awmod                                             text18       0017AA
___awmod@counter                                     cstackCOMRAM 000017
___awmod@dividend                                    cstackCOMRAM 000013
___awmod@divisor                                     cstackCOMRAM 000015
___awmod@sign                                        cstackCOMRAM 000018
___heap_hi                                           (abs)        000000
___heap_lo                                           (abs)        000000
___inthi_sp                                          stack        000000
___inthi_stack_hi                                    stack        000000
___inthi_stack_lo                                    stack        000000
___intlo_sp                                          stack        000000
___intlo_stack_hi                                    stack        000000
___intlo_stack_lo                                    stack        000000
___lwdiv                                             text12       001B40
___lwdiv@counter                                     cstackCOMRAM 000017
___lwdiv@dividend                                    cstackCOMRAM 000013
___lwdiv@divisor                                     cstackCOMRAM 000015
___lwdiv@quotient                                    cstackCOMRAM 000018
___lwmod                                             text11       001BB2
___lwmod@counter                                     cstackCOMRAM 000017
___lwmod@dividend                                    cstackCOMRAM 000013
___lwmod@divisor                                     cstackCOMRAM 000015
___param_bank                                        (abs)        000000
___rparam_used                                       (abs)        000001
___sp                                                stack        000000
___stack_hi                                          stack        000000
___stack_lo                                          stack        000000
__accesstop                                          (abs)        000060
__activetblptr                                       (abs)        000002
__end_of_ADC_Initialize                              text42       001FF2
__end_of_CCP5_Initialize                             text41       002052
__end_of_CLOCK_Initialize                            text40       00200E
__end_of_EUSART1_DefaultFramingErrorCallback         text49       002066
__end_of_EUSART1_DefaultOverrunErrorCallback         text48       00205E
__end_of_EUSART1_FramingErrorCallbackRegister        text39       001FA2
__end_of_EUSART1_Initialize                          text37       001DA6
__end_of_EUSART1_IsRxReady                           text50       001FE2
__end_of_EUSART1_IsTxReady                           text24       001EC4
__end_of_EUSART1_OverrunErrorCallbackRegister        text38       001F86
__end_of_EUSART1_Read                                text47       001B40
__end_of_EUSART1_Write                               text23       002058
__end_of_INT0_SetInterruptHandler                    text36       002040
__end_of_INT1_SetInterruptHandler                    text35       002036
__end_of_INT2_SetInterruptHandler                    text34       00202C
__end_of_INTERRUPT_Initialize                        text33       001E0E
__end_of_INTERRUPT_InterruptManager                  intcode      00005C
__end_of_PIN_MANAGER_Initialize                      text32       001E6E
__end_of_SDCARD_Initialize                           text4        0010AA
__end_of_SDCARD_PollWriteComplete                    text45       001D32
__end_of_SDCARD_ReadBlock                            text44       0017AA
__end_of_SDCARD_WriteBlock                           text43       0019A8
__end_of_SPI2_ByteExchange                           text46       001FBA
__end_of_SPI2_Close                                  text3        002062
__end_of_SPI2_Host                                   mediumconst  0079B7
__end_of_SPI2_Initialize                             text31       002000
__end_of_SPI2_Open                                   text2        001ABE
__end_of_SYSTEM_Initialize                           text27       001EEA
__end_of_TMR0_CounterGet                             text56       001F6A
__end_of_TMR0_CounterSet                             text26       002018
__end_of_TMR0_DefaultOverflowCallback                text53       002068
__end_of_TMR0_Initialize                             text29       001F0C
__end_of_TMR0_OverflowCallbackRegister               text30       002022
__end_of_TMR0_OverflowISR                            text52       001E9E
__end_of_TMR1_CounterSet                             text25       001CF2
__end_of_TMR1_Initialize                             text28       001E3E
__end_of_UART1                                       mediumconst  00799B
__end_of___awdiv                                     text19       0016FA
__end_of___awmod                                     text18       001858
__end_of___lwdiv                                     text12       001BB2
__end_of___lwmod                                     text11       001C16
__end_of__initialization                             cinit        001C5A
__end_of_abs                                         text17       001DDA
__end_of_ctoa                                        text20       00163A
__end_of_dtoa                                        text14       001208
__end_of_fputc                                       text21       001578
__end_of_fputs                                       text16       001D70
__end_of_hexDumpBuffer                               text5        000EFC
__end_of_initSDCard                                  text1        001FCE
__end_of_main                                        text0        000A78
__end_of_myTMR0ISR                                   text54       0014AE
__end_of_pad                                         text15       001A38
__end_of_printf                                      text6        001F2C
__end_of_putch                                       text22       001F4C
__end_of_read_prec_or_width                          text13       001902
__end_of_sin                                         mediumconst  0079D1
__end_of_spi2_configuration                          mediumconst  0079E0
__end_of_utoa                                        text10       0013DA
__end_of_vfpfcnvrt                                   text8        000D12
__end_of_vfprintf                                    text7        001CAE
__end_of_xtoa                                        text9        001300
__end_ofi2_TMR0_CounterSet                           text55       00204A
__initialization                                     cinit        001C16
__mediumconst                                        mediumconst  00796A
__pbssBANK0                                          bssBANK0     000096
__pbssBIGRAM                                         bssBIGRAM    0000C7
__pbssCOMRAM                                         bssCOMRAM    00003E
__pcinit                                             cinit        001C16
__pcstackBANK0                                       cstackBANK0  000060
__pcstackCOMRAM                                      cstackCOMRAM 000002
__pdataBANK0                                         dataBANK0    0000C5
__pidataBANK0                                        idataBANK0   002062
__pintcode                                           intcode      000008
__pmediumconst                                       mediumconst  00796A
__pnvBANK0                                           nvBANK0      0000BF
__ptext0                                             text0        000060
__ptext1                                             text1        001FBA
__ptext10                                            text10       001300
__ptext11                                            text11       001BB2
__ptext12                                            text12       001B40
__ptext13                                            text13       001858
__ptext14                                            text14       0010AA
__ptext15                                            text15       0019A8
__ptext16                                            text16       001D32
__ptext17                                            text17       001DA6
__ptext18                                            text18       0017AA
__ptext19                                            text19       00163A
__ptext2                                             text2        001A38
__ptext20                                            text20       001578
__ptext21                                            text21       0014AE
__ptext22                                            text22       001F2C
__ptext23                                            text23       002052
__ptext24                                            text24       001E9E
__ptext25                                            text25       001CAE
__ptext26                                            text26       00200E
__ptext27                                            text27       001EC4
__ptext28                                            text28       001E0E
__ptext29                                            text29       001EEA
__ptext3                                             text3        00205E
__ptext30                                            text30       002018
__ptext31                                            text31       001FF2
__ptext32                                            text32       001E3E
__ptext33                                            text33       001DDA
__ptext34                                            text34       002022
__ptext35                                            text35       00202C
__ptext36                                            text36       002036
__ptext37                                            text37       001D70
__ptext38                                            text38       001F6A
__ptext39                                            text39       001F86
__ptext4                                             text4        000EFC
__ptext40                                            text40       002000
__ptext41                                            text41       00204A
__ptext42                                            text42       001FE2
__ptext43                                            text43       001902
__ptext44                                            text44       0016FA
__ptext45                                            text45       001CF2
__ptext46                                            text46       001FA2
__ptext47                                            text47       001ABE
__ptext48                                            text48       002058
__ptext49                                            text49       002064
__ptext5                                             text5        000D12
__ptext50                                            text50       001FCE
__ptext52                                            text52       001E6E
__ptext53                                            text53       002066
__ptext54                                            text54       0013DA
__ptext55                                            text55       002040
__ptext56                                            text56       001F4C
__ptext6                                             text6        001F0C
__ptext7                                             text7        001C68
__ptext8                                             text8        000A78
__ptext9                                             text9        001208
__ramtop                                             ramtop       000600
__smallconst                                         mediumconst  00796A
_abs                                                 text17       001DA6
_blueBuffer                                          bssBIGRAM    0002C7
_blueIdx                                             bssBANK0     000098
_ctoa                                                text20       001578
_dbuf                                                bssBANK0     00009F
_dtoa                                                text14       0010AA
_dtoa$2843                                           cstackCOMRAM 000030
_eusart1RxLastError                                  bssBANK0     00009C
_flags                                               bssCOMRAM    00004E
_fputc                                               text21       0014AE
_fputs                                               text16       001D32
_hexDumpBuffer                                       text5        000D12
_initSDCard                                          text1        001FBA
_main                                                text0        000060
_myTMR0ISR                                           text54       0013DA
_pad                                                 text15       0019A8
_prec                                                bssBANK0     000096
_printf                                              text6        001F0C
_putch                                               text22       001F2C
_read_prec_or_width                                  text13       001858
_redBuffer                                           bssBIGRAM    0000C7
_redIdx                                              bssBANK0     00009A
_sampleRate                                          dataBANK0    0000C5
_sin                                                 mediumconst  0079B7
_spi2_configuration                                  mediumconst  0079D1
_systemState                                         bssBANK0     00009E
_timer1ReloadVal                                     bssCOMRAM    000044
_tmr0PeriodCount                                     bssCOMRAM    000046
_utoa                                                text10       001300
_vfpfcnvrt                                           text8        000A78
_vfprintf                                            text7        001C68
_width                                               bssCOMRAM    00003E
_xtoa                                                text9        001208
abs@a                                                cstackCOMRAM 000019
btemp                                                (abs)        000001
btemp0                                               (abs)        000001
btemp1                                               (abs)        000002
ctoa@c                                               cstackCOMRAM 000020
ctoa@fp                                              cstackCOMRAM 00001E
ctoa@l                                               cstackCOMRAM 000022
ctoa@w                                               cstackCOMRAM 000024
dtoa@d                                               cstackCOMRAM 00002E
dtoa@fp                                              cstackCOMRAM 00002C
dtoa@i                                               cstackCOMRAM 000036
dtoa@p                                               cstackCOMRAM 000032
dtoa@s                                               cstackCOMRAM 000035
dtoa@w                                               cstackCOMRAM 000033
end_of_initialization                                cinit        001C5A
fputc@c                                              cstackCOMRAM 000015
fputc@fp                                             cstackCOMRAM 000017
fputs@c                                              cstackCOMRAM 000021
fputs@fp                                             cstackCOMRAM 00001F
fputs@i                                              cstackCOMRAM 000022
fputs@s                                              cstackCOMRAM 00001E
hexDumpBuffer@i                                      cstackBANK0  00007F
hexDumpBuffer@j                                      cstackBANK0  00007B
hexDumpBuffer@j_2178                                 cstackBANK0  00007D
hexDumpBuffer@sdCardBuffer                           cstackBANK0  000077
i2TMR0_CounterSet@counterValue                       cstackCOMRAM 00000A
i2_TMR0_CounterSet                                   text55       002040
int$flags                                            (abs)        000001
intlevel0                                            text         000000
intlevel1                                            text         000000
intlevel2                                            text         000000
intlevel3                                            text         000000
isa$std                                              (abs)        000001
isa$xinst                                            (abs)        000000
main@_                                               cstackBANK0  000084
main@__2109                                          cstackBANK0  000085
main@blockCount_2091                                 cstackBANK0  00008D
main@cmd                                             cstackBANK0  00008F
main@i                                               cstackBANK0  000090
main@i_2092                                          cstackBANK0  00008B
main@i_2110                                          cstackBANK0  000088
main@j                                               cstackBANK0  000087
main@sdCardAddress                                   cstackBANK0  000092
main@sineIdx                                         cstackBANK0  00008A
main@status                                          cstackBANK0  000086
main@uuuu                                            cstackBANK0  000083
myTMR0ISR@micReadInVal                               cstackCOMRAM 00000E
pad@buf                                              cstackCOMRAM 000026
pad@fp                                               cstackCOMRAM 000024
pad@i                                                cstackCOMRAM 00002A
pad@p                                                cstackCOMRAM 000027
printf@ap                                            cstackCOMRAM 00003D
printf@fmt                                           cstackBANK0  000071
putch@txData                                         cstackCOMRAM 000014
read_prec_or_width@ap                                cstackCOMRAM 000014
read_prec_or_width@c                                 cstackCOMRAM 000017
read_prec_or_width@fmt                               cstackCOMRAM 000013
read_prec_or_width@n                                 cstackCOMRAM 000018
stackhi                                              (abs)        000000
stacklo                                              (abs)        000000
start                                                init         00005C
start_initialization                                 cinit        001C16
utoa@d                                               cstackCOMRAM 00002E
utoa@fp                                              cstackCOMRAM 00002C
utoa@i                                               cstackCOMRAM 000033
utoa@p                                               cstackCOMRAM 000030
utoa@w                                               cstackCOMRAM 000031
vfpfcnvrt@ap                                         cstackCOMRAM 00003C
vfpfcnvrt@c                                          cstackBANK0  000062
vfpfcnvrt@convarg                                    cstackBANK0  000064
vfpfcnvrt@cp                                         cstackBANK0  000068
vfpfcnvrt@done                                       cstackBANK0  000063
vfpfcnvrt@fmt                                        cstackCOMRAM 00003B
vfpfcnvrt@fp                                         cstackCOMRAM 000039
vfprintf@ap                                          cstackBANK0  00006E
vfprintf@cfmt                                        cstackBANK0  00006F
vfprintf@fmt                                         cstackBANK0  00006C
vfprintf@fp                                          cstackBANK0  00006A
xtoa@c                                               cstackCOMRAM 000036
xtoa@d                                               cstackCOMRAM 00002E
xtoa@fp                                              cstackCOMRAM 00002C
xtoa@i                                               cstackCOMRAM 000037
xtoa@p                                               cstackCOMRAM 000033
xtoa@w                                               cstackCOMRAM 000034


MODULE INFORMATION

Module		Function		Class		Link	Load	Size
/opt/microchip/xc8/v3.10/pic/sources/c99/common/abs.c
		_abs           		CODE           	1DA6	0000	52

/opt/microchip/xc8/v3.10/pic/sources/c99/common/abs.c estimated size: 52

/opt/microchip/xc8/v3.10/pic/sources/c99/common/nf_fputc.c
		_fputc         		CODE           	14AE	0000	202

/opt/microchip/xc8/v3.10/pic/sources/c99/common/nf_fputc.c estimated size: 202

/opt/microchip/xc8/v3.10/pic/sources/c99/common/lwmod.c
		___lwmod       		CODE           	1BB2	0000	100

/opt/microchip/xc8/v3.10/pic/sources/c99/common/lwmod.c estimated size: 100

/opt/microchip/xc8/v3.10/pic/sources/c99/common/awmod.c
		___awmod       		CODE           	17AA	0000	174

/opt/microchip/xc8/v3.10/pic/sources/c99/common/awmod.c estimated size: 174

mcc_generated_files/timer/src/tmr1.c
		_TMR1_Initialize		CODE           	1E0E	0000	48
		_TMR1_CounterSet		CODE           	1CAE	0000	68

mcc_generated_files/timer/src/tmr1.c estimated size: 116

mcc_generated_files/system/src/interrupt.c
		_INT0_SetInterruptHandler		CODE           	2036	0000	10
		_INT1_SetInterruptHandler		CODE           	202C	0000	10
		_INT2_SetInterruptHandler		CODE           	2022	0000	10
		_INTERRUPT_Initialize		CODE           	1DDA	0000	52
		_INTERRUPT_InterruptManager		CODE           	0008	0000	84

mcc_generated_files/system/src/interrupt.c estimated size: 166

/opt/microchip/xc8/v3.10/pic/sources/c99/common/doprnt.c
		_read_prec_or_width		CODE           	1858	0000	170
		_vfpfcnvrt     		CODE           	0A78	0000	666
		_pad           		CODE           	19A8	0000	144
		_ctoa          		CODE           	1578	0000	194
		_dtoa          		CODE           	10AA	0000	350
		_vfprintf      		CODE           	1C68	0000	70
		_utoa          		CODE           	1300	0000	218
		_xtoa          		CODE           	1208	0000	248

/opt/microchip/xc8/v3.10/pic/sources/c99/common/doprnt.c estimated size: 2060

mcc_generated_files/adc/src/adc.c
		_ADC_Initialize		CODE           	1FE2	0000	16

mcc_generated_files/adc/src/adc.c estimated size: 16

mcc_generated_files/system/src/pins.c
		_PIN_MANAGER_Initialize		CODE           	1E3E	0000	48

mcc_generated_files/system/src/pins.c estimated size: 48

mcc_generated_files/spi/src/mssp2.c
		_SPI2_ByteExchange		CODE           	1FA2	0000	24
		_SPI2_Open     		CODE           	1A38	0000	134
		_SPI2_Initialize		CODE           	1FF2	0000	14
		_SPI2_Close    		CODE           	205E	0000	4

mcc_generated_files/spi/src/mssp2.c estimated size: 176

shared
		i2_TMR0_CounterSet		CODE           	2040	0000	10
		_sin           		MEDIUMCONST    	79B7	0000	26
		__initialization		CODE           	1C16	0000	68
		_UART1         		MEDIUMCONST    	796B	0000	48
		_SPI2_Host     		MEDIUMCONST    	799B	0000	28
		_spi2_configuration		MEDIUMCONST    	79D1	0000	15

shared estimated size: 195

/opt/microchip/xc8/v3.10/pic/sources/c99/common/lwdiv.c
		___lwdiv       		CODE           	1B40	0000	114

/opt/microchip/xc8/v3.10/pic/sources/c99/common/lwdiv.c estimated size: 114

/opt/microchip/xc8/v3.10/pic/sources/c99/common/awdiv.c
		___awdiv       		CODE           	163A	0000	192

/opt/microchip/xc8/v3.10/pic/sources/c99/common/awdiv.c estimated size: 192

/opt/microchip/xc8/v3.10/pic/sources/c99/common/nf_fputs.c
		_fputs         		CODE           	1D32	0000	62

/opt/microchip/xc8/v3.10/pic/sources/c99/common/nf_fputs.c estimated size: 62

mcc_generated_files/capture/src/ccp5.c
		_CCP5_Initialize		CODE           	204A	0000	8

mcc_generated_files/capture/src/ccp5.c estimated size: 8

mcc_generated_files/system/src/clock.c
		_CLOCK_Initialize		CODE           	2000	0000	14

mcc_generated_files/system/src/clock.c estimated size: 14

mcc_generated_files/timer/src/tmr0.c
		_TMR0_OverflowCallbackRegister		CODE           	2018	0000	10
		_TMR0_DefaultOverflowCallback		CODE           	2066	0000	2
		_TMR0_CounterGet		CODE           	1F4C	0000	30
		_TMR0_CounterSet		CODE           	200E	0000	10
		_TMR0_OverflowISR		CODE           	1E6E	0000	48
		_TMR0_Initialize		CODE           	1EEA	0000	34

mcc_generated_files/timer/src/tmr0.c estimated size: 134

/opt/microchip/xc8/v3.10/pic/sources/c99/common/printf.c
		_printf        		CODE           	1F0C	0000	32

/opt/microchip/xc8/v3.10/pic/sources/c99/common/printf.c estimated size: 32

main.c
		_main          		CODE           	0060	0000	2584
		_initSDCard    		CODE           	1FBA	0000	20
		_myTMR0ISR     		CODE           	13DA	0000	212

main.c estimated size: 2816

mcc_generated_files/uart/src/eusart1.c
		_EUSART1_Initialize		CODE           	1D70	0000	54
		_putch         		CODE           	1F2C	0000	32
		_EUSART1_DefaultFramingErrorCallback		CODE           	2064	0000	2
		_EUSART1_Read  		CODE           	1ABE	0000	130
		_EUSART1_Write 		CODE           	2052	0000	6
		_EUSART1_FramingErrorCallbackRegister		CODE           	1F86	0000	28
		_EUSART1_IsRxReady		CODE           	1FCE	0000	20
		_EUSART1_IsTxReady		CODE           	1E9E	0000	38
		_EUSART1_OverrunErrorCallbackRegister		CODE           	1F6A	0000	28
		_EUSART1_DefaultOverrunErrorCallback		CODE           	2058	0000	6

mcc_generated_files/uart/src/eusart1.c estimated size: 344

sdCard.c
		_SDCARD_Initialize		CODE           	0EFC	0000	430
		_hexDumpBuffer 		CODE           	0D12	0000	490
		_SDCARD_PollWriteComplete		CODE           	1CF2	0000	64
		_SDCARD_ReadBlock		CODE           	16FA	0000	176
		_SDCARD_WriteBlock		CODE           	1902	0000	166

sdCard.c estimated size: 1326

mcc_generated_files/system/src/system.c
		_SYSTEM_Initialize		CODE           	1EC4	0000	38

mcc_generated_files/system/src/system.c estimated size: 38

