Microchip MPLAB XC8 Compiler V3.00

Linker command line:

-W-3 \
  --edf=/Applications/microchip/mplabx/v6.25/packs/Microchip/PIC18F-K_DFP/1.14.301/xc8/pic/dat/20241213203129_en.msgs \
  -cn -h+dist/default/production/inLab09.X.production.sym \
  --cmf=dist/default/production/inLab09.X.production.cmf -z -Q18F25K22 \
  -o/tmp/xcbqoPn7W/driver_tmp_3.o --defsym=__MPLAB_BUILD=1 \
  --fixupoverflow=error -Mdist/default/production/inLab09.X.production.map \
  --md=/tmp/xcbqoPn7W/driver_tmp_0.dat -E1 -ver=XC8 Compiler \
  -ACODE=00h-07FFFh -ACONST=00h-07FFFh -ASMALLCONST=0600h-06FFhx122 \
  -AMEDIUMCONST=0600h-07FFFh -ACOMRAM=01h-05Fh -AABS1=00h-05FFh \
  -ABIGRAM=01h-05FFh -ARAM=060h-0FFh,0100h-01FFhx5 -ABANK0=060h-0FFh \
  -ABANK1=0100h-01FFh -ABANK2=0200h-02FFh -ABANK3=0300h-03FFh \
  -ABANK4=0400h-04FFh -ABANK5=0500h-05FFh -ASFR=0F38h-0F5Fh,0F60h-0FFFh \
  -ABIGSFR=0F38h-0FFFh -ACONFIG=0300000h-030000Dh -AIDLOC=0200000h-0200007h \
  -AEEDATA=0F00000h-0F000FFh -peeprom_data=EEDATA \
  -preset_vec=00h,intcode=8h,intcodelo=18h,sivt_lo,sivt_hi=CODE \
  -ppowerup=CODE,init -pramtop=0600h -psmallconst=SMALLCONST \
  -pmediumconst=MEDIUMCONST -pconst=CONST -AFARRAM=00h-00h \
  -prdata=COMRAM,nvrram=COMRAM,nvbit=COMRAM,rbss=COMRAM,rbit=COMRAM \
  -pfarbss=FARRAM,fardata=FARRAM,nvFARRAM=FARRAM \
  -pintsave_regs=BIGRAM,bigbss=BIGRAM,bigdata=BIGRAM -pbss=RAM \
  -pidata=CODE,irdata=CODE,ibigdata=CODE,ifardata=CODE -prparam=COMRAM \
  /tmp/xcbqoPn7W/driver_tmp_14.o \
  dist/default/production/inLab09.X.production.o 

Object code version is 3.11

Machine type is 18F25K22



                Name                               Link     Load   Length Selector   Space Scale
/tmp/xcbqoPn7W/driver_tmp_14.o
                config                           300000   300000        E        0       4
                init                                 4C       4C        4        4       0
                reset_vec                             0        0        4        0       0
dist/default/production/inLab09.X.production.o
                intcode                               8        8       44        4       0
                config                           300000   300000        E        0       4
                temp                                 51       51        1        1       1
                mediumconst                        7A9E     7A9E      562     3D4F       0
                text48                             181E     181E       1E        4       0
                text47                             190A     190A        A        4       0
                text46                             15E4     15E4       3E        4       0
                text45                             1928     1928        2        4       0
                text44                             1734     1734       32        4       0
                text42                             18A8     18A8       14        4       0
                text41                             1926     1926        2        4       0
                text40                             191C     191C        6        4       0
                text39                             14D4     14D4       88        4       0
                text38                             188E     188E       1A        4       0
                text37                             1796     1796       26        4       0
                text36                             1914     1914        8        4       0
                text35                             1800     1800       1E        4       0
                text34                              EE0      EE0       CA        4       0
                text33                              FAA      FAA       C8        4       0
                text32                             1072     1072       C2        4       0
                text31                             1134     1134       AE        4       0
                text30                             1700     1700       34        4       0
                text29                             15A4     15A4       40        4       0
                text28                             1328     1328       96        4       0
                text27                              C7E      C7E      168        4       0
                text26                             11E2     11E2       AC        4       0
                text25                              DE6      DE6       FA        4       0
                text24                              6C0      6C0      25A        4       0
                text23                             155C     155C       48        4       0
                text22                             17E0     17E0       20        4       0
                text21                              B06      B06      178        4       0
                text20                             1694     1694       38        4       0
                text19                             128E     128E       9A        4       0
                text18                             13BE     13BE       8E        4       0
                text17                             1922     1922        4        4       0
                text16                             144C     144C       88        4       0
                text15                             18CA     18CA        E        4       0
                text14                             1858     1858       1C        4       0
                text13                             183C     183C       1C        4       0
                text12                             165C     165C       38        4       0
                text11                             1900     1900        A        4       0
                text10                             18F6     18F6        A        4       0
                text9                              18EC     18EC        A        4       0
                text8                              16CC     16CC       34        4       0
                text7                              1766     1766       30        4       0
                text6                              18BC     18BC        E        4       0
                text5                              18E2     18E2        A        4       0
                text4                              17BC     17BC       24        4       0
                text3                              1874     1874       1A        4       0
                text2                              18D8     18D8        A        4       0
                text1                               91A      91A      1EC        4       0
                text0                                50       50      670        4       0
                cstackCOMRAM                          1        1       43        1       1
                cstackBANK0                          86       86       21       60       1
                bssBIGRAM                            A9       A9      200       A9       1
                bssBANK0                             60       60       26       60       1
                bssCOMRAM                            44       44        D        1       1
                cinit                              1622     1622       3A        4       0
                nvBANK0                              A7       A7        2       60       1

TOTAL           Name                               Link     Load   Length     Space
        CLASS   CODE           
                intcode                               8        8       44         0
                init                                 4C       4C        4         0
                reset_vec                             0        0        4         0
                text48                             181E     181E       1E         0
                text47                             190A     190A        A         0
                text46                             15E4     15E4       3E         0
                text45                             1928     1928        2         0
                text44                             1734     1734       32         0
                text42                             18A8     18A8       14         0
                text41                             1926     1926        2         0
                text40                             191C     191C        6         0
                text39                             14D4     14D4       88         0
                text38                             188E     188E       1A         0
                text37                             1796     1796       26         0
                text36                             1914     1914        8         0
                text35                             1800     1800       1E         0
                text34                              EE0      EE0       CA         0
                text33                              FAA      FAA       C8         0
                text32                             1072     1072       C2         0
                text31                             1134     1134       AE         0
                text30                             1700     1700       34         0
                text29                             15A4     15A4       40         0
                text28                             1328     1328       96         0
                text27                              C7E      C7E      168         0
                text26                             11E2     11E2       AC         0
                text25                              DE6      DE6       FA         0
                text24                              6C0      6C0      25A         0
                text23                             155C     155C       48         0
                text22                             17E0     17E0       20         0
                text21                              B06      B06      178         0
                text20                             1694     1694       38         0
                text19                             128E     128E       9A         0
                text18                             13BE     13BE       8E         0
                text17                             1922     1922        4         0
                text16                             144C     144C       88         0
                text15                             18CA     18CA        E         0
                text14                             1858     1858       1C         0
                text13                             183C     183C       1C         0
                text12                             165C     165C       38         0
                text11                             1900     1900        A         0
                text10                             18F6     18F6        A         0
                text9                              18EC     18EC        A         0
                text8                              16CC     16CC       34         0
                text7                              1766     1766       30         0
                text6                              18BC     18BC        E         0
                text5                              18E2     18E2        A         0
                text4                              17BC     17BC       24         0
                text3                              1874     1874       1A         0
                text2                              18D8     18D8        A         0
                text1                               91A      91A      1EC         0
                text0                                50       50      670         0
                cinit                              1622     1622       3A         0

        CLASS   CONST          

        CLASS   SMALLCONST     

        CLASS   MEDIUMCONST    
                mediumconst                        7A9E     7A9E      562         0

        CLASS   COMRAM         
                temp                                 51       51        1         1
                cstackCOMRAM                          1        1       43         1
                bssCOMRAM                            44       44        D         1

        CLASS   ABS1           

        CLASS   BIGRAM         
                bssBIGRAM                            A9       A9      200         1

        CLASS   RAM            

        CLASS   BANK0          
                cstackBANK0                          86       86       21         1
                bssBANK0                             60       60       26         1
                nvBANK0                              A7       A7        2         1

        CLASS   BANK1          

        CLASS   BANK2          

        CLASS   BANK3          

        CLASS   BANK4          

        CLASS   BANK5          

        CLASS   SFR            

        CLASS   BIGSFR         

        CLASS   CONFIG         
                config                           300000   300000        E         4

        CLASS   IDLOC          

        CLASS   EEDATA         

        CLASS   FARRAM         

        CLASS   HEAP           

        CLASS   STACK          



SEGMENTS        Name                           Load    Length   Top    Selector   Space  Class

                reset_vec                      000000  000004  000004         0       0  CODE    
                cstackCOMRAM                   000001  000051  000052         1       1  COMRAM  
                bssBIGRAM                      0000A9  000200  0002A9        A9       1  BIGRAM  
                bssBANK0                       000060  000049  0000A9        60       1  BANK0   
                intcode                        000008  001922  00192A         4       0  CODE    
                mediumconst                    007A9E  000562  008000      3D4F       0  MEDIUMCO


UNUSED ADDRESS RANGES

        Name                Unused          Largest block    Delta
        BANK2            0002A9-0002FF               57
        BANK3            000300-0003FF              100
        BANK4            000400-0004FF              100
        BANK5            000500-0005FF              100
        BIGRAM           000052-00005F                E
                         0002A9-0005FF              357
        BIGSFR           000F38-000FFF               C8
        CODE             000004-000007                4
                         00192A-007A9D             6174
        COMRAM           000052-00005F                E
        CONST            000004-000007                4
                         00192A-007A9D             6174
        EEDATA           F00000-F000FF              100
        IDLOC            200000-200007                8
        MEDIUMCONST      00192A-007A9D             6174
        RAM              0002A9-0005FF              100
        SFR              000F38-000FFF               28
        SMALLCONST       00192A-007A9D              100

                                  Symbol Table

?_TMR0_CounterGet                                    cstackCOMRAM 000001
?___awdiv                                            cstackCOMRAM 00000F
?___awmod                                            cstackCOMRAM 00000F
?_abs                                                cstackCOMRAM 000015
?_printf                                             cstackBANK0  00008D
?_read_prec_or_width                                 cstackCOMRAM 00000F
?_vfprintf                                           cstackBANK0  000086
EUSART1_FramingErrorCallbackRegister@callbackHandler cstackCOMRAM 00000F
EUSART1_OverrunErrorCallbackRegister@callbackHandler cstackCOMRAM 00000F
EUSART1_Write@txData                                 cstackCOMRAM 00000F
INT0_SetInterruptHandler@InterruptHandler            cstackCOMRAM 00000F
INT1_SetInterruptHandler@InterruptHandler            cstackCOMRAM 00000F
INT2_SetInterruptHandler@InterruptHandler            cstackCOMRAM 00000F
SDCARD_Initialize@i                                  cstackBANK0  000093
SDCARD_Initialize@response                           cstackBANK0  000096
SDCARD_Initialize@verbose                            cstackBANK0  000095
SDCARD_PollWriteComplete@status                      cstackCOMRAM 000010
SDCARD_ReadBlock@addr                                cstackCOMRAM 000010
SDCARD_ReadBlock@i                                   cstackCOMRAM 000016
SDCARD_ReadBlock@sdCardBuffer                        cstackCOMRAM 000014
SDCARD_WriteBlock@addr                               cstackCOMRAM 000010
SDCARD_WriteBlock@i                                  cstackCOMRAM 000016
SDCARD_WriteBlock@sdCardBuffer                       cstackCOMRAM 000014
SPI2_ByteExchange@byteData                           cstackCOMRAM 00000F
SPI2_Open@spiConfigIndex                             cstackCOMRAM 00000F
TMR0_CounterGet@counterHighByte                      cstackCOMRAM 000008
TMR0_CounterGet@counterLowByte                       cstackCOMRAM 000007
TMR0_CounterGet@counterValue                         cstackCOMRAM 000005
TMR0_CounterSet@counterValue                         cstackCOMRAM 00000F
TMR0_OverflowCallbackRegister@callbackHandler        cstackCOMRAM 00000F
_ANSELA                                              (abs)        000F38
_ANSELB                                              (abs)        000F39
_ANSELC                                              (abs)        000F3A
_BAUDCON1                                            (abs)        000FB8
_BAUDCON1bits                                        (abs)        000FB8
_CLOCK_Initialize                                    text15       0018CA
_EUSART1_AutoBaudQuery                               (abs)        000000
_EUSART1_AutoBaudSet                                 (abs)        000000
_EUSART1_DefaultFramingErrorCallback                 text41       001926
_EUSART1_DefaultOverrunErrorCallback                 text40       00191C
_EUSART1_Deinitialize                                (abs)        000000
_EUSART1_ErrorGet                                    (abs)        000000
_EUSART1_FramingErrorCallbackRegister                text14       001858
_EUSART1_FramingErrorHandler                         bssCOMRAM    000046
_EUSART1_Initialize                                  text12       00165C
_EUSART1_IsRxReady                                   text42       0018A8
_EUSART1_IsTxDone                                    (abs)        000000
_EUSART1_IsTxReady                                   text37       001796
_EUSART1_IsTxReady$1656                              cstackCOMRAM 00000F
_EUSART1_OverrunErrorCallbackRegister                text13       00183C
_EUSART1_OverrunErrorHandler                         bssBANK0     000062
_EUSART1_Read                                        text39       0014D4
_EUSART1_TransmitDisable                             (abs)        000000
_EUSART1_TransmitEnable                              (abs)        000000
_EUSART1_Write                                       text36       001914
_INT0_DefaultInterruptHandler                        (abs)        000000
_INT0_InterruptHandler                               bssCOMRAM    00004E
_INT0_SetInterruptHandler                            text11       001900
_INT1_DefaultInterruptHandler                        (abs)        000000
_INT1_InterruptHandler                               bssCOMRAM    00004C
_INT1_SetInterruptHandler                            text10       0018F6
_INT2_DefaultInterruptHandler                        (abs)        000000
_INT2_InterruptHandler                               bssCOMRAM    00004A
_INT2_SetInterruptHandler                            text9        0018EC
_INTCON2bits                                         (abs)        000FF1
_INTCON3bits                                         (abs)        000FF0
_INTCONbits                                          (abs)        000FF2
_INTERRUPT_Initialize                                text8        0016CC
_INTERRUPT_InterruptManager                          intcode      000008
_IOCB                                                (abs)        000F62
_LATA                                                (abs)        000F89
_LATAbits                                            (abs)        000F89
_LATB                                                (abs)        000F8A
_LATBbits                                            (abs)        000F8A
_LATC                                                (abs)        000F8B
_LATCbits                                            (abs)        000F8B
_OSCCON                                              (abs)        000FD3
_OSCCON2                                             (abs)        000FD2
_OSCTUNE                                             (abs)        000F9B
_PIE3bits                                            (abs)        000FA3
_PIN_MANAGER_Initialize                              text7        001766
_PIR1bits                                            (abs)        000F9E
_PIR3bits                                            (abs)        000FA4
_RCONbits                                            (abs)        000FD0
_RCREG1                                              (abs)        000FAE
_RCSTA1                                              (abs)        000FAB
_RCSTA1bits                                          (abs)        000FAB
_SDCARD_Initialize                                   text21       000B06
_SDCARD_PollWriteComplete                            text20       001694
_SDCARD_ReadBlock                                    text19       00128E
_SDCARD_WriteBlock                                   text18       0013BE
_SPBRG1                                              (abs)        000FAF
_SPBRGH1                                             (abs)        000FB0
_SPI2_BufferExchange                                 (abs)        000000
_SPI2_BufferRead                                     (abs)        000000
_SPI2_BufferWrite                                    (abs)        000000
_SPI2_ByteExchange                                   text38       00188E
_SPI2_ByteRead                                       (abs)        000000
_SPI2_ByteWrite                                      (abs)        000000
_SPI2_Close                                          text17       001922
_SPI2_Deinitialize                                   (abs)        000000
_SPI2_Host                                           mediumconst  007ACF
_SPI2_Initialize                                     text6        0018BC
_SPI2_IsRxReady                                      (abs)        000000
_SPI2_IsTxReady                                      (abs)        000000
_SPI2_Open                                           text16       00144C
_SSP2ADD                                             (abs)        000F6E
_SSP2BUF                                             (abs)        000F6F
_SSP2CON1                                            (abs)        000F6C
_SSP2CON1bits                                        (abs)        000F6C
_SSP2CON3                                            (abs)        000F69
_SSP2STAT                                            (abs)        000F6D
_SYSTEM_Initialize                                   text3        001874
_T0CON                                               (abs)        000FD5
_T0CONbits                                           (abs)        000FD5
_TMR0H                                               (abs)        000FD7
_TMR0L                                               (abs)        000FD6
_TMR0_CounterGet                                     text48       00181E
_TMR0_CounterSet                                     text2        0018D8
_TMR0_DefaultOverflowCallback                        text45       001928
_TMR0_Initialize                                     text4        0017BC
_TMR0_OverflowCallback                               nvBANK0      0000A7
_TMR0_OverflowCallbackRegister                       text5        0018E2
_TMR0_OverflowISR                                    text44       001734
_TRISA                                               (abs)        000F92
_TRISB                                               (abs)        000F93
_TRISC                                               (abs)        000F94
_TRISE                                               (abs)        000F96
_TXREG1                                              (abs)        000FAD
_TXSTA1                                              (abs)        000FAC
_TXSTA1bits                                          (abs)        000FAC
_UART1                                               mediumconst  007A9F
_WPUB                                                (abs)        000F61
__HRAM                                               (abs)        000000
__H__absolute__                                      __absolute__ 000000
__Habs1                                              abs1         000000
__Hbank0                                             bank0        000000
__Hbank1                                             bank1        000000
__Hbank2                                             bank2        000000
__Hbank3                                             bank3        000000
__Hbank4                                             bank4        000000
__Hbank5                                             bank5        000000
__Hbigbss                                            bigbss       000000
__Hbigdata                                           bigdata      000000
__Hbigram                                            bigram       000000
__Hbigsfr                                            bigsfr       000000
__Hbss                                               bss          000000
__HbssBANK0                                          bssBANK0     000000
__HbssBIGRAM                                         bssBIGRAM    000000
__HbssCOMRAM                                         bssCOMRAM    000000
__Hcinit                                             cinit        000000
__Hclrtext                                           clrtext      000000
__Hcomram                                            comram       000000
__Hconfig                                            config       30000E
__Hconst                                             const        000000
__HcstackBANK0                                       cstackBANK0  000000
__HcstackCOMRAM                                      cstackCOMRAM 000000
__Hdata                                              data         000000
__Heeprom_data                                       eeprom_data  000000
__Hfarbss                                            farbss       000000
__Hfardata                                           fardata      000000
__Hheap                                              heap         000000
__Hibigdata                                          ibigdata     000000
__Hidata                                             idata        000000
__Hidloc                                             idloc        000000
__Hifardata                                          ifardata     000000
__Hinit                                              init         000050
__Hintcode                                           intcode      00004C
__Hintcode_body                                      intcode_body 000000
__Hintcodelo                                         intcodelo    000018
__Hintentry                                          intentry     000000
__Hintret                                            intret       000000
__Hintsave_regs                                      intsave_regs 000000
__Hirdata                                            irdata       000000
__Hmediumconst                                       mediumconst  008000
__HnvBANK0                                           nvBANK0      000000
__HnvFARRAM                                          nvFARRAM     000000
__Hnvbit                                             nvbit        000000
__Hnvrram                                            nvrram       000000
__Hparam                                             rparam       000000
__Hpowerup                                           powerup      000000
__Hram                                               ram          000000
__Hramtop                                            ramtop       000600
__Hrbit                                              rbit         000000
__Hrbss                                              rbss         000000
__Hrdata                                             rdata        000000
__Hreset_vec                                         reset_vec    000004
__Hrparam                                            rparam       000000
__Hsfr                                               sfr          000000
__Hsivt_hi                                           sivt_hi      000000
__Hsivt_lo                                           sivt_lo      000018
__Hsmallconst                                        smallconst   000000
__Hspace_0                                           (abs)        008000
__Hspace_1                                           (abs)        0002A9
__Hspace_2                                           (abs)        000000
__Hspace_4                                           (abs)        60000E
__Hstack                                             stack        000000
__Hstruct                                            struct       000000
__Htemp                                              temp         000052
__Htext                                              text         000000
__Htext0                                             text0        000000
__Htext1                                             text1        000000
__Htext10                                            text10       000000
__Htext11                                            text11       000000
__Htext12                                            text12       000000
__Htext13                                            text13       000000
__Htext14                                            text14       000000
__Htext15                                            text15       000000
__Htext16                                            text16       000000
__Htext17                                            text17       000000
__Htext18                                            text18       000000
__Htext19                                            text19       000000
__Htext2                                             text2        000000
__Htext20                                            text20       000000
__Htext21                                            text21       000000
__Htext22                                            text22       000000
__Htext23                                            text23       000000
__Htext24                                            text24       000000
__Htext25                                            text25       000000
__Htext26                                            text26       000000
__Htext27                                            text27       000000
__Htext28                                            text28       000000
__Htext29                                            text29       000000
__Htext3                                             text3        000000
__Htext30                                            text30       000000
__Htext31                                            text31       000000
__Htext32                                            text32       000000
__Htext33                                            text33       000000
__Htext34                                            text34       000000
__Htext35                                            text35       000000
__Htext36                                            text36       000000
__Htext37                                            text37       000000
__Htext38                                            text38       000000
__Htext39                                            text39       000000
__Htext4                                             text4        000000
__Htext40                                            text40       000000
__Htext41                                            text41       000000
__Htext42                                            text42       000000
__Htext44                                            text44       000000
__Htext45                                            text45       000000
__Htext46                                            text46       000000
__Htext47                                            text47       000000
__Htext48                                            text48       000000
__Htext5                                             text5        000000
__Htext6                                             text6        000000
__Htext7                                             text7        000000
__Htext8                                             text8        000000
__Htext9                                             text9        000000
__LRAM                                               (abs)        000001
__L__absolute__                                      __absolute__ 000000
__Labs1                                              abs1         000000
__Lbank0                                             bank0        000000
__Lbank1                                             bank1        000000
__Lbank2                                             bank2        000000
__Lbank3                                             bank3        000000
__Lbank4                                             bank4        000000
__Lbank5                                             bank5        000000
__Lbigbss                                            bigbss       000000
__Lbigdata                                           bigdata      000000
__Lbigram                                            bigram       000000
__Lbigsfr                                            bigsfr       000000
__Lbss                                               bss          000000
__LbssBANK0                                          bssBANK0     000000
__LbssBIGRAM                                         bssBIGRAM    000000
__LbssCOMRAM                                         bssCOMRAM    000000
__Lcinit                                             cinit        000000
__Lclrtext                                           clrtext      000000
__Lcomram                                            comram       000000
__Lconfig                                            config       000000
__Lconst                                             const        000000
__LcstackBANK0                                       cstackBANK0  000000
__LcstackCOMRAM                                      cstackCOMRAM 000000
__Ldata                                              data         000000
__Leeprom_data                                       eeprom_data  000000
__Lfarbss                                            farbss       000000
__Lfardata                                           fardata      000000
__Lheap                                              heap         000000
__Libigdata                                          ibigdata     000000
__Lidata                                             idata        000000
__Lidloc                                             idloc        000000
__Lifardata                                          ifardata     000000
__Linit                                              init         00004C
__Lintcode                                           intcode      000008
__Lintcode_body                                      intcode_body 000000
__Lintcodelo                                         intcodelo    000018
__Lintentry                                          intentry     000000
__Lintret                                            intret       000000
__Lintsave_regs                                      intsave_regs 000000
__Lirdata                                            irdata       000000
__Lmediumconst                                       mediumconst  007A9E
__LnvBANK0                                           nvBANK0      000000
__LnvFARRAM                                          nvFARRAM     000000
__Lnvbit                                             nvbit        000000
__Lnvrram                                            nvrram       000000
__Lparam                                             rparam       000000
__Lpowerup                                           powerup      000000
__Lram                                               ram          000000
__Lramtop                                            ramtop       000600
__Lrbit                                              rbit         000000
__Lrbss                                              rbss         000000
__Lrdata                                             rdata        000000
__Lreset_vec                                         reset_vec    000000
__Lrparam                                            rparam       000000
__Lsfr                                               sfr          000000
__Lsivt_hi                                           sivt_hi      000000
__Lsivt_lo                                           sivt_lo      000018
__Lsmallconst                                        smallconst   000000
__Lspace_0                                           (abs)        000000
__Lspace_1                                           (abs)        000000
__Lspace_2                                           (abs)        000000
__Lspace_4                                           (abs)        000000
__Lstack                                             stack        000000
__Lstruct                                            struct       000000
__Ltemp                                              temp         000051
__Ltext                                              text         000000
__Ltext0                                             text0        000000
__Ltext1                                             text1        000000
__Ltext10                                            text10       000000
__Ltext11                                            text11       000000
__Ltext12                                            text12       000000
__Ltext13                                            text13       000000
__Ltext14                                            text14       000000
__Ltext15                                            text15       000000
__Ltext16                                            text16       000000
__Ltext17                                            text17       000000
__Ltext18                                            text18       000000
__Ltext19                                            text19       000000
__Ltext2                                             text2        000000
__Ltext20                                            text20       000000
__Ltext21                                            text21       000000
__Ltext22                                            text22       000000
__Ltext23                                            text23       000000
__Ltext24                                            text24       000000
__Ltext25                                            text25       000000
__Ltext26                                            text26       000000
__Ltext27                                            text27       000000
__Ltext28                                            text28       000000
__Ltext29                                            text29       000000
__Ltext3                                             text3        000000
__Ltext30                                            text30       000000
__Ltext31                                            text31       000000
__Ltext32                                            text32       000000
__Ltext33                                            text33       000000
__Ltext34                                            text34       000000
__Ltext35                                            text35       000000
__Ltext36                                            text36       000000
__Ltext37                                            text37       000000
__Ltext38                                            text38       000000
__Ltext39                                            text39       000000
__Ltext4                                             text4        000000
__Ltext40                                            text40       000000
__Ltext41                                            text41       000000
__Ltext42                                            text42       000000
__Ltext44                                            text44       000000
__Ltext45                                            text45       000000
__Ltext46                                            text46       000000
__Ltext47                                            text47       000000
__Ltext48                                            text48       000000
__Ltext5                                             text5        000000
__Ltext6                                             text6        000000
__Ltext7                                             text7        000000
__Ltext8                                             text8        000000
__Ltext9                                             text9        000000
__S0                                                 (abs)        008000
__S1                                                 (abs)        0002A9
__S4                                                 (abs)        000000
__S5                                                 (abs)        000000
___awdiv                                             text32       001072
___awdiv@counter                                     cstackCOMRAM 000013
___awdiv@dividend                                    cstackCOMRAM 00000F
___awdiv@divisor                                     cstackCOMRAM 000011
___awdiv@quotient                                    cstackCOMRAM 000015
___awdiv@sign                                        cstackCOMRAM 000014
___awmod                                             text31       001134
___awmod@counter                                     cstackCOMRAM 000013
___awmod@dividend                                    cstackCOMRAM 00000F
___awmod@divisor                                     cstackCOMRAM 000011
___awmod@sign                                        cstackCOMRAM 000014
___heap_hi                                           (abs)        000000
___heap_lo                                           (abs)        000000
___inthi_sp                                          stack        000000
___inthi_stack_hi                                    stack        000000
___inthi_stack_lo                                    stack        000000
___intlo_sp                                          stack        000000
___intlo_stack_hi                                    stack        000000
___intlo_stack_lo                                    stack        000000
___param_bank                                        (abs)        000000
___rparam_used                                       (abs)        000001
___sp                                                stack        000000
___stack_hi                                          stack        000000
___stack_lo                                          stack        000000
__accesstop                                          (abs)        000060
__activetblptr                                       (abs)        000002
__end_of_CLOCK_Initialize                            text15       0018D8
__end_of_EUSART1_DefaultFramingErrorCallback         text41       001928
__end_of_EUSART1_DefaultOverrunErrorCallback         text40       001922
__end_of_EUSART1_FramingErrorCallbackRegister        text14       001874
__end_of_EUSART1_Initialize                          text12       001694
__end_of_EUSART1_IsRxReady                           text42       0018BC
__end_of_EUSART1_IsTxReady                           text37       0017BC
__end_of_EUSART1_OverrunErrorCallbackRegister        text13       001858
__end_of_EUSART1_Read                                text39       00155C
__end_of_EUSART1_Write                               text36       00191C
__end_of_INT0_SetInterruptHandler                    text11       00190A
__end_of_INT1_SetInterruptHandler                    text10       001900
__end_of_INT2_SetInterruptHandler                    text9        0018F6
__end_of_INTERRUPT_Initialize                        text8        001700
__end_of_INTERRUPT_InterruptManager                  intcode      00004C
__end_of_PIN_MANAGER_Initialize                      text7        001796
__end_of_SDCARD_Initialize                           text21       000C7E
__end_of_SDCARD_PollWriteComplete                    text20       0016CC
__end_of_SDCARD_ReadBlock                            text19       001328
__end_of_SDCARD_WriteBlock                           text18       00144C
__end_of_SPI2_ByteExchange                           text38       0018A8
__end_of_SPI2_Close                                  text17       001926
__end_of_SPI2_Host                                   mediumconst  007AEB
__end_of_SPI2_Initialize                             text6        0018CA
__end_of_SPI2_Open                                   text16       0014D4
__end_of_SYSTEM_Initialize                           text3        00188E
__end_of_TMR0_CounterGet                             text48       00183C
__end_of_TMR0_CounterSet                             text2        0018E2
__end_of_TMR0_DefaultOverflowCallback                text45       00192A
__end_of_TMR0_Initialize                             text4        0017E0
__end_of_TMR0_OverflowCallbackRegister               text5        0018EC
__end_of_TMR0_OverflowISR                            text44       001766
__end_of_UART1                                       mediumconst  007ACF
__end_of___awdiv                                     text32       001134
__end_of___awmod                                     text31       0011E2
__end_of__initialization                             cinit        00164E
__end_of_abs                                         text30       001734
__end_of_ctoa                                        text33       001072
__end_of_dtoa                                        text27       000DE6
__end_of_fputc                                       text34       000FAA
__end_of_fputs                                       text29       0015E4
__end_of_hexDumpBuffer                               text1        000B06
__end_of_main                                        text0        0006C0
__end_of_myTMR0ISR                                   text46       001622
__end_of_pad                                         text28       0013BE
__end_of_printf                                      text22       001800
__end_of_putch                                       text35       00181E
__end_of_read_prec_or_width                          text26       00128E
__end_of_spi2_configuration                          mediumconst  007AFA
__end_of_vfpfcnvrt                                   text24       00091A
__end_of_vfprintf                                    text23       0015A4
__end_of_xtoa                                        text25       000EE0
__end_ofi2_TMR0_CounterSet                           text47       001914
__initialization                                     cinit        001622
__mediumconst                                        mediumconst  007A9E
__pbssBANK0                                          bssBANK0     000060
__pbssBIGRAM                                         bssBIGRAM    0000A9
__pbssCOMRAM                                         bssCOMRAM    000044
__pcinit                                             cinit        001622
__pcstackBANK0                                       cstackBANK0  000086
__pcstackCOMRAM                                      cstackCOMRAM 000001
__pintcode                                           intcode      000008
__pmediumconst                                       mediumconst  007A9E
__pnvBANK0                                           nvBANK0      0000A7
__ptext0                                             text0        000050
__ptext1                                             text1        00091A
__ptext10                                            text10       0018F6
__ptext11                                            text11       001900
__ptext12                                            text12       00165C
__ptext13                                            text13       00183C
__ptext14                                            text14       001858
__ptext15                                            text15       0018CA
__ptext16                                            text16       00144C
__ptext17                                            text17       001922
__ptext18                                            text18       0013BE
__ptext19                                            text19       00128E
__ptext2                                             text2        0018D8
__ptext20                                            text20       001694
__ptext21                                            text21       000B06
__ptext22                                            text22       0017E0
__ptext23                                            text23       00155C
__ptext24                                            text24       0006C0
__ptext25                                            text25       000DE6
__ptext26                                            text26       0011E2
__ptext27                                            text27       000C7E
__ptext28                                            text28       001328
__ptext29                                            text29       0015A4
__ptext3                                             text3        001874
__ptext30                                            text30       001700
__ptext31                                            text31       001134
__ptext32                                            text32       001072
__ptext33                                            text33       000FAA
__ptext34                                            text34       000EE0
__ptext35                                            text35       001800
__ptext36                                            text36       001914
__ptext37                                            text37       001796
__ptext38                                            text38       00188E
__ptext39                                            text39       0014D4
__ptext4                                             text4        0017BC
__ptext40                                            text40       00191C
__ptext41                                            text41       001926
__ptext42                                            text42       0018A8
__ptext44                                            text44       001734
__ptext45                                            text45       001928
__ptext46                                            text46       0015E4
__ptext47                                            text47       00190A
__ptext48                                            text48       00181E
__ptext5                                             text5        0018E2
__ptext6                                             text6        0018BC
__ptext7                                             text7        001766
__ptext8                                             text8        0016CC
__ptext9                                             text9        0018EC
__ramtop                                             ramtop       000600
__smallconst                                         mediumconst  007A9E
_abs                                                 text30       001700
_ctoa                                                text33       000FAA
_dbuf                                                bssBANK0     000066
_dtoa                                                text27       000C7E
_dtoa$2245                                           cstackCOMRAM 00002C
_eusart1RxLastError                                  bssBANK0     000064
_flags                                               bssCOMRAM    000050
_fputc                                               text34       000EE0
_fputs                                               text29       0015A4
_hexDumpBuffer                                       text1        00091A
_main                                                text0        000050
_myTMR0ISR                                           text46       0015E4
_pad                                                 text28       001328
_prec                                                bssBANK0     000060
_printf                                              text22       0017E0
_putch                                               text35       001800
_read_prec_or_width                                  text26       0011E2
_sdCardBuffer                                        bssBIGRAM    0000A9
_spi2_configuration                                  mediumconst  007AEB
_tmr0PeriodCount                                     bssCOMRAM    000048
_vfpfcnvrt                                           text24       0006C0
_vfprintf                                            text23       00155C
_width                                               bssCOMRAM    000044
_xtoa                                                text25       000DE6
abs@a                                                cstackCOMRAM 000015
btemp                                                temp         000051
ctoa@c                                               cstackCOMRAM 00001C
ctoa@fp                                              cstackCOMRAM 00001A
ctoa@l                                               cstackCOMRAM 00001E
ctoa@w                                               cstackCOMRAM 000020
dtoa@d                                               cstackCOMRAM 00002A
dtoa@fp                                              cstackCOMRAM 000028
dtoa@i                                               cstackCOMRAM 000032
dtoa@p                                               cstackCOMRAM 00002E
dtoa@s                                               cstackCOMRAM 000031
dtoa@w                                               cstackCOMRAM 00002F
end_of_initialization                                cinit        00164E
fputc@c                                              cstackCOMRAM 000011
fputc@fp                                             cstackCOMRAM 000013
fputs@c                                              cstackCOMRAM 00001D
fputs@fp                                             cstackCOMRAM 00001B
fputs@i                                              cstackCOMRAM 00001E
fputs@s                                              cstackCOMRAM 00001A
hexDumpBuffer@i                                      cstackBANK0  00009B
hexDumpBuffer@j                                      cstackBANK0  000097
hexDumpBuffer@j_1730                                 cstackBANK0  000099
hexDumpBuffer@sdCardBuffer                           cstackBANK0  000093
i2TMR0_CounterSet@counterValue                       cstackCOMRAM 000009
i2_TMR0_CounterSet                                   text47       00190A
int$flags                                            temp         000051
intlevel0                                            text         000000
intlevel1                                            text         000000
intlevel2                                            text         000000
intlevel3                                            text         000000
isa$std                                              (abs)        000001
isa$xinst                                            (abs)        000000
main@cmd                                             cstackBANK0  0000A0
main@i                                               cstackBANK0  0000A1
main@letter                                          cstackBANK0  00009F
main@sdCardAddress                                   cstackBANK0  0000A3
main@status                                          cstackBANK0  00009E
myTMR0ISR@bigOleWasteOfTime                          cstackCOMRAM 00000B
pad@buf                                              cstackCOMRAM 000022
pad@fp                                               cstackCOMRAM 000020
pad@i                                                cstackCOMRAM 000026
pad@p                                                cstackCOMRAM 000023
printf@ap                                            cstackCOMRAM 000043
printf@fmt                                           cstackBANK0  00008D
putch@txData                                         cstackCOMRAM 000010
read_prec_or_width@ap                                cstackCOMRAM 000010
read_prec_or_width@c                                 cstackCOMRAM 000013
read_prec_or_width@fmt                               cstackCOMRAM 00000F
read_prec_or_width@n                                 cstackCOMRAM 000014
stackhi                                              (abs)        000000
stacklo                                              (abs)        000000
start                                                init         00004C
start_initialization                                 cinit        001622
ttemp5                                               temp         000052
ttemp6                                               temp         000055
ttemp7                                               temp         000059
vfpfcnvrt@ap                                         cstackCOMRAM 000038
vfpfcnvrt@c                                          cstackCOMRAM 00003B
vfpfcnvrt@convarg                                    cstackCOMRAM 00003D
vfpfcnvrt@cp                                         cstackCOMRAM 000041
vfpfcnvrt@done                                       cstackCOMRAM 00003C
vfpfcnvrt@fmt                                        cstackCOMRAM 000037
vfpfcnvrt@fp                                         cstackCOMRAM 000035
vfprintf@ap                                          cstackBANK0  00008A
vfprintf@cfmt                                        cstackBANK0  00008B
vfprintf@fmt                                         cstackBANK0  000088
vfprintf@fp                                          cstackBANK0  000086
wtemp8                                               temp         000052
xtoa@c                                               cstackCOMRAM 000032
xtoa@d                                               cstackCOMRAM 00002A
xtoa@fp                                              cstackCOMRAM 000028
xtoa@i                                               cstackCOMRAM 000033
xtoa@p                                               cstackCOMRAM 00002F
xtoa@w                                               cstackCOMRAM 000030


MODULE INFORMATION

Module		Function		Class		Link	Load	Size
/Applications/microchip/xc8/v3.00/pic/sources/c99/common/doprnt.c
		_read_prec_or_width		CODE           	11E2	0000	172
		_vfpfcnvrt     		CODE           	06C0	0000	602
		_pad           		CODE           	1328	0000	150
		_ctoa          		CODE           	0FAA	0000	200
		_dtoa          		CODE           	0C7E	0000	360
		_vfprintf      		CODE           	155C	0000	72
		_xtoa          		CODE           	0DE6	0000	250

/Applications/microchip/xc8/v3.00/pic/sources/c99/common/doprnt.c estimated size: 1806

/Applications/microchip/xc8/v3.00/pic/sources/c99/common/awmod.c
		___awmod       		CODE           	1134	0000	174

/Applications/microchip/xc8/v3.00/pic/sources/c99/common/awmod.c estimated size: 174

mcc_generated_files/system/src/interrupt.c
		_INT0_SetInterruptHandler		CODE           	1900	0000	10
		_INT1_SetInterruptHandler		CODE           	18F6	0000	10
		_INT2_SetInterruptHandler		CODE           	18EC	0000	10
		_INTERRUPT_Initialize		CODE           	16CC	0000	52
		_INTERRUPT_InterruptManager		CODE           	0008	0000	68

mcc_generated_files/system/src/interrupt.c estimated size: 150

/Applications/microchip/xc8/v3.00/pic/sources/c99/common/nf_fputc.c
		_fputc         		CODE           	0EE0	0000	202

/Applications/microchip/xc8/v3.00/pic/sources/c99/common/nf_fputc.c estimated size: 202

mcc_generated_files/system/src/pins.c
		_PIN_MANAGER_Initialize		CODE           	1766	0000	48

mcc_generated_files/system/src/pins.c estimated size: 48

/Applications/microchip/xc8/v3.00/pic/sources/c99/common/printf.c
		_printf        		CODE           	17E0	0000	32

/Applications/microchip/xc8/v3.00/pic/sources/c99/common/printf.c estimated size: 32

mcc_generated_files/spi/src/mssp2.c
		_SPI2_ByteExchange		CODE           	188E	0000	26
		_SPI2_Open     		CODE           	144C	0000	136
		_SPI2_Initialize		CODE           	18BC	0000	14
		_SPI2_Close    		CODE           	1922	0000	4

mcc_generated_files/spi/src/mssp2.c estimated size: 180

shared
		i2_TMR0_CounterSet		CODE           	190A	0000	10
		__initialization		CODE           	1622	0000	44
		_UART1         		MEDIUMCONST    	7A9F	0000	48
		_SPI2_Host     		MEDIUMCONST    	7ACF	0000	28
		_spi2_configuration		MEDIUMCONST    	7AEB	0000	15

shared estimated size: 145

/Applications/microchip/xc8/v3.00/pic/sources/c99/common/abs.c
		_abs           		CODE           	1700	0000	52

/Applications/microchip/xc8/v3.00/pic/sources/c99/common/abs.c estimated size: 52

/Applications/microchip/xc8/v3.00/pic/sources/c99/common/awdiv.c
		___awdiv       		CODE           	1072	0000	194

/Applications/microchip/xc8/v3.00/pic/sources/c99/common/awdiv.c estimated size: 194

mcc_generated_files/system/src/clock.c
		_CLOCK_Initialize		CODE           	18CA	0000	14

mcc_generated_files/system/src/clock.c estimated size: 14

mcc_generated_files/timer/src/tmr0.c
		_TMR0_OverflowCallbackRegister		CODE           	18E2	0000	10
		_TMR0_DefaultOverflowCallback		CODE           	1928	0000	2
		_TMR0_CounterGet		CODE           	181E	0000	30
		_TMR0_CounterSet		CODE           	18D8	0000	10
		_TMR0_OverflowISR		CODE           	1734	0000	50
		_TMR0_Initialize		CODE           	17BC	0000	36

mcc_generated_files/timer/src/tmr0.c estimated size: 138

main.c
		_main          		CODE           	0050	0000	1648
		_myTMR0ISR     		CODE           	15E4	0000	62

main.c estimated size: 1710

/Applications/microchip/xc8/v3.00/pic/sources/c99/common/nf_fputs.c
		_fputs         		CODE           	15A4	0000	64

/Applications/microchip/xc8/v3.00/pic/sources/c99/common/nf_fputs.c estimated size: 64

mcc_generated_files/uart/src/eusart1.c
		_EUSART1_Initialize		CODE           	165C	0000	56
		_putch         		CODE           	1800	0000	30
		_EUSART1_DefaultFramingErrorCallback		CODE           	1926	0000	2
		_EUSART1_Read  		CODE           	14D4	0000	136
		_EUSART1_Write 		CODE           	1914	0000	8
		_EUSART1_FramingErrorCallbackRegister		CODE           	1858	0000	28
		_EUSART1_IsRxReady		CODE           	18A8	0000	20
		_EUSART1_IsTxReady		CODE           	1796	0000	38
		_EUSART1_OverrunErrorCallbackRegister		CODE           	183C	0000	28
		_EUSART1_DefaultOverrunErrorCallback		CODE           	191C	0000	6

mcc_generated_files/uart/src/eusart1.c estimated size: 352

sdCard.c
		_SDCARD_Initialize		CODE           	0B06	0000	376
		_hexDumpBuffer 		CODE           	091A	0000	492
		_SDCARD_PollWriteComplete		CODE           	1694	0000	56
		_SDCARD_ReadBlock		CODE           	128E	0000	154
		_SDCARD_WriteBlock		CODE           	13BE	0000	142

sdCard.c estimated size: 1220

mcc_generated_files/system/src/system.c
		_SYSTEM_Initialize		CODE           	1874	0000	26

mcc_generated_files/system/src/system.c estimated size: 26

