Microchip MPLAB XC8 Compiler V3.00

Linker command line:

-W-3 \
  --edf=/Applications/microchip/mplabx/v6.25/packs/Microchip/PIC18F-K_DFP/1.14.301/xc8/pic/dat/20241213203129_en.msgs \
  -cn -h+dist/default/debug/inLab03.X.debug.sym \
  --cmf=dist/default/debug/inLab03.X.debug.cmf -z -Q18F25K22 \
  -o/tmp/xcjbYEgbr/driver_tmp_3.o --defsym=__MPLAB_BUILD=1 \
  --fixupoverflow=error -Mdist/default/debug/inLab03.X.debug.map \
  --md=/tmp/xcjbYEgbr/driver_tmp_0.dat -E1 -ver=XC8 Compiler \
  -ACODE=00h-07FFFh -ACONST=00h-07FFFh -ASMALLCONST=0600h-06FFhx122 \
  -AMEDIUMCONST=0600h-07FFFh -ACOMRAM=01h-05Fh -AABS1=00h-05FFh \
  -ABIGRAM=01h-05FFh -ARAM=060h-0FFh,0100h-01FFhx5 -ABANK0=060h-0FFh \
  -ABANK1=0100h-01FFh -ABANK2=0200h-02FFh -ABANK3=0300h-03FFh \
  -ABANK4=0400h-04FFh -ABANK5=0500h-05FFh -ASFR=0F38h-0F5Fh,0F60h-0FFCh \
  -ABIGSFR=0F38h-0FFCh -ACONFIG=0300000h-030000Dh -AIDLOC=0200000h-0200007h \
  -AEEDATA=0F00000h-0F000FFh -peeprom_data=EEDATA \
  -preset_vec=00h,intcode=8h,intcodelo=18h,sivt_lo,sivt_hi=CODE \
  -ppowerup=CODE,init -pramtop=0600h -psmallconst=SMALLCONST \
  -pmediumconst=MEDIUMCONST -pconst=CONST -AFARRAM=00h-00h \
  -prdata=COMRAM,nvrram=COMRAM,nvbit=COMRAM,rbss=COMRAM,rbit=COMRAM \
  -pfarbss=FARRAM,fardata=FARRAM,nvFARRAM=FARRAM \
  -pintsave_regs=BIGRAM,bigbss=BIGRAM,bigdata=BIGRAM -pbss=RAM \
  -pidata=CODE,irdata=CODE,ibigdata=CODE,ifardata=CODE -prparam=COMRAM \
  /tmp/xcjbYEgbr/driver_tmp_9.o dist/default/debug/inLab03.X.debug.o 

Object code version is 3.11

Machine type is 18F25K22



                Name                               Link     Load   Length Selector   Space Scale
/tmp/xcjbYEgbr/driver_tmp_9.o
                config                           300000   300000        E        0       4
                init                               7FFC     7FFC        4     3FFE       0
                reset_vec                             0        0        6        0       0
dist/default/debug/inLab03.X.debug.o
                config                           300000   300000        E        0       4
                smallconst                          600      600        2      300       0
                text17                              9AC      9AC        E      301       0
                text16                              9EC      9EC        A      301       0
                text15                              9E2      9E2        A      301       0
                text14                              9D8      9D8        A      301       0
                text13                              88C      88C       34      301       0
                text12                              91E      91E       2A      301       0
                text11                              9CE      9CE        A      301       0
                text10                              9C4      9C4        A      301       0
                text9                               948      948       22      301       0
                text8                               8F0      8F0       2E      301       0
                text7                               96A      96A       1A      301       0
                text6                               9BA      9BA        A      301       0
                text5                               9FA      9FA        4      301       0
                text4                               998      998       14      301       0
                text3                               848      848       44      301       0
                text2                               9F6      9F6        4      301       0
                text1                               984      984       14      301       0
                text0                               602      602      12C      301       0
                cstackCOMRAM                         3D       3D        7        1       1
                cstackBANK1                         100      100       DA      100       1
                dataBANK2                           200      200       54      200       1
                dataBANK0                            60       60       54       60       1
                dataCOMRAM                            1        1       30        1       1
                bssCOMRAM                            44       44        4        1       1
                cinit                               72E      72E       72      301       0
                nvCOMRAM                             31       31        C        1       1
                idataBANK2                          7F4      7F4       54      301       0
                idataBANK0                          7A0      7A0       54      301       0
                idataCOMRAM                         8C0      8C0       30      301       0

TOTAL           Name                               Link     Load   Length     Space
        CLASS   CODE           
                init                               7FFC     7FFC        4         0
                reset_vec                             0        0        6         0
                text17                              9AC      9AC        E         0
                text16                              9EC      9EC        A         0
                text15                              9E2      9E2        A         0
                text14                              9D8      9D8        A         0
                text13                              88C      88C       34         0
                text12                              91E      91E       2A         0
                text11                              9CE      9CE        A         0
                text10                              9C4      9C4        A         0
                text9                               948      948       22         0
                text8                               8F0      8F0       2E         0
                text7                               96A      96A       1A         0
                text6                               9BA      9BA        A         0
                text5                               9FA      9FA        4         0
                text4                               998      998       14         0
                text3                               848      848       44         0
                text2                               9F6      9F6        4         0
                text1                               984      984       14         0
                text0                               602      602      12C         0
                cinit                               72E      72E       72         0
                idataBANK2                          7F4      7F4       54         0
                idataBANK0                          7A0      7A0       54         0
                idataCOMRAM                         8C0      8C0       30         0

        CLASS   CONST          

        CLASS   SMALLCONST     
                smallconst                          600      600        2         0

        CLASS   MEDIUMCONST    

        CLASS   COMRAM         
                cstackCOMRAM                         3D       3D        7         1
                dataCOMRAM                            1        1       30         1
                bssCOMRAM                            44       44        4         1
                nvCOMRAM                             31       31        C         1

        CLASS   ABS1           

        CLASS   BIGRAM         

        CLASS   RAM            

        CLASS   BANK0          
                dataBANK0                            60       60       54         1

        CLASS   BANK1          
                cstackBANK1                         100      100       DA         1

        CLASS   BANK2          
                dataBANK2                           200      200       54         1

        CLASS   BANK3          

        CLASS   BANK4          

        CLASS   BANK5          

        CLASS   SFR            

        CLASS   BIGSFR         

        CLASS   CONFIG         
                config                           300000   300000        E         4

        CLASS   IDLOC          

        CLASS   EEDATA         

        CLASS   FARRAM         

        CLASS   HEAP           

        CLASS   STACK          



SEGMENTS        Name                           Load    Length   Top    Selector   Space  Class

                dataCOMRAM                     000001  000047  000048         1       1  COMRAM  
                text0                          000602  0003FC  0009FE       301       0  CODE    
                reset_vec                      000000  000006  000006         0       0  CODE    
                dataBANK2                      000200  000054  000254       200       1  BANK2   
                dataBANK0                      000060  000054  0000B4        60       1  BANK0   
                cstackBANK1                    000100  0000DA  0001DA       100       1  BANK1   
                smallconst                     000600  000002  000602       300       0  SMALLCON
                init                           007FFC  000004  008000      3FFE       0  CODE    


UNUSED ADDRESS RANGES

        Name                Unused          Largest block    Delta
        BANK0            0000B4-0000FF               4C
        BANK1            0001DA-0001FF               26
        BANK2            000254-0002FF               AC
        BANK3            000300-0003FF              100
        BANK4            000400-0004FF              100
        BANK5            000500-0005FF              100
        BIGRAM           000048-00005F               18
                         0000B4-0000FF               4C
                         0001DA-0001FF               26
                         000254-0005FF              3AC
        BIGSFR           000F38-000FFC               C5
        CODE             000006-0005FF              5FA
                         0009FE-007FFB             75FE
        COMRAM           000048-00005F               18
        CONST            000006-0005FF              5FA
                         0009FE-007FFB             75FE
        EEDATA           F00000-F000FF              100
        IDLOC            200000-200007                8
        MEDIUMCONST      0009FE-007FFB             75FE
        RAM              0000B4-0000FF               4C
                         0001DA-0001FF               26
                         000254-0005FF              100
        SFR              000F38-000FFC               28
        SMALLCONST       0009FE-007FFB              100

                                  Symbol Table

INT0_SetInterruptHandler@InterruptHandler     cstackCOMRAM 00003D
INT1_SetInterruptHandler@InterruptHandler     cstackCOMRAM 00003D
INT2_SetInterruptHandler@InterruptHandler     cstackCOMRAM 00003D
TMR0_CounterSet@counterValue                  cstackCOMRAM 00003D
TMR0_OverflowCallbackRegister@callbackHandler cstackCOMRAM 00003D
TMR1_CounterSet@onState                       cstackCOMRAM 00003F
TMR1_CounterSet@timerVal                      cstackCOMRAM 00003D
_ANSELA                                       (abs)        000F38
_ANSELB                                       (abs)        000F39
_ANSELC                                       (abs)        000F3A
_CLOCK_Initialize                             text17       0009AC
_INT0_DefaultInterruptHandler                 (abs)        000000
_INT0_InterruptHandler                        nvCOMRAM     00003B
_INT0_SetInterruptHandler                     text16       0009EC
_INT1_DefaultInterruptHandler                 (abs)        000000
_INT1_InterruptHandler                        nvCOMRAM     000039
_INT1_SetInterruptHandler                     text15       0009E2
_INT2_DefaultInterruptHandler                 (abs)        000000
_INT2_InterruptHandler                        nvCOMRAM     000037
_INT2_SetInterruptHandler                     text14       0009D8
_INTCON2bits                                  (abs)        000FF1
_INTCON3bits                                  (abs)        000FF0
_INTCONbits                                   (abs)        000FF2
_INTERRUPT_Initialize                         text13       00088C
_IOCB                                         (abs)        000F62
_LATA                                         (abs)        000F89
_LATB                                         (abs)        000F8A
_LATBbits                                     (abs)        000F8A
_LATC                                         (abs)        000F8B
_OSCCON                                       (abs)        000FD3
_OSCCON2                                      (abs)        000FD2
_OSCTUNE                                      (abs)        000F9B
_PIE1bits                                     (abs)        000F9D
_PIE3bits                                     (abs)        000FA3
_PIN_MANAGER_Initialize                       text12       00091E
_PIR1bits                                     (abs)        000F9E
_PIR3bits                                     (abs)        000FA4
_PMD0                                         (abs)        000F3F
_PMD1                                         (abs)        000F3E
_PMD2                                         (abs)        000F3D
_PMD_Initialize                               text11       0009CE
_RCONbits                                     (abs)        000FD0
_SYSTEM_Initialize                            text7        00096A
_T0CON                                        (abs)        000FD5
_T0CONbits                                    (abs)        000FD5
_T1CON                                        (abs)        000FCD
_T1CONbits                                    (abs)        000FCD
_T1GCON                                       (abs)        000FCC
_T1GCONbits                                   (abs)        000FCC
_TMR0H                                        (abs)        000FD7
_TMR0L                                        (abs)        000FD6
_TMR0_CounterSet                              text6        0009BA
_TMR0_DefaultOverflowCallback                 (abs)        000000
_TMR0_Initialize                              text9        000948
_TMR0_OverflowCallback                        nvCOMRAM     000031
_TMR0_OverflowCallbackRegister                text10       0009C4
_TMR0_OverflowStatusClear                     text5        0009FA
_TMR0_OverflowStatusGet                       text4        000998
_TMR1H                                        (abs)        000FCF
_TMR1L                                        (abs)        000FCE
_TMR1_CounterSet                              text3        000848
_TMR1_DefaultGateCallback                     (abs)        000000
_TMR1_DefaultOverflowCallback                 (abs)        000000
_TMR1_GateCallback                            nvCOMRAM     000033
_TMR1_Initialize                              text8        0008F0
_TMR1_OverflowCallback                        nvCOMRAM     000035
_TMR1_OverflowStatusClear                     text2        0009F6
_TMR1_OverflowStatusGet                       text1        000984
_TRISA                                        (abs)        000F92
_TRISB                                        (abs)        000F93
_TRISC                                        (abs)        000F94
_TRISE                                        (abs)        000F96
_WPUB                                         (abs)        000F61
__HRAM                                        (abs)        000000
__H__absolute__                               __absolute__ 000000
__Habs1                                       abs1         000000
__Hbank0                                      bank0        000000
__Hbank1                                      bank1        000000
__Hbank2                                      bank2        000000
__Hbank3                                      bank3        000000
__Hbank4                                      bank4        000000
__Hbank5                                      bank5        000000
__Hbigbss                                     bigbss       000000
__Hbigdata                                    bigdata      000000
__Hbigram                                     bigram       000000
__Hbigsfr                                     bigsfr       000000
__Hbss                                        bss          000000
__HbssCOMRAM                                  bssCOMRAM    000000
__Hcinit                                      cinit        000000
__Hclrtext                                    clrtext      000000
__Hcomram                                     comram       000000
__Hconfig                                     config       30000E
__Hconst                                      const        000000
__HcstackBANK1                                cstackBANK1  000000
__HcstackCOMRAM                               cstackCOMRAM 000000
__Hdata                                       data         000000
__HdataBANK0                                  dataBANK0    000000
__HdataBANK2                                  dataBANK2    000000
__HdataCOMRAM                                 dataCOMRAM   000000
__Heeprom_data                                eeprom_data  000000
__Hfarbss                                     farbss       000000
__Hfardata                                    fardata      000000
__Hheap                                       heap         000000
__Hibigdata                                   ibigdata     000000
__Hidata                                      idata        000000
__HidataBANK0                                 idataBANK0   000000
__HidataBANK2                                 idataBANK2   000000
__HidataCOMRAM                                idataCOMRAM  000000
__Hidloc                                      idloc        000000
__Hifardata                                   ifardata     000000
__Hinit                                       init         008000
__Hintcode                                    intcode      000008
__Hintcode_body                               intcode_body 000000
__Hintcodelo                                  intcodelo    000018
__Hintentry                                   intentry     000000
__Hintret                                     intret       000000
__Hintsave_regs                               intsave_regs 000000
__Hirdata                                     irdata       000000
__Hmediumconst                                mediumconst  000000
__HnvCOMRAM                                   nvCOMRAM     000000
__HnvFARRAM                                   nvFARRAM     000000
__Hnvbit                                      nvbit        000000
__Hnvrram                                     nvrram       000000
__Hparam                                      rparam       000000
__Hpowerup                                    powerup      000000
__Hram                                        ram          000000
__Hramtop                                     ramtop       000600
__Hrbit                                       rbit         000000
__Hrbss                                       rbss         000000
__Hrdata                                      rdata        000000
__Hreset_vec                                  reset_vec    000006
__Hrparam                                     rparam       000000
__Hsfr                                        sfr          000000
__Hsivt_hi                                    sivt_hi      000000
__Hsivt_lo                                    sivt_lo      000018
__Hsmallconst                                 smallconst   000602
__Hspace_0                                    (abs)        008000
__Hspace_1                                    (abs)        000254
__Hspace_2                                    (abs)        000000
__Hspace_4                                    (abs)        60000E
__Hstack                                      stack        000000
__Hstruct                                     struct       000000
__Htemp                                       temp         000000
__Htext                                       text         000000
__Htext0                                      text0        000000
__Htext1                                      text1        000000
__Htext10                                     text10       000000
__Htext11                                     text11       000000
__Htext12                                     text12       000000
__Htext13                                     text13       000000
__Htext14                                     text14       000000
__Htext15                                     text15       000000
__Htext16                                     text16       000000
__Htext17                                     text17       000000
__Htext2                                      text2        000000
__Htext3                                      text3        000000
__Htext4                                      text4        000000
__Htext5                                      text5        000000
__Htext6                                      text6        000000
__Htext7                                      text7        000000
__Htext8                                      text8        000000
__Htext9                                      text9        000000
__LRAM                                        (abs)        000001
__L__absolute__                               __absolute__ 000000
__Labs1                                       abs1         000000
__Lbank0                                      bank0        000000
__Lbank1                                      bank1        000000
__Lbank2                                      bank2        000000
__Lbank3                                      bank3        000000
__Lbank4                                      bank4        000000
__Lbank5                                      bank5        000000
__Lbigbss                                     bigbss       000000
__Lbigdata                                    bigdata      000000
__Lbigram                                     bigram       000000
__Lbigsfr                                     bigsfr       000000
__Lbss                                        bss          000000
__LbssCOMRAM                                  bssCOMRAM    000000
__Lcinit                                      cinit        000000
__Lclrtext                                    clrtext      000000
__Lcomram                                     comram       000000
__Lconfig                                     config       000000
__Lconst                                      const        000000
__LcstackBANK1                                cstackBANK1  000000
__LcstackCOMRAM                               cstackCOMRAM 000000
__Ldata                                       data         000000
__LdataBANK0                                  dataBANK0    000000
__LdataBANK2                                  dataBANK2    000000
__LdataCOMRAM                                 dataCOMRAM   000000
__Leeprom_data                                eeprom_data  000000
__Lfarbss                                     farbss       000000
__Lfardata                                    fardata      000000
__Lheap                                       heap         000000
__Libigdata                                   ibigdata     000000
__Lidata                                      idata        000000
__LidataBANK0                                 idataBANK0   000000
__LidataBANK2                                 idataBANK2   000000
__LidataCOMRAM                                idataCOMRAM  000000
__Lidloc                                      idloc        000000
__Lifardata                                   ifardata     000000
__Linit                                       init         007FFC
__Lintcode                                    intcode      000008
__Lintcode_body                               intcode_body 000000
__Lintcodelo                                  intcodelo    000018
__Lintentry                                   intentry     000000
__Lintret                                     intret       000000
__Lintsave_regs                               intsave_regs 000000
__Lirdata                                     irdata       000000
__Lmediumconst                                mediumconst  000000
__LnvCOMRAM                                   nvCOMRAM     000000
__LnvFARRAM                                   nvFARRAM     000000
__Lnvbit                                      nvbit        000000
__Lnvrram                                     nvrram       000000
__Lparam                                      rparam       000000
__Lpowerup                                    powerup      000000
__Lram                                        ram          000000
__Lramtop                                     ramtop       000600
__Lrbit                                       rbit         000000
__Lrbss                                       rbss         000000
__Lrdata                                      rdata        000000
__Lreset_vec                                  reset_vec    000000
__Lrparam                                     rparam       000000
__Lsfr                                        sfr          000000
__Lsivt_hi                                    sivt_hi      000000
__Lsivt_lo                                    sivt_lo      000018
__Lsmallconst                                 smallconst   000600
__Lspace_0                                    (abs)        000000
__Lspace_1                                    (abs)        000000
__Lspace_2                                    (abs)        000000
__Lspace_4                                    (abs)        000000
__Lstack                                      stack        000000
__Lstruct                                     struct       000000
__Ltemp                                       temp         000000
__Ltext                                       text         000000
__Ltext0                                      text0        000000
__Ltext1                                      text1        000000
__Ltext10                                     text10       000000
__Ltext11                                     text11       000000
__Ltext12                                     text12       000000
__Ltext13                                     text13       000000
__Ltext14                                     text14       000000
__Ltext15                                     text15       000000
__Ltext16                                     text16       000000
__Ltext17                                     text17       000000
__Ltext2                                      text2        000000
__Ltext3                                      text3        000000
__Ltext4                                      text4        000000
__Ltext5                                      text5        000000
__Ltext6                                      text6        000000
__Ltext7                                      text7        000000
__Ltext8                                      text8        000000
__Ltext9                                      text9        000000
__S0                                          (abs)        008000
__S1                                          (abs)        000254
__S4                                          (abs)        000000
__S5                                          (abs)        000000
___heap_hi                                    (abs)        000000
___heap_lo                                    (abs)        000000
___inthi_sp                                   stack        000000
___inthi_stack_hi                             stack        000000
___inthi_stack_lo                             stack        000000
___intlo_sp                                   stack        000000
___intlo_stack_hi                             stack        000000
___intlo_stack_lo                             stack        000000
___param_bank                                 (abs)        000000
___rparam_used                                (abs)        000001
___sp                                         stack        000000
___stack_hi                                   stack        000000
___stack_lo                                   stack        000000
__accesstop                                   (abs)        000060
__activetblptr                                (abs)        000002
__end_of_CLOCK_Initialize                     text17       0009BA
__end_of_INT0_SetInterruptHandler             text16       0009F6
__end_of_INT1_SetInterruptHandler             text15       0009EC
__end_of_INT2_SetInterruptHandler             text14       0009E2
__end_of_INTERRUPT_Initialize                 text13       0008C0
__end_of_PIN_MANAGER_Initialize               text12       000948
__end_of_PMD_Initialize                       text11       0009D8
__end_of_SYSTEM_Initialize                    text7        000984
__end_of_TMR0_CounterSet                      text6        0009C4
__end_of_TMR0_Initialize                      text9        00096A
__end_of_TMR0_OverflowCallbackRegister        text10       0009CE
__end_of_TMR0_OverflowStatusClear             text5        0009FE
__end_of_TMR0_OverflowStatusGet               text4        0009AC
__end_of_TMR1_CounterSet                      text3        00088C
__end_of_TMR1_Initialize                      text8        00091E
__end_of_TMR1_OverflowStatusClear             text2        0009FA
__end_of_TMR1_OverflowStatusGet               text1        000998
__end_of__initialization                      cinit        000796
__end_of_main                                 text0        00072E
__initialization                              cinit        00072E
__mediumconst                                 smallconst   000600
__pbssCOMRAM                                  bssCOMRAM    000044
__pcinit                                      cinit        00072E
__pcstackBANK1                                cstackBANK1  000100
__pcstackCOMRAM                               cstackCOMRAM 00003D
__pdataBANK0                                  dataBANK0    000060
__pdataBANK2                                  dataBANK2    000200
__pdataCOMRAM                                 dataCOMRAM   000001
__pidataBANK0                                 idataBANK0   0007A0
__pidataBANK2                                 idataBANK2   0007F4
__pidataCOMRAM                                idataCOMRAM  0008C0
__pnvCOMRAM                                   nvCOMRAM     000031
__psmallconst                                 smallconst   000600
__ptext0                                      text0        000602
__ptext1                                      text1        000984
__ptext10                                     text10       0009C4
__ptext11                                     text11       0009CE
__ptext12                                     text12       00091E
__ptext13                                     text13       00088C
__ptext14                                     text14       0009D8
__ptext15                                     text15       0009E2
__ptext16                                     text16       0009EC
__ptext17                                     text17       0009AC
__ptext2                                      text2        0009F6
__ptext3                                      text3        000848
__ptext4                                      text4        000998
__ptext5                                      text5        0009FA
__ptext6                                      text6        0009BA
__ptext7                                      text7        00096A
__ptext8                                      text8        0008F0
__ptext9                                      text9        000948
__ramtop                                      ramtop       000600
__smallconst                                  smallconst   000600
_main                                         text0        000602
_timer1ReloadVal                              bssCOMRAM    000046
_tmr0PeriodCount                              bssCOMRAM    000044
end_of_initialization                         cinit        000796
intlevel0                                     text         000000
intlevel1                                     text         000000
intlevel2                                     text         000000
intlevel3                                     text         000000
isa$std                                       (abs)        000001
isa$xinst                                     (abs)        000000
main@F5836                                    dataCOMRAM   000001
main@F5838                                    dataBANK0    000060
main@F5840                                    dataBANK2    000200
main@durations                                cstackBANK1  000154
main@i                                        cstackBANK1  0001D8
main@notes                                    cstackBANK1  000100
main@scale                                    cstackBANK1  0001A8
stackhi                                       (abs)        000000
stacklo                                       (abs)        000000
start                                         init         007FFC
start_initialization                          cinit        00072E


MODULE INFORMATION

Module		Function		Class		Link	Load	Size
mcc_generated_files/timer/src/tmr1.c
		_TMR1_Initialize		CODE           	08F0	0000	46
		_TMR1_OverflowStatusGet		CODE           	0984	0000	20
		_TMR1_OverflowStatusClear		CODE           	09F6	0000	4
		_TMR1_CounterSet		CODE           	0848	0000	68

mcc_generated_files/timer/src/tmr1.c estimated size: 138

mcc_generated_files/system/src/interrupt.c
		_INT0_SetInterruptHandler		CODE           	09EC	0000	10
		_INT1_SetInterruptHandler		CODE           	09E2	0000	10
		_INT2_SetInterruptHandler		CODE           	09D8	0000	10
		_INTERRUPT_Initialize		CODE           	088C	0000	52

mcc_generated_files/system/src/interrupt.c estimated size: 82

mcc_generated_files/system/src/pins.c
		_PIN_MANAGER_Initialize		CODE           	091E	0000	42

mcc_generated_files/system/src/pins.c estimated size: 42

shared
		__initialization		CODE           	072E	0000	104

shared estimated size: 104

mcc_generated_files/system/src/clock.c
		_CLOCK_Initialize		CODE           	09AC	0000	14

mcc_generated_files/system/src/clock.c estimated size: 14

mcc_generated_files/timer/src/tmr0.c
		_TMR0_OverflowStatusGet		CODE           	0998	0000	20
		_TMR0_OverflowCallbackRegister		CODE           	09C4	0000	10
		_TMR0_OverflowStatusClear		CODE           	09FA	0000	4
		_TMR0_CounterSet		CODE           	09BA	0000	10
		_TMR0_Initialize		CODE           	0948	0000	34

mcc_generated_files/timer/src/tmr0.c estimated size: 78

main.c
		_main          		CODE           	0602	0000	300

main.c estimated size: 300

mcc_generated_files/system/src/system.c
		_PMD_Initialize		CODE           	09CE	0000	10
		_SYSTEM_Initialize		CODE           	096A	0000	26

mcc_generated_files/system/src/system.c estimated size: 36

