Microchip MPLAB XC8 Compiler V3.10

Linker command line:

-W-3 --edf=/opt/microchip/xc8/v3.10/pic/dat/20250813170317_en.msgs -cn \
  -h+dist/default/production/lab5.X.production.sym \
  --cmf=dist/default/production/lab5.X.production.cmf -z -Q18F25K22 \
  -o/tmp/xcXlKlcpG/driver_tmp_3.o --defsym=__MPLAB_BUILD=1 \
  --fixupoverflow=error -Mdist/default/production/lab5.X.production.map \
  --md=/tmp/xcXlKlcpG/driver_tmp_0.dat -E1 -ver=XC8 Compiler \
  -ACODE=00h-07FFFh -ACONST=00h-07FFFh -ASMALLCONST=0600h-06FFhx122 \
  -AMEDIUMCONST=0600h-07FFFh -ACOMRAM=01h-05Fh -AABS1=00h-05FFh \
  -ABIGRAM=01h-05FFh -ARAM=060h-0FFh,0100h-01FFhx5 -ABANK0=060h-0FFh \
  -ABANK1=0100h-01FFh -ABANK2=0200h-02FFh -ABANK3=0300h-03FFh \
  -ABANK4=0400h-04FFh -ABANK5=0500h-05FFh -ASFR=0F38h-0F5Fh,0F60h-0FFFh \
  -ABIGSFR=0F38h-0FFFh -ACONFIG=0300000h-030000Dh -AIDLOC=0200000h-0200007h \
  -AEEDATA=0F00000h-0F000FFh -peeprom_data=EEDATA \
  -preset_vec=00h,intcode=8h,intcodelo=18h,sivt_lo,sivt_hi=CODE \
  -ppowerup=CODE,init -pramtop=0600h -psmallconst=SMALLCONST \
  -pmediumconst=MEDIUMCONST -pconst=CONST -AFARRAM=00h-00h \
  -prdata=COMRAM,nvrram=COMRAM,nvbit=COMRAM,rbss=COMRAM,rbit=COMRAM \
  -pfarbss=FARRAM,fardata=FARRAM,nvFARRAM=FARRAM \
  -pintsave_regs=BIGRAM,bigbss=BIGRAM,bigdata=BIGRAM -pbss=RAM \
  -pidata=CODE,irdata=CODE,ibigdata=CODE,ifardata=CODE -prparam=COMRAM \
  /tmp/xcXlKlcpG/driver_tmp_14.o \
  dist/default/production/lab5.X.production.o 

Object code version is 3.11

Machine type is 18F25K22



                Name                               Link     Load   Length Selector   Space Scale
/tmp/xcXlKlcpG/driver_tmp_14.o
                config                           300000   300000        E        0       4
                init                                 6C       6C        4        4       0
                reset_vec                             0        0        4        0       0
dist/default/production/lab5.X.production.o
                intcode                               8        8       64        4       0
                config                           300000   300000        E        0       4
                mediumconst                        7CB2     7CB2      34E     3E59       0
                text38                              B4E      B4E       38        4       0
                text37                              B16      B16       38        4       0
                text36                              A6C      A6C       3A        4       0
                text35                              82C      82C       9E        4       0
                text34                              DFE      DFE        2        4       0
                text33                              B86      B86       36        4       0
                text31                              ADE      ADE       38        4       0
                text30                              AA6      AA6       38        4       0
                text29                              A32      A32       3A        4       0
                text28                              D9A      D9A       14        4       0
                text27                              DFC      DFC        2        4       0
                text26                              DF4      DF4        6        4       0
                text25                              8CA      8CA       7E        4       0
                text24                              DAE      DAE        E        4       0
                text23                              D82      D82       18        4       0
                text22                              D6A      D6A       18        4       0
                text21                              D52      D52       18        4       0
                text20                              D1E      D1E       1C        4       0
                text19                              D02      D02       1C        4       0
                text18                              BF0      BF0       34        4       0
                text17                              DE4      DE4        A        4       0
                text16                              DDA      DDA        A        4       0
                text15                              DD0      DD0        A        4       0
                text14                              BBC      BBC       34        4       0
                text13                              C24      C24       2E        4       0
                text12                              DC6      DC6        A        4       0
                text11                              C9E      C9E       26        4       0
                text10                              D3A      D3A       18        4       0
                text9                               C78      C78       26        4       0
                text8                               DBC      DBC        A        4       0
                text7                               C52      C52       26        4       0
                text6                               DEE      DEE        6        4       0
                text5                               CC4      CC4       20        4       0
                text4                               762      762       CA        4       0
                text3                               57C      57C      1E6        4       0
                text2                               9EE      9EE       44        4       0
                text1                               CE4      CE4       1E        4       0
                text0                                70       70      50C        4       0
                cstackCOMRAM                          2        2       31        2       1
                cstackBANK0                          C8       C8        E       60       1
                dataBANK0                            60       60       48       60       1
                bssBANK0                             A8       A8       20       60       1
                dataCOMRAM                           4F       4F        2        2       1
                bssCOMRAM                            33       33       1A        2       1
                cinit                               948      948       5E        4       0
                nvBANK0                              D6       D6        2       60       1
                nvCOMRAM                             4D       4D        2        2       1
                idataBANK0                          9A6      9A6       48        4       0
                idataCOMRAM                         DFA      DFA        2        4       0

TOTAL           Name                               Link     Load   Length     Space
        CLASS   CODE           
                intcode                               8        8       64         0
                init                                 6C       6C        4         0
                reset_vec                             0        0        4         0
                text38                              B4E      B4E       38         0
                text37                              B16      B16       38         0
                text36                              A6C      A6C       3A         0
                text35                              82C      82C       9E         0
                text34                              DFE      DFE        2         0
                text33                              B86      B86       36         0
                text31                              ADE      ADE       38         0
                text30                              AA6      AA6       38         0
                text29                              A32      A32       3A         0
                text28                              D9A      D9A       14         0
                text27                              DFC      DFC        2         0
                text26                              DF4      DF4        6         0
                text25                              8CA      8CA       7E         0
                text24                              DAE      DAE        E         0
                text23                              D82      D82       18         0
                text22                              D6A      D6A       18         0
                text21                              D52      D52       18         0
                text20                              D1E      D1E       1C         0
                text19                              D02      D02       1C         0
                text18                              BF0      BF0       34         0
                text17                              DE4      DE4        A         0
                text16                              DDA      DDA        A         0
                text15                              DD0      DD0        A         0
                text14                              BBC      BBC       34         0
                text13                              C24      C24       2E         0
                text12                              DC6      DC6        A         0
                text11                              C9E      C9E       26         0
                text10                              D3A      D3A       18         0
                text9                               C78      C78       26         0
                text8                               DBC      DBC        A         0
                text7                               C52      C52       26         0
                text6                               DEE      DEE        6         0
                text5                               CC4      CC4       20         0
                text4                               762      762       CA         0
                text3                               57C      57C      1E6         0
                text2                               9EE      9EE       44         0
                text1                               CE4      CE4       1E         0
                text0                                70       70      50C         0
                cinit                               948      948       5E         0
                idataBANK0                          9A6      9A6       48         0
                idataCOMRAM                         DFA      DFA        2         0

        CLASS   CONST          

        CLASS   SMALLCONST     

        CLASS   MEDIUMCONST    
                mediumconst                        7CB2     7CB2      34E         0

        CLASS   COMRAM         
                cstackCOMRAM                          2        2       31         1
                dataCOMRAM                           4F       4F        2         1
                bssCOMRAM                            33       33       1A         1
                nvCOMRAM                             4D       4D        2         1

        CLASS   ABS1           
                abs_s1                                1        1        1         1

        CLASS   BIGRAM         

        CLASS   RAM            

        CLASS   BANK0          
                cstackBANK0                          C8       C8        E         1
                dataBANK0                            60       60       48         1
                bssBANK0                             A8       A8       20         1
                nvBANK0                              D6       D6        2         1

        CLASS   BANK1          

        CLASS   BANK2          

        CLASS   BANK3          

        CLASS   BANK4          

        CLASS   BANK5          

        CLASS   SFR            

        CLASS   BIGSFR         

        CLASS   CONFIG         
                config                           300000   300000        E         4

        CLASS   IDLOC          

        CLASS   EEDATA         

        CLASS   FARRAM         

        CLASS   HEAP           

        CLASS   STACK          



SEGMENTS        Name                           Load    Length   Top    Selector   Space  Class

                reset_vec                      000000  000004  000004         0       0  CODE    
                dataBANK0                      000060  000078  0000D8        60       1  BANK0   
                cstackCOMRAM                   000002  00004F  000051         2       1  COMRAM  
                intcode                        000008  000DF8  000E00         4       0  CODE    
                mediumconst                    007CB2  00034E  008000      3E59       0  MEDIUMCO


UNUSED ADDRESS RANGES

        Name                Unused          Largest block    Delta
        BANK0            0000D8-0000FF               28
        BANK1            000100-0001FF              100
        BANK2            000200-0002FF              100
        BANK3            000300-0003FF              100
        BANK4            000400-0004FF              100
        BANK5            000500-0005FF              100
        BIGRAM           000051-00005F                F
                         0000D8-0005FF              528
        BIGSFR           000F38-000FFF               C8
        CODE             000004-000007                4
                         000E00-007CB1             6EB2
        COMRAM           000051-00005F                F
        CONST            000004-000007                4
                         000E00-007CB1             6EB2
        EEDATA           F00000-F000FF              100
        IDLOC            200000-200007                8
        MEDIUMCONST      000E00-007CB1             6EB2
        RAM              0000D8-0005FF              100
        SFR              000F38-000FFF               28
        SMALLCONST       000E00-007CB1              100

                                  Symbol Table

?_printf                                             cstackCOMRAM 00002C
?_vfprintf                                           cstackCOMRAM 000025
ECCP1_LoadDutyValue@dutyValue                        cstackCOMRAM 00000C
ECCP2_LoadDutyValue@dutyValue                        cstackCOMRAM 00000C
ECCP3_LoadDutyValue@dutyValue                        cstackCOMRAM 00000C
EUSART1_FramingErrorCallbackRegister@callbackHandler cstackCOMRAM 00000C
EUSART1_OverrunErrorCallbackRegister@callbackHandler cstackCOMRAM 00000C
EUSART1_Write@txData                                 cstackCOMRAM 00000C
INT0_SetInterruptHandler@InterruptHandler            cstackCOMRAM 00000C
INT1_SetInterruptHandler@InterruptHandler            cstackCOMRAM 00000C
INT2_SetInterruptHandler@InterruptHandler            cstackCOMRAM 00000C
TMR0_OverflowCallbackRegister@callbackHandler        cstackCOMRAM 00000C
TMR0_PeriodSet@periodCount                           cstackCOMRAM 00000C
_ANSELA                                              (abs)        000F38
_ANSELB                                              (abs)        000F39
_ANSELC                                              (abs)        000F3A
_BAUDCON1                                            (abs)        000FB8
_BAUDCON1bits                                        (abs)        000FB8
_CCP1CON                                             (abs)        000FBD
_CCP2CON                                             (abs)        000F66
_CCP3CON                                             (abs)        000F5D
_CCPR1H                                              (abs)        000FBF
_CCPR1L                                              (abs)        000FBE
_CCPR2H                                              (abs)        000F68
_CCPR2L                                              (abs)        000F67
_CCPR3H                                              (abs)        000F5F
_CCPR3L                                              (abs)        000F5E
_CCPTMRS0bits                                        (abs)        000F49
_CLOCK_Initialize                                    text24       000DAE
_ECCP1AS                                             (abs)        000FB6
_ECCP1_Initialize                                    text23       000D82
_ECCP1_LoadDutyValue                                 text31       000ADE
_ECCP2AS                                             (abs)        000F64
_ECCP2_Initialize                                    text22       000D6A
_ECCP2_LoadDutyValue                                 text30       000AA6
_ECCP3AS                                             (abs)        000F5B
_ECCP3_Initialize                                    text21       000D52
_ECCP3_LoadDutyValue                                 text29       000A32
_EUSART1_AutoBaudQuery                               (abs)        000000
_EUSART1_AutoBaudSet                                 (abs)        000000
_EUSART1_DefaultFramingErrorCallback                 text27       000DFC
_EUSART1_DefaultOverrunErrorCallback                 text26       000DF4
_EUSART1_Deinitialize                                (abs)        000000
_EUSART1_ErrorGet                                    (abs)        000000
_EUSART1_FramingErrorCallbackRegister                text20       000D1E
_EUSART1_FramingErrorHandler                         bssCOMRAM    00003D
_EUSART1_Initialize                                  text18       000BF0
_EUSART1_IsRxReady                                   text28       000D9A
_EUSART1_IsTxDone                                    (abs)        000000
_EUSART1_IsTxReady                                   text7        000C52
_EUSART1_IsTxReady$1261                              cstackCOMRAM 00000C
_EUSART1_OverrunErrorCallbackRegister                text19       000D02
_EUSART1_OverrunErrorHandler                         bssCOMRAM    00003B
_EUSART1_Read                                        text25       0008CA
_EUSART1_TransmitDisable                             (abs)        000000
_EUSART1_TransmitEnable                              (abs)        000000
_EUSART1_Write                                       text6        000DEE
_INT0_DefaultInterruptHandler                        (abs)        000000
_INT0_InterruptHandler                               bssCOMRAM    000047
_INT0_SetInterruptHandler                            text17       000DE4
_INT1_DefaultInterruptHandler                        (abs)        000000
_INT1_InterruptHandler                               bssCOMRAM    000045
_INT1_SetInterruptHandler                            text16       000DDA
_INT2_DefaultInterruptHandler                        (abs)        000000
_INT2_InterruptHandler                               bssCOMRAM    000043
_INT2_SetInterruptHandler                            text15       000DD0
_INTCON2bits                                         (abs)        000FF1
_INTCON3bits                                         (abs)        000FF0
_INTCONbits                                          (abs)        000FF2
_INTERRUPT_Initialize                                text14       000BBC
_INTERRUPT_InterruptManager                          intcode      000008
_IOCB                                                (abs)        000F62
_LATA                                                (abs)        000F89
_LATB                                                (abs)        000F8A
_LATC                                                (abs)        000F8B
_OSCCON                                              (abs)        000FD3
_OSCCON2                                             (abs)        000FD2
_OSCTUNE                                             (abs)        000F9B
_PIE1bits                                            (abs)        000F9D
_PIN_MANAGER_Initialize                              text13       000C24
_PIR1bits                                            (abs)        000F9E
_PR2                                                 (abs)        000FBB
_PSTR1CON                                            (abs)        000FB9
_PSTR2CON                                            (abs)        000F63
_PSTR3CON                                            (abs)        000F5A
_PWM1CON                                             (abs)        000FB7
_PWM2CON                                             (abs)        000F65
_PWM3CON                                             (abs)        000F5C
_RCONbits                                            (abs)        000FD0
_RCREG1                                              (abs)        000FAE
_RCSTA1                                              (abs)        000FAB
_RCSTA1bits                                          (abs)        000FAB
_SPBRG1                                              (abs)        000FAF
_SPBRGH1                                             (abs)        000FB0
_SYSTEM_Initialize                                   text9        000C78
_T0CON                                               (abs)        000FD5
_T0CONbits                                           (abs)        000FD5
_T2CON                                               (abs)        000FBA
_T2CONbits                                           (abs)        000FBA
_TMR0H                                               (abs)        000FD7
_TMR0L                                               (abs)        000FD6
_TMR0_DefaultOverflowCallback                        text34       000DFE
_TMR0_Initialize                                     text11       000C9E
_TMR0_OverflowCallback                               nvCOMRAM     00004D
_TMR0_OverflowCallbackRegister                       text12       000DC6
_TMR0_OverflowISR                                    text33       000B86
_TMR0_PeriodSet                                      text8        000DBC
_TMR2                                                (abs)        000FBC
_TMR2_DefaultPeriodMatchCallback                     (abs)        000000
_TMR2_Initialize                                     text10       000D3A
_TMR2_PeriodMatchCallback                            nvBANK0      0000D6
_TRISA                                               (abs)        000F92
_TRISB                                               (abs)        000F93
_TRISC                                               (abs)        000F94
_TRISE                                               (abs)        000F96
_TXREG1                                              (abs)        000FAD
_TXSTA1                                              (abs)        000FAC
_TXSTA1bits                                          (abs)        000FAC
_UART1                                               mediumconst  007CB3
_WPUB                                                (abs)        000F61
__HRAM                                               (abs)        000000
__H__absolute__                                      __absolute__ 000000
__Habs1                                              abs1         000000
__Hbank0                                             bank0        000000
__Hbank1                                             bank1        000000
__Hbank2                                             bank2        000000
__Hbank3                                             bank3        000000
__Hbank4                                             bank4        000000
__Hbank5                                             bank5        000000
__Hbigbss                                            bigbss       000000
__Hbigdata                                           bigdata      000000
__Hbigram                                            bigram       000000
__Hbigsfr                                            bigsfr       000000
__Hbss                                               bss          000000
__HbssBANK0                                          bssBANK0     000000
__HbssCOMRAM                                         bssCOMRAM    000000
__Hcinit                                             cinit        000000
__Hclrtext                                           clrtext      000000
__Hcomram                                            comram       000000
__Hconfig                                            config       30000E
__Hconst                                             const        000000
__HcstackBANK0                                       cstackBANK0  000000
__HcstackCOMRAM                                      cstackCOMRAM 000000
__Hdata                                              data         000000
__HdataBANK0                                         dataBANK0    000000
__HdataCOMRAM                                        dataCOMRAM   000000
__Heeprom_data                                       eeprom_data  000000
__Hfarbss                                            farbss       000000
__Hfardata                                           fardata      000000
__Hheap                                              heap         000000
__Hibigdata                                          ibigdata     000000
__Hidata                                             idata        000000
__HidataBANK0                                        idataBANK0   000000
__HidataCOMRAM                                       idataCOMRAM  000000
__Hidloc                                             idloc        000000
__Hifardata                                          ifardata     000000
__Hinit                                              init         000070
__Hintcode                                           intcode      00006C
__Hintcode_body                                      intcode_body 000000
__Hintcodelo                                         intcodelo    000018
__Hintentry                                          intentry     000000
__Hintret                                            intret       000000
__Hintsave_regs                                      intsave_regs 000000
__Hirdata                                            irdata       000000
__Hmediumconst                                       mediumconst  008000
__HnvBANK0                                           nvBANK0      000000
__HnvCOMRAM                                          nvCOMRAM     000000
__HnvFARRAM                                          nvFARRAM     000000
__Hnvbit                                             nvbit        000000
__Hnvrram                                            nvrram       000000
__Hparam                                             rparam       000000
__Hpowerup                                           powerup      000000
__Hram                                               ram          000000
__Hramtop                                            ramtop       000600
__Hrbit                                              rbit         000000
__Hrbss                                              rbss         000000
__Hrdata                                             rdata        000000
__Hreset_vec                                         reset_vec    000004
__Hrparam                                            rparam       000000
__Hsfr                                               sfr          000000
__Hsivt_hi                                           sivt_hi      000000
__Hsivt_lo                                           sivt_lo      000018
__Hsmallconst                                        smallconst   000000
__Hspace_0                                           (abs)        008000
__Hspace_1                                           (abs)        0000D8
__Hspace_2                                           (abs)        000000
__Hspace_4                                           (abs)        60000E
__Hstack                                             stack        000000
__Hstruct                                            struct       000000
__Htemp                                              temp         000000
__Htext                                              text         000000
__Htext0                                             text0        000000
__Htext1                                             text1        000000
__Htext10                                            text10       000000
__Htext11                                            text11       000000
__Htext12                                            text12       000000
__Htext13                                            text13       000000
__Htext14                                            text14       000000
__Htext15                                            text15       000000
__Htext16                                            text16       000000
__Htext17                                            text17       000000
__Htext18                                            text18       000000
__Htext19                                            text19       000000
__Htext2                                             text2        000000
__Htext20                                            text20       000000
__Htext21                                            text21       000000
__Htext22                                            text22       000000
__Htext23                                            text23       000000
__Htext24                                            text24       000000
__Htext25                                            text25       000000
__Htext26                                            text26       000000
__Htext27                                            text27       000000
__Htext28                                            text28       000000
__Htext29                                            text29       000000
__Htext3                                             text3        000000
__Htext30                                            text30       000000
__Htext31                                            text31       000000
__Htext33                                            text33       000000
__Htext34                                            text34       000000
__Htext35                                            text35       000000
__Htext36                                            text36       000000
__Htext37                                            text37       000000
__Htext38                                            text38       000000
__Htext4                                             text4        000000
__Htext5                                             text5        000000
__Htext6                                             text6        000000
__Htext7                                             text7        000000
__Htext8                                             text8        000000
__Htext9                                             text9        000000
__LRAM                                               (abs)        000001
__L__absolute__                                      __absolute__ 000000
__Labs1                                              abs1         000000
__Lbank0                                             bank0        000000
__Lbank1                                             bank1        000000
__Lbank2                                             bank2        000000
__Lbank3                                             bank3        000000
__Lbank4                                             bank4        000000
__Lbank5                                             bank5        000000
__Lbigbss                                            bigbss       000000
__Lbigdata                                           bigdata      000000
__Lbigram                                            bigram       000000
__Lbigsfr                                            bigsfr       000000
__Lbss                                               bss          000000
__LbssBANK0                                          bssBANK0     000000
__LbssCOMRAM                                         bssCOMRAM    000000
__Lcinit                                             cinit        000000
__Lclrtext                                           clrtext      000000
__Lcomram                                            comram       000000
__Lconfig                                            config       000000
__Lconst                                             const        000000
__LcstackBANK0                                       cstackBANK0  000000
__LcstackCOMRAM                                      cstackCOMRAM 000000
__Ldata                                              data         000000
__LdataBANK0                                         dataBANK0    000000
__LdataCOMRAM                                        dataCOMRAM   000000
__Leeprom_data                                       eeprom_data  000000
__Lfarbss                                            farbss       000000
__Lfardata                                           fardata      000000
__Lheap                                              heap         000000
__Libigdata                                          ibigdata     000000
__Lidata                                             idata        000000
__LidataBANK0                                        idataBANK0   000000
__LidataCOMRAM                                       idataCOMRAM  000000
__Lidloc                                             idloc        000000
__Lifardata                                          ifardata     000000
__Linit                                              init         00006C
__Lintcode                                           intcode      000008
__Lintcode_body                                      intcode_body 000000
__Lintcodelo                                         intcodelo    000018
__Lintentry                                          intentry     000000
__Lintret                                            intret       000000
__Lintsave_regs                                      intsave_regs 000000
__Lirdata                                            irdata       000000
__Lmediumconst                                       mediumconst  007CB2
__LnvBANK0                                           nvBANK0      000000
__LnvCOMRAM                                          nvCOMRAM     000000
__LnvFARRAM                                          nvFARRAM     000000
__Lnvbit                                             nvbit        000000
__Lnvrram                                            nvrram       000000
__Lparam                                             rparam       000000
__Lpowerup                                           powerup      000000
__Lram                                               ram          000000
__Lramtop                                            ramtop       000600
__Lrbit                                              rbit         000000
__Lrbss                                              rbss         000000
__Lrdata                                             rdata        000000
__Lreset_vec                                         reset_vec    000000
__Lrparam                                            rparam       000000
__Lsfr                                               sfr          000000
__Lsivt_hi                                           sivt_hi      000000
__Lsivt_lo                                           sivt_lo      000018
__Lsmallconst                                        smallconst   000000
__Lspace_0                                           (abs)        000000
__Lspace_1                                           (abs)        000000
__Lspace_2                                           (abs)        000000
__Lspace_4                                           (abs)        000000
__Lstack                                             stack        000000
__Lstruct                                            struct       000000
__Ltemp                                              temp         000000
__Ltext                                              text         000000
__Ltext0                                             text0        000000
__Ltext1                                             text1        000000
__Ltext10                                            text10       000000
__Ltext11                                            text11       000000
__Ltext12                                            text12       000000
__Ltext13                                            text13       000000
__Ltext14                                            text14       000000
__Ltext15                                            text15       000000
__Ltext16                                            text16       000000
__Ltext17                                            text17       000000
__Ltext18                                            text18       000000
__Ltext19                                            text19       000000
__Ltext2                                             text2        000000
__Ltext20                                            text20       000000
__Ltext21                                            text21       000000
__Ltext22                                            text22       000000
__Ltext23                                            text23       000000
__Ltext24                                            text24       000000
__Ltext25                                            text25       000000
__Ltext26                                            text26       000000
__Ltext27                                            text27       000000
__Ltext28                                            text28       000000
__Ltext29                                            text29       000000
__Ltext3                                             text3        000000
__Ltext30                                            text30       000000
__Ltext31                                            text31       000000
__Ltext33                                            text33       000000
__Ltext34                                            text34       000000
__Ltext35                                            text35       000000
__Ltext36                                            text36       000000
__Ltext37                                            text37       000000
__Ltext38                                            text38       000000
__Ltext4                                             text4        000000
__Ltext5                                             text5        000000
__Ltext6                                             text6        000000
__Ltext7                                             text7        000000
__Ltext8                                             text8        000000
__Ltext9                                             text9        000000
__S0                                                 (abs)        008000
__S1                                                 (abs)        0000D8
__S4                                                 (abs)        000000
__S5                                                 (abs)        000000
___heap_hi                                           (abs)        000000
___heap_lo                                           (abs)        000000
___inthi_sp                                          stack        000000
___inthi_stack_hi                                    stack        000000
___inthi_stack_lo                                    stack        000000
___intlo_sp                                          stack        000000
___intlo_stack_hi                                    stack        000000
___intlo_stack_lo                                    stack        000000
___param_bank                                        (abs)        000000
___rparam_used                                       (abs)        000001
___sp                                                stack        000000
___stack_hi                                          stack        000000
___stack_lo                                          stack        000000
__accesstop                                          (abs)        000060
__activetblptr                                       (abs)        000002
__end_of_CLOCK_Initialize                            text24       000DBC
__end_of_ECCP1_Initialize                            text23       000D9A
__end_of_ECCP1_LoadDutyValue                         text31       000B16
__end_of_ECCP2_Initialize                            text22       000D82
__end_of_ECCP2_LoadDutyValue                         text30       000ADE
__end_of_ECCP3_Initialize                            text21       000D6A
__end_of_ECCP3_LoadDutyValue                         text29       000A6C
__end_of_EUSART1_DefaultFramingErrorCallback         text27       000DFE
__end_of_EUSART1_DefaultOverrunErrorCallback         text26       000DFA
__end_of_EUSART1_FramingErrorCallbackRegister        text20       000D3A
__end_of_EUSART1_Initialize                          text18       000C24
__end_of_EUSART1_IsRxReady                           text28       000DAE
__end_of_EUSART1_IsTxReady                           text7        000C78
__end_of_EUSART1_OverrunErrorCallbackRegister        text19       000D1E
__end_of_EUSART1_Read                                text25       000948
__end_of_EUSART1_Write                               text6        000DF4
__end_of_INT0_SetInterruptHandler                    text17       000DEE
__end_of_INT1_SetInterruptHandler                    text16       000DE4
__end_of_INT2_SetInterruptHandler                    text15       000DDA
__end_of_INTERRUPT_Initialize                        text14       000BF0
__end_of_INTERRUPT_InterruptManager                  intcode      00006C
__end_of_PIN_MANAGER_Initialize                      text13       000C52
__end_of_SYSTEM_Initialize                           text9        000C9E
__end_of_TMR0_DefaultOverflowCallback                text34       000E00
__end_of_TMR0_Initialize                             text11       000CC4
__end_of_TMR0_OverflowCallbackRegister               text12       000DD0
__end_of_TMR0_OverflowISR                            text33       000BBC
__end_of_TMR0_PeriodSet                              text8        000DC6
__end_of_TMR2_Initialize                             text10       000D52
__end_of_UART1                                       mediumconst  007CE3
__end_of__initialization                             cinit        000998
__end_of_fputc                                       text4        00082C
__end_of_main                                        text0        00057C
__end_of_printf                                      text1        000D02
__end_of_putch                                       text5        000CE4
__end_of_timer0ISR                                   text35       0008CA
__end_of_vfpfcnvrt                                   text3        000762
__end_of_vfprintf                                    text2        000A32
__end_ofi2_ECCP1_LoadDutyValue                       text38       000B86
__end_ofi2_ECCP2_LoadDutyValue                       text37       000B4E
__end_ofi2_ECCP3_LoadDutyValue                       text36       000AA6
__initialization                                     cinit        000948
__mediumconst                                        mediumconst  007CB2
__pbssBANK0                                          bssBANK0     0000A8
__pbssCOMRAM                                         bssCOMRAM    000033
__pcinit                                             cinit        000948
__pcstackBANK0                                       cstackBANK0  0000C8
__pcstackCOMRAM                                      cstackCOMRAM 000002
__pdataBANK0                                         dataBANK0    000060
__pdataCOMRAM                                        dataCOMRAM   00004F
__pidataBANK0                                        idataBANK0   0009A6
__pidataCOMRAM                                       idataCOMRAM  000DFA
__pintcode                                           intcode      000008
__pmediumconst                                       mediumconst  007CB2
__pnvBANK0                                           nvBANK0      0000D6
__pnvCOMRAM                                          nvCOMRAM     00004D
__ptext0                                             text0        000070
__ptext1                                             text1        000CE4
__ptext10                                            text10       000D3A
__ptext11                                            text11       000C9E
__ptext12                                            text12       000DC6
__ptext13                                            text13       000C24
__ptext14                                            text14       000BBC
__ptext15                                            text15       000DD0
__ptext16                                            text16       000DDA
__ptext17                                            text17       000DE4
__ptext18                                            text18       000BF0
__ptext19                                            text19       000D02
__ptext2                                             text2        0009EE
__ptext20                                            text20       000D1E
__ptext21                                            text21       000D52
__ptext22                                            text22       000D6A
__ptext23                                            text23       000D82
__ptext24                                            text24       000DAE
__ptext25                                            text25       0008CA
__ptext26                                            text26       000DF4
__ptext27                                            text27       000DFC
__ptext28                                            text28       000D9A
__ptext29                                            text29       000A32
__ptext3                                             text3        00057C
__ptext30                                            text30       000AA6
__ptext31                                            text31       000ADE
__ptext33                                            text33       000B86
__ptext34                                            text34       000DFE
__ptext35                                            text35       00082C
__ptext36                                            text36       000A6C
__ptext37                                            text37       000B16
__ptext38                                            text38       000B4E
__ptext4                                             text4        000762
__ptext5                                             text5        000CC4
__ptext6                                             text6        000DEE
__ptext7                                             text7        000C52
__ptext8                                             text8        000DBC
__ptext9                                             text9        000C78
__ramtop                                             ramtop       000600
__smallconst                                         mediumconst  007CB2
_colorTour                                           bssCOMRAM    00004C
_dbuf                                                bssBANK0     0000A8
_deltaBlu                                            dataBANK0    000084
_deltaGre                                            dataBANK0    000090
_deltaRed                                            dataBANK0    00009C
_eusart1RxLastError                                  bssCOMRAM    00003F
_flags                                               bssCOMRAM    000049
_fputc                                               text4        000762
_initBlu                                             dataBANK0    000060
_initGre                                             dataBANK0    00006C
_initRed                                             dataBANK0    000078
_main                                                text0        000070
_prec                                                bssCOMRAM    000035
_printf                                              text1        000CE4
_putch                                               text5        000CC4
_timer0ISR                                           text35       00082C
_tmr0PeriodCount                                     bssCOMRAM    000041
_vfpfcnvrt                                           text3        00057C
_vfprintf                                            text2        0009EE
_width                                               bssCOMRAM    000033
btemp                                                (abs)        000001
btemp0                                               (abs)        000001
btemp1                                               (abs)        000002
end_of_initialization                                cinit        000998
fputc@c                                              cstackCOMRAM 00000E
fputc@fp                                             cstackCOMRAM 000010
i2ECCP1_LoadDutyValue@dutyValue                      cstackCOMRAM 000002
i2ECCP2_LoadDutyValue@dutyValue                      cstackCOMRAM 000002
i2ECCP3_LoadDutyValue@dutyValue                      cstackCOMRAM 000002
i2_ECCP1_LoadDutyValue                               text38       000B4E
i2_ECCP2_LoadDutyValue                               text37       000B16
i2_ECCP3_LoadDutyValue                               text36       000A6C
int$flags                                            (abs)        000001
intlevel0                                            text         000000
intlevel1                                            text         000000
intlevel2                                            text         000000
intlevel3                                            text         000000
isa$std                                              (abs)        000001
isa$xinst                                            (abs)        000000
main@blueDuty                                        cstackBANK0  0000D4
main@cmd                                             cstackBANK0  0000CA
main@currentPeriod                                   cstackBANK0  0000CD
main@greenDuty                                       cstackBANK0  0000D2
main@i                                               cstackBANK0  0000CF
main@maxColorSpeed                                   cstackBANK0  0000C8
main@redDuty                                         cstackBANK0  0000D0
main@twoHundRaw                                      cstackBANK0  0000CB
printf@ap                                            cstackCOMRAM 000030
printf@fmt                                           cstackCOMRAM 00002C
putch@txData                                         cstackCOMRAM 00000D
stackhi                                              (abs)        000000
stacklo                                              (abs)        000000
start                                                init         00006C
start_initialization                                 cinit        000948
timer0ISR@currentBlueValue                           dataCOMRAM   00004F
timer0ISR@currentCubeIndex                           bssCOMRAM    00004B
timer0ISR@currentGreenValue                          bssCOMRAM    000037
timer0ISR@currentIntraIndex                          bssCOMRAM    00004A
timer0ISR@currentRedValue                            bssCOMRAM    000039
vfpfcnvrt@ap                                         cstackCOMRAM 00001A
vfpfcnvrt@c                                          cstackCOMRAM 000024
vfpfcnvrt@convarg                                    cstackCOMRAM 00001D
vfpfcnvrt@cp                                         cstackCOMRAM 000022
vfpfcnvrt@fmt                                        cstackCOMRAM 000019
vfpfcnvrt@fp                                         cstackCOMRAM 000017
vfpfcnvrt@x                                          cstackCOMRAM 000021
vfprintf@ap                                          cstackCOMRAM 000029
vfprintf@cfmt                                        cstackCOMRAM 00002A
vfprintf@fmt                                         cstackCOMRAM 000027
vfprintf@fp                                          cstackCOMRAM 000025


MODULE INFORMATION

Module		Function		Class		Link	Load	Size
mcc_generated_files/pwm/src/eccp3.c
		_ECCP3_LoadDutyValue		CODE           	0A32	0000	58
		_ECCP3_Initialize		CODE           	0D52	0000	24

mcc_generated_files/pwm/src/eccp3.c estimated size: 82

mcc_generated_files/pwm/src/eccp1.c
		_ECCP1_LoadDutyValue		CODE           	0ADE	0000	56
		_ECCP1_Initialize		CODE           	0D82	0000	24

mcc_generated_files/pwm/src/eccp1.c estimated size: 80

/opt/microchip/xc8/v3.10/pic/sources/c99/common/nf_fputc.c
		_fputc         		CODE           	0762	0000	202

/opt/microchip/xc8/v3.10/pic/sources/c99/common/nf_fputc.c estimated size: 202

mcc_generated_files/system/src/interrupt.c
		_INT0_SetInterruptHandler		CODE           	0DE4	0000	10
		_INT1_SetInterruptHandler		CODE           	0DDA	0000	10
		_INT2_SetInterruptHandler		CODE           	0DD0	0000	10
		_INTERRUPT_Initialize		CODE           	0BBC	0000	52
		_INTERRUPT_InterruptManager		CODE           	0008	0000	100

mcc_generated_files/system/src/interrupt.c estimated size: 182

/opt/microchip/xc8/v3.10/pic/sources/c99/common/doprnt.c
		_vfpfcnvrt     		CODE           	057C	0000	486
		_vfprintf      		CODE           	09EE	0000	68

/opt/microchip/xc8/v3.10/pic/sources/c99/common/doprnt.c estimated size: 554

mcc_generated_files/pwm/src/eccp2.c
		_ECCP2_LoadDutyValue		CODE           	0AA6	0000	56
		_ECCP2_Initialize		CODE           	0D6A	0000	24

mcc_generated_files/pwm/src/eccp2.c estimated size: 80

mcc_generated_files/system/src/pins.c
		_PIN_MANAGER_Initialize		CODE           	0C24	0000	46

mcc_generated_files/system/src/pins.c estimated size: 46

shared
		i2_ECCP2_LoadDutyValue		CODE           	0B16	0000	56
		__initialization		CODE           	0948	0000	80
		i2_ECCP1_LoadDutyValue		CODE           	0B4E	0000	56
		_UART1         		MEDIUMCONST    	7CB3	0000	48
		i2_ECCP3_LoadDutyValue		CODE           	0A6C	0000	58

shared estimated size: 298

mcc_generated_files/timer/src/tmr2.c
		_TMR2_Initialize		CODE           	0D3A	0000	24

mcc_generated_files/timer/src/tmr2.c estimated size: 24

mcc_generated_files/system/src/clock.c
		_CLOCK_Initialize		CODE           	0DAE	0000	14

mcc_generated_files/system/src/clock.c estimated size: 14

mcc_generated_files/timer/src/tmr0.c
		_TMR0_OverflowCallbackRegister		CODE           	0DC6	0000	10
		_TMR0_DefaultOverflowCallback		CODE           	0DFE	0000	2
		_TMR0_OverflowISR		CODE           	0B86	0000	54
		_TMR0_PeriodSet		CODE           	0DBC	0000	10
		_TMR0_Initialize		CODE           	0C9E	0000	38

mcc_generated_files/timer/src/tmr0.c estimated size: 114

/opt/microchip/xc8/v3.10/pic/sources/c99/common/printf.c
		_printf        		CODE           	0CE4	0000	30

/opt/microchip/xc8/v3.10/pic/sources/c99/common/printf.c estimated size: 30

main.c
		_timer0ISR     		CODE           	082C	0000	158
		_main          		CODE           	0070	0000	1292

main.c estimated size: 1450

mcc_generated_files/uart/src/eusart1.c
		_EUSART1_Initialize		CODE           	0BF0	0000	52
		_putch         		CODE           	0CC4	0000	32
		_EUSART1_DefaultFramingErrorCallback		CODE           	0DFC	0000	2
		_EUSART1_Read  		CODE           	08CA	0000	126
		_EUSART1_Write 		CODE           	0DEE	0000	6
		_EUSART1_FramingErrorCallbackRegister		CODE           	0D1E	0000	28
		_EUSART1_IsRxReady		CODE           	0D9A	0000	20
		_EUSART1_IsTxReady		CODE           	0C52	0000	38
		_EUSART1_OverrunErrorCallbackRegister		CODE           	0D02	0000	28
		_EUSART1_DefaultOverrunErrorCallback		CODE           	0DF4	0000	6

mcc_generated_files/uart/src/eusart1.c estimated size: 338

mcc_generated_files/system/src/system.c
		_SYSTEM_Initialize		CODE           	0C78	0000	38

mcc_generated_files/system/src/system.c estimated size: 38

